[0.005s][info][gc,init] CardTable entry size: 512
[0.005s][info][gc     ] Using Parallel
[0.007s][info][gc,init] Version: 21.0.6+7-LTS (release)
[0.007s][info][gc,init] CPUs: 4 total, 4 available
[0.007s][info][gc,init] Memory: 15991M
[0.007s][info][gc,init] Large Page Support: Disabled
[0.007s][info][gc,init] NUMA Support: Disabled
[0.007s][info][gc,init] Compressed Oops: Enabled (Zero based)
[0.007s][info][gc,init] Alignments: Space 512K, Generation 512K, Heap 2M
[0.007s][info][gc,init] Heap Min Capacity: 2054M
[0.007s][info][gc,init] Heap Initial Capacity: 2054M
[0.007s][info][gc,init] Heap Max Capacity: 5G
[0.007s][info][gc,init] Pre-touch: Disabled
[0.007s][info][gc,init] Parallel Workers: 4
[0.026s][info][gc,metaspace] CDS archive(s) mapped at: [0x00007fb05d000000-0x00007fb05dc97000-0x00007fb05dc97000), size 13201408, SharedBaseAddress: 0x00007fb05d000000, ArchiveRelocationMode: 1.
[0.026s][info][gc,metaspace] Compressed class space mapped at: 0x00007fb05e000000-0x00007fb09e000000, reserved size: 1073741824
[0.026s][info][gc,metaspace] Narrow klass base: 0x00007fb05d000000, Narrow klass shift: 0, Narrow klass range: 0x100000000
[0.280s][info][safepoint   ] Safepoint "ICBufferFull", Time since last: 246207945 ns, Reaching safepoint: 83604 ns, Cleanup: 92705 ns, At safepoint: 11500 ns, Total: 187809 ns
[0.490s][info][safepoint   ] Safepoint "RedefineClasses", Time since last: 202552938 ns, Reaching safepoint: 368519 ns, Cleanup: 120006 ns, At safepoint: 7552982 ns, Total: 8041507 ns
[0.628s][info][safepoint   ] Safepoint "JFRCheckpoint", Time since last: 137989175 ns, Reaching safepoint: 83604 ns, Cleanup: 45202 ns, At safepoint: 10001 ns, Total: 138807 ns
[1.439s][info][safepoint   ] Safepoint "ICBufferFull", Time since last: 810215352 ns, Reaching safepoint: 3501 ns, Cleanup: 108005 ns, At safepoint: 4800 ns, Total: 116306 ns
[2.005s][info][safepoint   ] Safepoint "ICBufferFull", Time since last: 566650342 ns, Reaching safepoint: 3100 ns, Cleanup: 125206 ns, At safepoint: 1700 ns, Total: 130006 ns
[2.128s][info][gc,start    ] GC(0) Pause Young (Metadata GC Threshold)
[2.148s][debug][gc,phases   ] GC(0) Scavenge 19.578ms
[2.148s][debug][gc,ref      ] GC(0) ReferenceProcessor::execute queues: 2, RefProcThreadModel::Multi, marks_oops_alive: false
[2.149s][debug][gc,ref      ] GC(0) ReferenceProcessor::execute queues: 4, RefProcThreadModel::Multi, marks_oops_alive: true
[2.149s][debug][gc,ref      ] GC(0) ReferenceProcessor::execute queues: 1, RefProcThreadModel::Single, marks_oops_alive: false
[2.149s][debug][gc,phases   ] GC(0) Reference Processing 0.382ms
[2.149s][debug][gc,phases   ] GC(0)   VM Weak                        Min:  0.0, Avg:  0.0, Max:  0.0, Diff:  0.0, Sum:  0.0, Workers: 4
[2.149s][debug][gc,phases   ] GC(0)     Dead                           Min: 0, Avg:  0.0, Max: 0, Diff: 0, Sum: 0, Workers: 4
[2.149s][debug][gc,phases   ] GC(0)     Total                          Min: 0, Avg: 60.0, Max: 128, Diff: 128, Sum: 240, Workers: 4
[2.149s][debug][gc,phases   ] GC(0)   ObjectSynchronizer Weak        Min:  0.0, Avg:  0.0, Max:  0.0, Diff:  0.0, Sum:  0.0, Workers: 4
[2.149s][debug][gc,phases   ] GC(0)     Dead                           Min: 0, Avg:  0.5, Max: 2, Diff: 2, Sum: 2, Workers: 4
[2.149s][debug][gc,phases   ] GC(0)     Total                          Min: 0, Avg:  2.0, Max: 8, Diff: 8, Sum: 8, Workers: 4
[2.149s][debug][gc,phases   ] GC(0)   JVMTI Tag Weak OopStorage      Min:  0.0, Avg:  0.0, Max:  0.0, Diff:  0.0, Sum:  0.0, Workers: 4
[2.149s][debug][gc,phases   ] GC(0)     Dead                           Min: 0, Avg:  0.0, Max: 0, Diff: 0, Sum: 0, Workers: 4
[2.149s][debug][gc,phases   ] GC(0)     Total                          Min: 0, Avg:  0.0, Max: 0, Diff: 0, Sum: 0, Workers: 4
[2.149s][debug][gc,phases   ] GC(0)   StringTable Weak               Min:  0.1, Avg:  0.1, Max:  0.1, Diff:  0.0, Sum:  0.3, Workers: 4
[2.149s][debug][gc,phases   ] GC(0)     Dead                           Min: 2, Avg:  7.8, Max: 16, Diff: 14, Sum: 31, Workers: 4
[2.149s][debug][gc,phases   ] GC(0)     Total                          Min: 1792, Avg: 1990.0, Max: 2496, Diff: 704, Sum: 7960, Workers: 4
[2.149s][debug][gc,phases   ] GC(0)   ResolvedMethodTable Weak       Min:  0.0, Avg:  0.0, Max:  0.0, Diff:  0.0, Sum:  0.1, Workers: 4
[2.149s][debug][gc,phases   ] GC(0)     Dead                           Min: 52, Avg: 94.5, Max: 141, Diff: 89, Sum: 378, Workers: 4
[2.149s][debug][gc,phases   ] GC(0)     Total                          Min: 448, Avg: 466.2, Max: 512, Diff: 64, Sum: 1865, Workers: 4
[2.149s][debug][gc,phases   ] GC(0)   JNI Weak                       Min:  0.0, Avg:  0.0, Max:  0.0, Diff:  0.0, Sum:  0.0, Workers: 4
[2.149s][debug][gc,phases   ] GC(0)     Dead                           Min: 0, Avg:  0.0, Max: 0, Diff: 0, Sum: 0, Workers: 4
[2.149s][debug][gc,phases   ] GC(0)     Total                          Min: 0, Avg: 12.0, Max: 48, Diff: 48, Sum: 48, Workers: 4
[2.149s][debug][gc,phases   ] GC(0)   StringDedup Table Weak         Min:  0.0, Avg:  0.0, Max:  0.0, Diff:  0.0, Sum:  0.0, Workers: 4
[2.149s][debug][gc,phases   ] GC(0)     Dead                           Min: 0, Avg:  0.0, Max: 0, Diff: 0, Sum: 0, Workers: 4
[2.149s][debug][gc,phases   ] GC(0)     Total                          Min: 0, Avg:  0.0, Max: 0, Diff: 0, Sum: 0, Workers: 4
[2.149s][debug][gc,phases   ] GC(0)   StringDedup Requests0 Weak     Min:  0.0, Avg:  0.0, Max:  0.0, Diff:  0.0, Sum:  0.0, Workers: 4
[2.149s][debug][gc,phases   ] GC(0)     Dead                           Min: 0, Avg:  0.0, Max: 0, Diff: 0, Sum: 0, Workers: 4
[2.149s][debug][gc,phases   ] GC(0)     Total                          Min: 0, Avg:  0.0, Max: 0, Diff: 0, Sum: 0, Workers: 4
[2.149s][debug][gc,phases   ] GC(0)   StringDedup Requests1 Weak     Min:  0.0, Avg:  0.0, Max:  0.0, Diff:  0.0, Sum:  0.0, Workers: 4
[2.149s][debug][gc,phases   ] GC(0)     Dead                           Min: 0, Avg:  0.0, Max: 0, Diff: 0, Sum: 0, Workers: 4
[2.149s][debug][gc,phases   ] GC(0)     Total                          Min: 0, Avg:  0.0, Max: 0, Diff: 0, Sum: 0, Workers: 4
[2.149s][debug][gc,phases   ] GC(0)   Weak JFR Old Object Samples    Min:  0.0, Avg:  0.0, Max:  0.0, Diff:  0.0, Sum:  0.0, Workers: 4
[2.149s][debug][gc,phases   ] GC(0)     Dead                           Min: 0, Avg:  0.0, Max: 0, Diff: 0, Sum: 0, Workers: 4
[2.149s][debug][gc,phases   ] GC(0)     Total                          Min: 0, Avg:  0.0, Max: 0, Diff: 0, Sum: 0, Workers: 4
[2.149s][debug][gc,phases   ] GC(0) Weak Processing 0.332ms
[2.149s][debug][gc,age      ] GC(0) Desired survivor size 536870912 bytes, new threshold 7 (max threshold 15)
[2.149s][info ][gc,heap     ] GC(0) PSYoungGen: 372088K(1572864K)->37722K(1572864K) Eden: 372088K(1048576K)->0K(1048576K) From: 0K(524288K)->37722K(524288K)
[2.149s][info ][gc,heap     ] GC(0) ParOldGen: 1073K(6144K)->1153K(6144K)
[2.149s][info ][gc,metaspace] GC(0) Metaspace: 21053K(21504K)->21053K(21504K) NonClass: 18738K(18944K)->18738K(18944K) Class: 2315K(2560K)->2315K(2560K)
[2.149s][info ][gc          ] GC(0) Pause Young (Metadata GC Threshold) 364M->37M(1542M) 20.732ms
[2.149s][info ][gc,cpu      ] GC(0) User=0.08s Sys=0.00s Real=0.02s
[2.149s][debug][gc,phases   ] GC(1) Pre Compact 0.010ms
[2.149s][info ][gc,start    ] GC(1) Pause Full (Metadata GC Threshold)
[2.149s][info ][gc,phases,start] GC(1) Marking Phase
[2.162s][debug][gc,phases      ] GC(1) Par Mark 12.515ms
[2.162s][debug][gc,ref         ] GC(1) ReferenceProcessor::execute queues: 2, RefProcThreadModel::Multi, marks_oops_alive: false
[2.162s][debug][gc,ref         ] GC(1) ReferenceProcessor::execute queues: 4, RefProcThreadModel::Multi, marks_oops_alive: true
[2.162s][debug][gc,ref         ] GC(1) ReferenceProcessor::execute queues: 1, RefProcThreadModel::Single, marks_oops_alive: false
[2.162s][debug][gc,phases      ] GC(1) Reference Processing 0.517ms
[2.162s][debug][gc,phases      ] GC(1)   VM Weak                        Min:  0.0, Avg:  0.0, Max:  0.0, Diff:  0.0, Sum:  0.0, Workers: 4
[2.162s][debug][gc,phases      ] GC(1)     Dead                           Min: 0, Avg:  0.0, Max: 0, Diff: 0, Sum: 0, Workers: 4
[2.162s][debug][gc,phases      ] GC(1)     Total                          Min: 0, Avg: 60.0, Max: 128, Diff: 128, Sum: 240, Workers: 4
[2.162s][debug][gc,phases      ] GC(1)   ObjectSynchronizer Weak        Min:  0.0, Avg:  0.0, Max:  0.0, Diff:  0.0, Sum:  0.0, Workers: 4
[2.162s][debug][gc,phases      ] GC(1)     Dead                           Min: 0, Avg:  0.0, Max: 0, Diff: 0, Sum: 0, Workers: 4
[2.162s][debug][gc,phases      ] GC(1)     Total                          Min: 0, Avg:  2.0, Max: 8, Diff: 8, Sum: 8, Workers: 4
[2.162s][debug][gc,phases      ] GC(1)   JVMTI Tag Weak OopStorage      Min:  0.0, Avg:  0.0, Max:  0.0, Diff:  0.0, Sum:  0.0, Workers: 4
[2.162s][debug][gc,phases      ] GC(1)     Dead                           Min: 0, Avg:  0.0, Max: 0, Diff: 0, Sum: 0, Workers: 4
[2.162s][debug][gc,phases      ] GC(1)     Total                          Min: 0, Avg:  0.0, Max: 0, Diff: 0, Sum: 0, Workers: 4
[2.162s][debug][gc,phases      ] GC(1)   StringTable Weak               Min:  0.0, Avg:  0.0, Max:  0.0, Diff:  0.0, Sum:  0.1, Workers: 4
[2.162s][debug][gc,phases      ] GC(1)     Dead                           Min: 0, Avg:  0.0, Max: 0, Diff: 0, Sum: 0, Workers: 4
[2.162s][debug][gc,phases      ] GC(1)     Total                          Min: 0, Avg: 1990.0, Max: 2752, Diff: 2752, Sum: 7960, Workers: 4
[2.162s][debug][gc,phases      ] GC(1)   ResolvedMethodTable Weak       Min:  0.0, Avg:  0.0, Max:  0.0, Diff:  0.0, Sum:  0.0, Workers: 4
[2.162s][debug][gc,phases      ] GC(1)     Dead                           Min: 0, Avg:  0.0, Max: 0, Diff: 0, Sum: 0, Workers: 4
[2.162s][debug][gc,phases      ] GC(1)     Total                          Min: 0, Avg: 466.2, Max: 649, Diff: 649, Sum: 1865, Workers: 4
[2.162s][debug][gc,phases      ] GC(1)   JNI Weak                       Min:  0.0, Avg:  0.0, Max:  0.0, Diff:  0.0, Sum:  0.0, Workers: 4
[2.162s][debug][gc,phases      ] GC(1)     Dead                           Min: 0, Avg:  0.0, Max: 0, Diff: 0, Sum: 0, Workers: 4
[2.162s][debug][gc,phases      ] GC(1)     Total                          Min: 0, Avg: 12.0, Max: 48, Diff: 48, Sum: 48, Workers: 4
[2.162s][debug][gc,phases      ] GC(1)   StringDedup Table Weak         Min:  0.0, Avg:  0.0, Max:  0.0, Diff:  0.0, Sum:  0.0, Workers: 4
[2.162s][debug][gc,phases      ] GC(1)     Dead                           Min: 0, Avg:  0.0, Max: 0, Diff: 0, Sum: 0, Workers: 4
[2.162s][debug][gc,phases      ] GC(1)     Total                          Min: 0, Avg:  0.0, Max: 0, Diff: 0, Sum: 0, Workers: 4
[2.162s][debug][gc,phases      ] GC(1)   StringDedup Requests0 Weak     Min:  0.0, Avg:  0.0, Max:  0.0, Diff:  0.0, Sum:  0.0, Workers: 4
[2.162s][debug][gc,phases      ] GC(1)     Dead                           Min: 0, Avg:  0.0, Max: 0, Diff: 0, Sum: 0, Workers: 4
[2.162s][debug][gc,phases      ] GC(1)     Total                          Min: 0, Avg:  0.0, Max: 0, Diff: 0, Sum: 0, Workers: 4
[2.162s][debug][gc,phases      ] GC(1)   StringDedup Requests1 Weak     Min:  0.0, Avg:  0.0, Max:  0.0, Diff:  0.0, Sum:  0.0, Workers: 4
[2.162s][debug][gc,phases      ] GC(1)     Dead                           Min: 0, Avg:  0.0, Max: 0, Diff: 0, Sum: 0, Workers: 4
[2.162s][debug][gc,phases      ] GC(1)     Total                          Min: 0, Avg:  0.0, Max: 0, Diff: 0, Sum: 0, Workers: 4
[2.162s][debug][gc,phases      ] GC(1)   Weak JFR Old Object Samples    Min:  0.0, Avg:  0.0, Max:  0.0, Diff:  0.0, Sum:  0.0, Workers: 4
[2.163s][debug][gc,phases      ] GC(1)     Dead                           Min: 0, Avg:  0.0, Max: 0, Diff: 0, Sum: 0, Workers: 4
[2.163s][debug][gc,phases      ] GC(1)     Total                          Min: 0, Avg:  0.0, Max: 0, Diff: 0, Sum: 0, Workers: 4
[2.163s][debug][gc,phases      ] GC(1) Weak Processing 0.282ms
[2.163s][debug][gc,phases      ] GC(1) ClassLoaderData 0.034ms
[2.163s][debug][gc,phases      ] GC(1) Trigger cleanups 0.000ms
[2.169s][debug][gc,phases      ] GC(1) Purge Unlinked NMethods 0.004ms
[2.169s][debug][gc,phases      ] GC(1) Unregister NMethods 0.021ms
[2.169s][debug][gc,phases      ] GC(1) Free Code Blobs 0.005ms
[2.169s][debug][gc,phases      ] GC(1) Class Unloading 6.328ms
[2.169s][debug][gc,phases      ] GC(1) Report Object Count 0.001ms
[2.169s][info ][gc,phases      ] GC(1) Marking Phase 19.742ms
[2.169s][info ][gc,phases,start] GC(1) Summary Phase
[2.169s][info ][gc,phases      ] GC(1) Summary Phase 0.009ms
[2.169s][info ][gc,phases,start] GC(1) Adjust Roots
[2.174s][info ][gc,phases      ] GC(1) Adjust Roots 4.668ms
[2.174s][info ][gc,phases,start] GC(1) Compaction Phase
[2.195s][info ][gc,phases      ] GC(1) Compaction Phase 21.212ms
[2.195s][info ][gc,phases,start] GC(1) Post Compact
[2.196s][debug][gc,phases      ] GC(1) Purge Class Loader Data 0.921ms
[2.197s][info ][gc,phases      ] GC(1) Post Compact 1.752ms
[2.197s][info ][gc,heap        ] GC(1) PSYoungGen: 37722K(1572864K)->32524K(1572864K) Eden: 0K(1048576K)->0K(1048576K) From: 37722K(524288K)->32524K(524288K)
[2.197s][info ][gc,heap        ] GC(1) ParOldGen: 1153K(6144K)->6075K(6144K)
[2.197s][info ][gc,metaspace   ] GC(1) Metaspace: 21053K(21504K)->21053K(21504K) NonClass: 18738K(18944K)->18738K(18944K) Class: 2315K(2560K)->2315K(2560K)
[2.197s][info ][gc             ] GC(1) Pause Full (Metadata GC Threshold) 37M->37M(1542M) 47.523ms
[2.197s][info ][gc,cpu         ] GC(1) User=0.13s Sys=0.01s Real=0.04s
[2.197s][info ][safepoint      ] Safepoint "CollectForMetadataAllocation", Time since last: 122876511 ns, Reaching safepoint: 3501 ns, Cleanup: 57102 ns, At safepoint: 68382957 ns, Total: 68443560 ns
[2.592s][info ][safepoint      ] Safepoint "ICBufferFull", Time since last: 395267079 ns, Reaching safepoint: 4100 ns, Cleanup: 124406 ns, At safepoint: 5301 ns, Total: 133807 ns
[2.843s][info ][safepoint      ] Safepoint "ICBufferFull", Time since last: 250538463 ns, Reaching safepoint: 4300 ns, Cleanup: 126607 ns, At safepoint: 8400 ns, Total: 139307 ns
[2.952s][info ][safepoint      ] Safepoint "ICBufferFull", Time since last: 109382829 ns, Reaching safepoint: 4600 ns, Cleanup: 118606 ns, At safepoint: 7001 ns, Total: 130207 ns
[3.400s][info ][safepoint      ] Safepoint "ICBufferFull", Time since last: 447556822 ns, Reaching safepoint: 5000 ns, Cleanup: 163608 ns, At safepoint: 2200 ns, Total: 170808 ns
[3.645s][info ][gc,start       ] GC(2) Pause Young (Metadata GC Threshold)
[3.683s][debug][gc,phases      ] GC(2) Scavenge 38.542ms
[3.684s][debug][gc,ref         ] GC(2) ReferenceProcessor::execute queues: 4, RefProcThreadModel::Multi, marks_oops_alive: false
[3.684s][debug][gc,ref         ] GC(2) ReferenceProcessor::execute queues: 4, RefProcThreadModel::Multi, marks_oops_alive: true
[3.684s][debug][gc,ref         ] GC(2) ReferenceProcessor::execute queues: 2, RefProcThreadModel::Multi, marks_oops_alive: false
[3.684s][debug][gc,phases      ] GC(2) Reference Processing 0.845ms
[3.685s][debug][gc,phases      ] GC(2)   VM Weak                        Min:  0.0, Avg:  0.0, Max:  0.0, Diff:  0.0, Sum:  0.0, Workers: 4
[3.685s][debug][gc,phases      ] GC(2)     Dead                           Min: 0, Avg:  0.0, Max: 0, Diff: 0, Sum: 0, Workers: 4
[3.685s][debug][gc,phases      ] GC(2)     Total                          Min: 0, Avg: 72.8, Max: 256, Diff: 256, Sum: 291, Workers: 4
[3.685s][debug][gc,phases      ] GC(2)   ObjectSynchronizer Weak        Min:  0.0, Avg:  0.0, Max:  0.0, Diff:  0.0, Sum:  0.0, Workers: 4
[3.685s][debug][gc,phases      ] GC(2)     Dead                           Min: 0, Avg:  0.0, Max: 0, Diff: 0, Sum: 0, Workers: 4
[3.685s][debug][gc,phases      ] GC(2)     Total                          Min: 0, Avg:  2.0, Max: 8, Diff: 8, Sum: 8, Workers: 4
[3.685s][debug][gc,phases      ] GC(2)   JVMTI Tag Weak OopStorage      Min:  0.0, Avg:  0.0, Max:  0.0, Diff:  0.0, Sum:  0.0, Workers: 4
[3.685s][debug][gc,phases      ] GC(2)     Dead                           Min: 0, Avg:  0.0, Max: 0, Diff: 0, Sum: 0, Workers: 4
[3.685s][debug][gc,phases      ] GC(2)     Total                          Min: 0, Avg:  0.0, Max: 0, Diff: 0, Sum: 0, Workers: 4
[3.685s][debug][gc,phases      ] GC(2)   StringTable Weak               Min:  0.0, Avg:  0.1, Max:  0.2, Diff:  0.2, Sum:  0.6, Workers: 4
[3.685s][debug][gc,phases      ] GC(2)     Dead                           Min: 0, Avg:  2.8, Max: 5, Diff: 5, Sum: 11, Workers: 4
[3.685s][debug][gc,phases      ] GC(2)     Total                          Min: 0, Avg: 3675.0, Max: 5100, Diff: 5100, Sum: 14700, Workers: 4
[3.685s][debug][gc,phases      ] GC(2)   ResolvedMethodTable Weak       Min:  0.0, Avg:  0.1, Max:  0.1, Diff:  0.1, Sum:  0.2, Workers: 4
[3.685s][debug][gc,phases      ] GC(2)     Dead                           Min: 0, Avg: 440.8, Max: 702, Diff: 702, Sum: 1763, Workers: 4
[3.685s][debug][gc,phases      ] GC(2)     Total                          Min: 0, Avg: 1199.2, Max: 1662, Diff: 1662, Sum: 4797, Workers: 4
[3.685s][debug][gc,phases      ] GC(2)   JNI Weak                       Min:  0.0, Avg:  0.0, Max:  0.0, Diff:  0.0, Sum:  0.0, Workers: 4
[3.685s][debug][gc,phases      ] GC(2)     Dead                           Min: 0, Avg:  0.0, Max: 0, Diff: 0, Sum: 0, Workers: 4
[3.685s][debug][gc,phases      ] GC(2)     Total                          Min: 0, Avg: 12.5, Max: 50, Diff: 50, Sum: 50, Workers: 4
[3.685s][debug][gc,phases      ] GC(2)   StringDedup Table Weak         Min:  0.0, Avg:  0.0, Max:  0.0, Diff:  0.0, Sum:  0.0, Workers: 4
[3.685s][debug][gc,phases      ] GC(2)     Dead                           Min: 0, Avg:  0.0, Max: 0, Diff: 0, Sum: 0, Workers: 4
[3.685s][debug][gc,phases      ] GC(2)     Total                          Min: 0, Avg:  0.0, Max: 0, Diff: 0, Sum: 0, Workers: 4
[3.685s][debug][gc,phases      ] GC(2)   StringDedup Requests0 Weak     Min:  0.0, Avg:  0.0, Max:  0.0, Diff:  0.0, Sum:  0.0, Workers: 4
[3.685s][debug][gc,phases      ] GC(2)     Dead                           Min: 0, Avg:  0.0, Max: 0, Diff: 0, Sum: 0, Workers: 4
[3.685s][debug][gc,phases      ] GC(2)     Total                          Min: 0, Avg:  0.0, Max: 0, Diff: 0, Sum: 0, Workers: 4
[3.685s][debug][gc,phases      ] GC(2)   StringDedup Requests1 Weak     Min:  0.0, Avg:  0.0, Max:  0.0, Diff:  0.0, Sum:  0.0, Workers: 4
[3.685s][debug][gc,phases      ] GC(2)     Dead                           Min: 0, Avg:  0.0, Max: 0, Diff: 0, Sum: 0, Workers: 4
[3.685s][debug][gc,phases      ] GC(2)     Total                          Min: 0, Avg:  0.0, Max: 0, Diff: 0, Sum: 0, Workers: 4
[3.685s][debug][gc,phases      ] GC(2)   Weak JFR Old Object Samples    Min:  0.0, Avg:  0.0, Max:  0.0, Diff:  0.0, Sum:  0.0, Workers: 4
[3.685s][debug][gc,phases      ] GC(2)     Dead                           Min: 0, Avg:  0.0, Max: 0, Diff: 0, Sum: 0, Workers: 4
[3.685s][debug][gc,phases      ] GC(2)     Total                          Min: 0, Avg:  0.0, Max: 0, Diff: 0, Sum: 0, Workers: 4
[3.685s][debug][gc,phases      ] GC(2) Weak Processing 0.481ms
[3.685s][debug][gc,age         ] GC(2) Desired survivor size 536870912 bytes, new threshold 7 (max threshold 15)
[3.685s][info ][gc,heap        ] GC(2) PSYoungGen: 556812K(1572864K)->55456K(1572864K) Eden: 524288K(1048576K)->0K(1048576K) From: 32524K(524288K)->55456K(524288K)
[3.685s][info ][gc,heap        ] GC(2) ParOldGen: 6075K(6144K)->6091K(6144K)
[3.685s][info ][gc,metaspace   ] GC(2) Metaspace: 35432K(35840K)->35432K(35840K) NonClass: 30892K(31104K)->30892K(31104K) Class: 4539K(4736K)->4539K(4736K)
[3.685s][info ][gc             ] GC(2) Pause Young (Metadata GC Threshold) 549M->60M(1542M) 40.014ms
[3.685s][info ][gc,cpu         ] GC(2) User=0.11s Sys=0.01s Real=0.04s
[3.685s][debug][gc,phases      ] GC(3) Pre Compact 0.008ms
[3.685s][info ][gc,start       ] GC(3) Pause Full (Metadata GC Threshold)
[3.685s][info ][gc,phases,start] GC(3) Marking Phase
[3.714s][debug][gc,phases      ] GC(3) Par Mark 28.673ms
[3.714s][debug][gc,ref         ] GC(3) ReferenceProcessor::execute queues: 4, RefProcThreadModel::Multi, marks_oops_alive: false
[3.714s][debug][gc,ref         ] GC(3) ReferenceProcessor::execute queues: 4, RefProcThreadModel::Multi, marks_oops_alive: true
[3.714s][debug][gc,ref         ] GC(3) ReferenceProcessor::execute queues: 1, RefProcThreadModel::Single, marks_oops_alive: false
[3.714s][debug][gc,phases      ] GC(3) Reference Processing 0.465ms
[3.714s][debug][gc,phases      ] GC(3)   VM Weak                        Min:  0.0, Avg:  0.0, Max:  0.0, Diff:  0.0, Sum:  0.0, Workers: 4
[3.714s][debug][gc,phases      ] GC(3)     Dead                           Min: 0, Avg:  0.0, Max: 0, Diff: 0, Sum: 0, Workers: 4
[3.714s][debug][gc,phases      ] GC(3)     Total                          Min: 0, Avg: 72.8, Max: 163, Diff: 163, Sum: 291, Workers: 4
[3.714s][debug][gc,phases      ] GC(3)   ObjectSynchronizer Weak        Min:  0.0, Avg:  0.0, Max:  0.0, Diff:  0.0, Sum:  0.0, Workers: 4
[3.714s][debug][gc,phases      ] GC(3)     Dead                           Min: 0, Avg:  0.0, Max: 0, Diff: 0, Sum: 0, Workers: 4
[3.714s][debug][gc,phases      ] GC(3)     Total                          Min: 0, Avg:  2.0, Max: 8, Diff: 8, Sum: 8, Workers: 4
[3.714s][debug][gc,phases      ] GC(3)   JVMTI Tag Weak OopStorage      Min:  0.0, Avg:  0.0, Max:  0.0, Diff:  0.0, Sum:  0.0, Workers: 4
[3.714s][debug][gc,phases      ] GC(3)     Dead                           Min: 0, Avg:  0.0, Max: 0, Diff: 0, Sum: 0, Workers: 4
[3.714s][debug][gc,phases      ] GC(3)     Total                          Min: 0, Avg:  0.0, Max: 0, Diff: 0, Sum: 0, Workers: 4
[3.714s][debug][gc,phases      ] GC(3)   StringTable Weak               Min:  0.0, Avg:  0.1, Max:  0.1, Diff:  0.1, Sum:  0.2, Workers: 4
[3.714s][debug][gc,phases      ] GC(3)     Dead                           Min: 0, Avg:  0.0, Max: 0, Diff: 0, Sum: 0, Workers: 4
[3.714s][debug][gc,phases      ] GC(3)     Total                          Min: 0, Avg: 3675.0, Max: 6656, Diff: 6656, Sum: 14700, Workers: 4
[3.714s][debug][gc,phases      ] GC(3)   ResolvedMethodTable Weak       Min:  0.0, Avg:  0.0, Max:  0.0, Diff:  0.0, Sum:  0.1, Workers: 4
[3.714s][debug][gc,phases      ] GC(3)     Dead                           Min: 0, Avg:  0.0, Max: 0, Diff: 0, Sum: 0, Workers: 4
[3.714s][debug][gc,phases      ] GC(3)     Total                          Min: 0, Avg: 1199.2, Max: 1663, Diff: 1663, Sum: 4797, Workers: 4
[3.714s][debug][gc,phases      ] GC(3)   JNI Weak                       Min:  0.0, Avg:  0.0, Max:  0.0, Diff:  0.0, Sum:  0.0, Workers: 4
[3.714s][debug][gc,phases      ] GC(3)     Dead                           Min: 0, Avg:  0.0, Max: 0, Diff: 0, Sum: 0, Workers: 4
[3.714s][debug][gc,phases      ] GC(3)     Total                          Min: 0, Avg: 12.5, Max: 48, Diff: 48, Sum: 50, Workers: 4
[3.714s][debug][gc,phases      ] GC(3)   StringDedup Table Weak         Min:  0.0, Avg:  0.0, Max:  0.0, Diff:  0.0, Sum:  0.0, Workers: 4
[3.714s][debug][gc,phases      ] GC(3)     Dead                           Min: 0, Avg:  0.0, Max: 0, Diff: 0, Sum: 0, Workers: 4
[3.714s][debug][gc,phases      ] GC(3)     Total                          Min: 0, Avg:  0.0, Max: 0, Diff: 0, Sum: 0, Workers: 4
[3.714s][debug][gc,phases      ] GC(3)   StringDedup Requests0 Weak     Min:  0.0, Avg:  0.0, Max:  0.0, Diff:  0.0, Sum:  0.0, Workers: 4
[3.714s][debug][gc,phases      ] GC(3)     Dead                           Min: 0, Avg:  0.0, Max: 0, Diff: 0, Sum: 0, Workers: 4
[3.714s][debug][gc,phases      ] GC(3)     Total                          Min: 0, Avg:  0.0, Max: 0, Diff: 0, Sum: 0, Workers: 4
[3.714s][debug][gc,phases      ] GC(3)   StringDedup Requests1 Weak     Min:  0.0, Avg:  0.0, Max:  0.0, Diff:  0.0, Sum:  0.0, Workers: 4
[3.714s][debug][gc,phases      ] GC(3)     Dead                           Min: 0, Avg:  0.0, Max: 0, Diff: 0, Sum: 0, Workers: 4
[3.714s][debug][gc,phases      ] GC(3)     Total                          Min: 0, Avg:  0.0, Max: 0, Diff: 0, Sum: 0, Workers: 4
[3.714s][debug][gc,phases      ] GC(3)   Weak JFR Old Object Samples    Min:  0.0, Avg:  0.0, Max:  0.0, Diff:  0.0, Sum:  0.0, Workers: 4
[3.714s][debug][gc,phases      ] GC(3)     Dead                           Min: 0, Avg:  0.0, Max: 0, Diff: 0, Sum: 0, Workers: 4
[3.714s][debug][gc,phases      ] GC(3)     Total                          Min: 0, Avg:  0.0, Max: 0, Diff: 0, Sum: 0, Workers: 4
[3.714s][debug][gc,phases      ] GC(3) Weak Processing 0.338ms
[3.715s][debug][gc,phases      ] GC(3) ClassLoaderData 0.041ms
[3.715s][debug][gc,phases      ] GC(3) Trigger cleanups 0.000ms
[3.723s][debug][gc,phases      ] GC(3) Purge Unlinked NMethods 0.626ms
[3.723s][debug][gc,phases      ] GC(3) Unregister NMethods 0.041ms
[3.723s][debug][gc,phases      ] GC(3) Free Code Blobs 0.125ms
[3.723s][debug][gc,phases      ] GC(3) Class Unloading 9.011ms
[3.723s][debug][gc,phases      ] GC(3) Report Object Count 0.001ms
[3.724s][info ][gc,phases      ] GC(3) Marking Phase 38.567ms
[3.724s][info ][gc,phases,start] GC(3) Summary Phase
[3.724s][info ][gc,phases      ] GC(3) Summary Phase 0.008ms
[3.724s][info ][gc,phases,start] GC(3) Adjust Roots
[3.729s][info ][gc,phases      ] GC(3) Adjust Roots 5.031ms
[3.729s][info ][gc,phases,start] GC(3) Compaction Phase
[3.927s][info ][gc,phases      ] GC(3) Compaction Phase 198.340ms
[3.927s][info ][gc,phases,start] GC(3) Post Compact
[3.929s][debug][gc,phases      ] GC(3) Purge Class Loader Data 1.278ms
[3.929s][info ][gc,phases      ] GC(3) Post Compact 2.237ms
[3.929s][info ][gc,heap        ] GC(3) PSYoungGen: 55456K(1572864K)->55241K(1572864K) Eden: 0K(1048576K)->0K(1048576K) From: 55456K(524288K)->55241K(524288K)
[3.929s][info ][gc,heap        ] GC(3) ParOldGen: 6091K(6144K)->6043K(6144K)
[3.929s][info ][gc,metaspace   ] GC(3) Metaspace: 35432K(35840K)->35432K(35840K) NonClass: 30892K(31104K)->30892K(31104K) Class: 4539K(4736K)->4539K(4736K)
[3.929s][info ][gc             ] GC(3) Pause Full (Metadata GC Threshold) 60M->59M(1542M) 244.301ms
[3.929s][info ][gc,cpu         ] GC(3) User=0.50s Sys=0.01s Real=0.25s
[3.929s][info ][safepoint      ] Safepoint "CollectForMetadataAllocation", Time since last: 244641666 ns, Reaching safepoint: 81304 ns, Cleanup: 94605 ns, At safepoint: 284449642 ns, Total: 284625551 ns
[4.078s][info ][safepoint      ] Safepoint "ICBufferFull", Time since last: 148492659 ns, Reaching safepoint: 2600 ns, Cleanup: 134907 ns, At safepoint: 2101 ns, Total: 139608 ns
[4.282s][info ][safepoint      ] Safepoint "ICBufferFull", Time since last: 204365916 ns, Reaching safepoint: 4800 ns, Cleanup: 135607 ns, At safepoint: 2101 ns, Total: 142508 ns
[4.364s][info ][safepoint      ] Safepoint "ICBufferFull", Time since last: 81796429 ns, Reaching safepoint: 5100 ns, Cleanup: 144108 ns, At safepoint: 8000 ns, Total: 157208 ns
[4.867s][info ][safepoint      ] Safepoint "ICBufferFull", Time since last: 502098675 ns, Reaching safepoint: 4000 ns, Cleanup: 123806 ns, At safepoint: 2100 ns, Total: 129906 ns
[5.022s][info ][safepoint      ] Safepoint "ICBufferFull", Time since last: 155422126 ns, Reaching safepoint: 4201 ns, Cleanup: 117506 ns, At safepoint: 5800 ns, Total: 127507 ns
[5.146s][info ][safepoint      ] Safepoint "ICBufferFull", Time since last: 123791152 ns, Reaching safepoint: 4700 ns, Cleanup: 127307 ns, At safepoint: 2000 ns, Total: 134007 ns
[5.446s][info ][safepoint      ] Safepoint "ICBufferFull", Time since last: 300202389 ns, Reaching safepoint: 77204 ns, Cleanup: 109306 ns, At safepoint: 8700 ns, Total: 195210 ns
[5.672s][info ][safepoint      ] Safepoint "ICBufferFull", Time since last: 225836553 ns, Reaching safepoint: 5400 ns, Cleanup: 149508 ns, At safepoint: 2200 ns, Total: 157108 ns
[6.244s][info ][safepoint      ] Safepoint "ICBufferFull", Time since last: 571172531 ns, Reaching safepoint: 2700 ns, Cleanup: 154708 ns, At safepoint: 2200 ns, Total: 159608 ns
[6.259s][info ][gc,start       ] GC(4) Pause Young (Metadata GC Threshold)
[6.304s][debug][gc,phases      ] GC(4) Scavenge 45.383ms
[6.305s][debug][gc,ref         ] GC(4) ReferenceProcessor::execute queues: 4, RefProcThreadModel::Multi, marks_oops_alive: false
[6.305s][debug][gc,ref         ] GC(4) Skipped KeepAliveFinalRefsPhase of Reference Processing: no references
[6.305s][debug][gc,ref         ] GC(4) ReferenceProcessor::execute queues: 4, RefProcThreadModel::Multi, marks_oops_alive: false
[6.306s][debug][gc,phases      ] GC(4) Reference Processing 1.312ms
[6.306s][debug][gc,phases      ] GC(4)   VM Weak                        Min:  0.0, Avg:  0.0, Max:  0.0, Diff:  0.0, Sum:  0.0, Workers: 4
[6.306s][debug][gc,phases      ] GC(4)     Dead                           Min: 0, Avg:  0.0, Max: 0, Diff: 0, Sum: 0, Workers: 4
[6.306s][debug][gc,phases      ] GC(4)     Total                          Min: 0, Avg: 115.8, Max: 256, Diff: 256, Sum: 463, Workers: 4
[6.306s][debug][gc,phases      ] GC(4)   ObjectSynchronizer Weak        Min:  0.0, Avg:  0.0, Max:  0.0, Diff:  0.0, Sum:  0.0, Workers: 4
[6.306s][debug][gc,phases      ] GC(4)     Dead                           Min: 0, Avg:  0.0, Max: 0, Diff: 0, Sum: 0, Workers: 4
[6.306s][debug][gc,phases      ] GC(4)     Total                          Min: 0, Avg:  2.0, Max: 8, Diff: 8, Sum: 8, Workers: 4
[6.306s][debug][gc,phases      ] GC(4)   JVMTI Tag Weak OopStorage      Min:  0.0, Avg:  0.0, Max:  0.0, Diff:  0.0, Sum:  0.0, Workers: 4
[6.306s][debug][gc,phases      ] GC(4)     Dead                           Min: 0, Avg:  0.0, Max: 0, Diff: 0, Sum: 0, Workers: 4
[6.306s][debug][gc,phases      ] GC(4)     Total                          Min: 0, Avg:  0.0, Max: 0, Diff: 0, Sum: 0, Workers: 4
[6.306s][debug][gc,phases      ] GC(4)   StringTable Weak               Min:  0.0, Avg:  0.2, Max:  0.3, Diff:  0.3, Sum:  1.0, Workers: 4
[6.306s][debug][gc,phases      ] GC(4)     Dead                           Min: 0, Avg:  3.5, Max: 6, Diff: 6, Sum: 14, Workers: 4
[6.306s][debug][gc,phases      ] GC(4)     Total                          Min: 0, Avg: 6932.8, Max: 11603, Diff: 11603, Sum: 27731, Workers: 4
[6.306s][debug][gc,phases      ] GC(4)   ResolvedMethodTable Weak       Min:  0.0, Avg:  0.1, Max:  0.1, Diff:  0.1, Sum:  0.4, Workers: 4
[6.306s][debug][gc,phases      ] GC(4)     Dead                           Min: 0, Avg: 971.5, Max: 1530, Diff: 1530, Sum: 3886, Workers: 4
[6.306s][debug][gc,phases      ] GC(4)     Total                          Min: 0, Avg: 2846.5, Max: 4928, Diff: 4928, Sum: 11386, Workers: 4
[6.306s][debug][gc,phases      ] GC(4)   JNI Weak                       Min:  0.0, Avg:  0.0, Max:  0.0, Diff:  0.0, Sum:  0.0, Workers: 4
[6.306s][debug][gc,phases      ] GC(4)     Dead                           Min: 0, Avg:  0.0, Max: 0, Diff: 0, Sum: 0, Workers: 4
[6.306s][debug][gc,phases      ] GC(4)     Total                          Min: 0, Avg: 12.0, Max: 48, Diff: 48, Sum: 48, Workers: 4
[6.306s][debug][gc,phases      ] GC(4)   StringDedup Table Weak         Min:  0.0, Avg:  0.0, Max:  0.0, Diff:  0.0, Sum:  0.0, Workers: 4
[6.306s][debug][gc,phases      ] GC(4)     Dead                           Min: 0, Avg:  0.0, Max: 0, Diff: 0, Sum: 0, Workers: 4
[6.306s][debug][gc,phases      ] GC(4)     Total                          Min: 0, Avg:  0.0, Max: 0, Diff: 0, Sum: 0, Workers: 4
[6.306s][debug][gc,phases      ] GC(4)   StringDedup Requests0 Weak     Min:  0.0, Avg:  0.0, Max:  0.0, Diff:  0.0, Sum:  0.0, Workers: 4
[6.306s][debug][gc,phases      ] GC(4)     Dead                           Min: 0, Avg:  0.0, Max: 0, Diff: 0, Sum: 0, Workers: 4
[6.306s][debug][gc,phases      ] GC(4)     Total                          Min: 0, Avg:  0.0, Max: 0, Diff: 0, Sum: 0, Workers: 4
[6.306s][debug][gc,phases      ] GC(4)   StringDedup Requests1 Weak     Min:  0.0, Avg:  0.0, Max:  0.0, Diff:  0.0, Sum:  0.0, Workers: 4
[6.306s][debug][gc,phases      ] GC(4)     Dead                           Min: 0, Avg:  0.0, Max: 0, Diff: 0, Sum: 0, Workers: 4
[6.306s][debug][gc,phases      ] GC(4)     Total                          Min: 0, Avg:  0.0, Max: 0, Diff: 0, Sum: 0, Workers: 4
[6.306s][debug][gc,phases      ] GC(4)   Weak JFR Old Object Samples    Min:  0.0, Avg:  0.0, Max:  0.0, Diff:  0.0, Sum:  0.0, Workers: 4
[6.306s][debug][gc,phases      ] GC(4)     Dead                           Min: 0, Avg:  0.0, Max: 0, Diff: 0, Sum: 0, Workers: 4
[6.306s][debug][gc,phases      ] GC(4)     Total                          Min: 0, Avg:  0.0, Max: 0, Diff: 0, Sum: 0, Workers: 4
[6.306s][debug][gc,phases      ] GC(4) Weak Processing 0.719ms
[6.306s][debug][gc,age         ] GC(4) Desired survivor size 536870912 bytes, new threshold 7 (max threshold 15)
[6.306s][info ][gc,heap        ] GC(4) PSYoungGen: 439871K(1572864K)->77167K(1572864K) Eden: 384629K(1048576K)->0K(1048576K) From: 55241K(524288K)->77167K(524288K)
[6.306s][info ][gc,heap        ] GC(4) ParOldGen: 6043K(6144K)->6067K(6144K)
[6.306s][info ][gc,metaspace   ] GC(4) Metaspace: 59081K(59776K)->59081K(59776K) NonClass: 49665K(50112K)->49665K(50112K) Class: 9416K(9664K)->9416K(9664K)
[6.306s][info ][gc             ] GC(4) Pause Young (Metadata GC Threshold) 435M->81M(1542M) 47.569ms
[6.306s][info ][gc,cpu         ] GC(4) User=0.12s Sys=0.05s Real=0.05s
[6.306s][debug][gc,phases      ] GC(5) Pre Compact 0.009ms
[6.306s][info ][gc,start       ] GC(5) Pause Full (Metadata GC Threshold)
[6.306s][info ][gc,phases,start] GC(5) Marking Phase
[6.346s][debug][gc,phases      ] GC(5) Par Mark 39.623ms
[6.346s][debug][gc,ref         ] GC(5) ReferenceProcessor::execute queues: 4, RefProcThreadModel::Multi, marks_oops_alive: false
[6.346s][debug][gc,ref         ] GC(5) ReferenceProcessor::execute queues: 4, RefProcThreadModel::Multi, marks_oops_alive: true
[6.347s][debug][gc,ref         ] GC(5) ReferenceProcessor::execute queues: 1, RefProcThreadModel::Single, marks_oops_alive: false
[6.347s][debug][gc,phases      ] GC(5) Reference Processing 0.449ms
[6.347s][debug][gc,phases      ] GC(5)   VM Weak                        Min:  0.0, Avg:  0.0, Max:  0.0, Diff:  0.0, Sum:  0.0, Workers: 4
[6.347s][debug][gc,phases      ] GC(5)     Dead                           Min: 0, Avg:  0.0, Max: 0, Diff: 0, Sum: 0, Workers: 4
[6.347s][debug][gc,phases      ] GC(5)     Total                          Min: 0, Avg: 115.8, Max: 256, Diff: 256, Sum: 463, Workers: 4
[6.347s][debug][gc,phases      ] GC(5)   ObjectSynchronizer Weak        Min:  0.0, Avg:  0.0, Max:  0.0, Diff:  0.0, Sum:  0.0, Workers: 4
[6.347s][debug][gc,phases      ] GC(5)     Dead                           Min: 0, Avg:  0.0, Max: 0, Diff: 0, Sum: 0, Workers: 4
[6.347s][debug][gc,phases      ] GC(5)     Total                          Min: 0, Avg:  2.0, Max: 8, Diff: 8, Sum: 8, Workers: 4
[6.347s][debug][gc,phases      ] GC(5)   JVMTI Tag Weak OopStorage      Min:  0.0, Avg:  0.0, Max:  0.0, Diff:  0.0, Sum:  0.0, Workers: 4
[6.347s][debug][gc,phases      ] GC(5)     Dead                           Min: 0, Avg:  0.0, Max: 0, Diff: 0, Sum: 0, Workers: 4
[6.347s][debug][gc,phases      ] GC(5)     Total                          Min: 0, Avg:  0.0, Max: 0, Diff: 0, Sum: 0, Workers: 4
[6.347s][debug][gc,phases      ] GC(5)   StringTable Weak               Min:  0.0, Avg:  0.1, Max:  0.1, Diff:  0.1, Sum:  0.4, Workers: 4
[6.347s][debug][gc,phases      ] GC(5)     Dead                           Min: 0, Avg:  0.0, Max: 0, Diff: 0, Sum: 0, Workers: 4
[6.347s][debug][gc,phases      ] GC(5)     Total                          Min: 0, Avg: 6932.8, Max: 9728, Diff: 9728, Sum: 27731, Workers: 4
[6.347s][debug][gc,phases      ] GC(5)   ResolvedMethodTable Weak       Min:  0.0, Avg:  0.0, Max:  0.1, Diff:  0.1, Sum:  0.2, Workers: 4
[6.347s][debug][gc,phases      ] GC(5)     Dead                           Min: 0, Avg:  0.0, Max: 0, Diff: 0, Sum: 0, Workers: 4
[6.347s][debug][gc,phases      ] GC(5)     Total                          Min: 0, Avg: 2846.5, Max: 4096, Diff: 4096, Sum: 11386, Workers: 4
[6.347s][debug][gc,phases      ] GC(5)   JNI Weak                       Min:  0.0, Avg:  0.0, Max:  0.0, Diff:  0.0, Sum:  0.0, Workers: 4
[6.347s][debug][gc,phases      ] GC(5)     Dead                           Min: 0, Avg:  0.0, Max: 0, Diff: 0, Sum: 0, Workers: 4
[6.347s][debug][gc,phases      ] GC(5)     Total                          Min: 0, Avg: 12.0, Max: 48, Diff: 48, Sum: 48, Workers: 4
[6.347s][debug][gc,phases      ] GC(5)   StringDedup Table Weak         Min:  0.0, Avg:  0.0, Max:  0.0, Diff:  0.0, Sum:  0.0, Workers: 4
[6.347s][debug][gc,phases      ] GC(5)     Dead                           Min: 0, Avg:  0.0, Max: 0, Diff: 0, Sum: 0, Workers: 4
[6.347s][debug][gc,phases      ] GC(5)     Total                          Min: 0, Avg:  0.0, Max: 0, Diff: 0, Sum: 0, Workers: 4
[6.347s][debug][gc,phases      ] GC(5)   StringDedup Requests0 Weak     Min:  0.0, Avg:  0.0, Max:  0.0, Diff:  0.0, Sum:  0.0, Workers: 4
[6.347s][debug][gc,phases      ] GC(5)     Dead                           Min: 0, Avg:  0.0, Max: 0, Diff: 0, Sum: 0, Workers: 4
[6.347s][debug][gc,phases      ] GC(5)     Total                          Min: 0, Avg:  0.0, Max: 0, Diff: 0, Sum: 0, Workers: 4
[6.347s][debug][gc,phases      ] GC(5)   StringDedup Requests1 Weak     Min:  0.0, Avg:  0.0, Max:  0.0, Diff:  0.0, Sum:  0.0, Workers: 4
[6.347s][debug][gc,phases      ] GC(5)     Dead                           Min: 0, Avg:  0.0, Max: 0, Diff: 0, Sum: 0, Workers: 4
[6.347s][debug][gc,phases      ] GC(5)     Total                          Min: 0, Avg:  0.0, Max: 0, Diff: 0, Sum: 0, Workers: 4
[6.347s][debug][gc,phases      ] GC(5)   Weak JFR Old Object Samples    Min:  0.0, Avg:  0.0, Max:  0.0, Diff:  0.0, Sum:  0.0, Workers: 4
[6.347s][debug][gc,phases      ] GC(5)     Dead                           Min: 0, Avg:  0.0, Max: 0, Diff: 0, Sum: 0, Workers: 4
[6.347s][debug][gc,phases      ] GC(5)     Total                          Min: 0, Avg:  0.0, Max: 0, Diff: 0, Sum: 0, Workers: 4
[6.347s][debug][gc,phases      ] GC(5) Weak Processing 0.399ms
[6.347s][debug][gc,phases      ] GC(5) ClassLoaderData 0.064ms
[6.347s][debug][gc,phases      ] GC(5) Trigger cleanups 0.000ms
[6.356s][debug][gc,phases      ] GC(5) Purge Unlinked NMethods 0.185ms
[6.356s][debug][gc,phases      ] GC(5) Unregister NMethods 0.073ms
[6.356s][debug][gc,phases      ] GC(5) Free Code Blobs 0.042ms
[6.356s][debug][gc,phases      ] GC(5) Class Unloading 9.290ms
[6.356s][debug][gc,phases      ] GC(5) Report Object Count 0.001ms
[6.356s][info ][gc,phases      ] GC(5) Marking Phase 49.837ms
[6.356s][info ][gc,phases,start] GC(5) Summary Phase
[6.356s][info ][gc,phases      ] GC(5) Summary Phase 0.008ms
[6.356s][info ][gc,phases,start] GC(5) Adjust Roots
[6.365s][info ][gc,phases      ] GC(5) Adjust Roots 8.609ms
[6.365s][info ][gc,phases,start] GC(5) Compaction Phase
[6.696s][info ][gc,phases      ] GC(5) Compaction Phase 331.347ms
[6.696s][info ][gc,phases,start] GC(5) Post Compact
[6.697s][debug][gc,phases      ] GC(5) Purge Class Loader Data 0.302ms
[6.698s][info ][gc,phases      ] GC(5) Post Compact 1.864ms
[6.698s][info ][gc,heap        ] GC(5) PSYoungGen: 77167K(1572864K)->76981K(1572864K) Eden: 0K(1048576K)->0K(1048576K) From: 77167K(524288K)->76981K(524288K)
[6.698s][info ][gc,heap        ] GC(5) ParOldGen: 6067K(6144K)->6032K(6144K)
[6.698s][info ][gc,metaspace   ] GC(5) Metaspace: 59081K(59776K)->59081K(59776K) NonClass: 49665K(50112K)->49665K(50112K) Class: 9416K(9664K)->9416K(9664K)
[6.698s][info ][gc             ] GC(5) Pause Full (Metadata GC Threshold) 81M->81M(1542M) 391.845ms
[6.698s][info ][gc,cpu         ] GC(5) User=0.79s Sys=0.02s Real=0.39s
[6.698s][info ][safepoint      ] Safepoint "CollectForMetadataAllocation", Time since last: 14965292 ns, Reaching safepoint: 4700 ns, Cleanup: 12401 ns, At safepoint: 439586366 ns, Total: 439603467 ns
[7.181s][info ][safepoint      ] Safepoint "ICBufferFull", Time since last: 482185321 ns, Reaching safepoint: 77904 ns, Cleanup: 137707 ns, At safepoint: 8900 ns, Total: 224511 ns
[7.384s][info ][safepoint      ] Safepoint "ICBufferFull", Time since last: 203117651 ns, Reaching safepoint: 231412 ns, Cleanup: 140408 ns, At safepoint: 11500 ns, Total: 383320 ns
[7.482s][info ][safepoint      ] Safepoint "ICBufferFull", Time since last: 97528262 ns, Reaching safepoint: 6100 ns, Cleanup: 153808 ns, At safepoint: 3501 ns, Total: 163409 ns
[7.548s][info ][safepoint      ] Safepoint "ICBufferFull", Time since last: 65730979 ns, Reaching safepoint: 5100 ns, Cleanup: 112306 ns, At safepoint: 10400 ns, Total: 127806 ns
[7.639s][info ][safepoint      ] Safepoint "ICBufferFull", Time since last: 90888811 ns, Reaching safepoint: 6000 ns, Cleanup: 118106 ns, At safepoint: 9601 ns, Total: 133707 ns
[7.767s][info ][safepoint      ] Safepoint "ICBufferFull", Time since last: 128026376 ns, Reaching safepoint: 4300 ns, Cleanup: 119907 ns, At safepoint: 14200 ns, Total: 138407 ns
[7.997s][info ][safepoint      ] Safepoint "ICBufferFull", Time since last: 230278188 ns, Reaching safepoint: 3600 ns, Cleanup: 123507 ns, At safepoint: 2400 ns, Total: 129507 ns
[8.229s][info ][safepoint      ] Safepoint "ICBufferFull", Time since last: 231646460 ns, Reaching safepoint: 3501 ns, Cleanup: 123906 ns, At safepoint: 1700 ns, Total: 129107 ns
[8.486s][info ][safepoint      ] Safepoint "ICBufferFull", Time since last: 257120109 ns, Reaching safepoint: 5100 ns, Cleanup: 126007 ns, At safepoint: 7100 ns, Total: 138207 ns
[8.753s][info ][safepoint      ] Safepoint "ICBufferFull", Time since last: 266092183 ns, Reaching safepoint: 5501 ns, Cleanup: 139907 ns, At safepoint: 5200 ns, Total: 150608 ns
[9.259s][info ][safepoint      ] Safepoint "ICBufferFull", Time since last: 506550411 ns, Reaching safepoint: 5900 ns, Cleanup: 144707 ns, At safepoint: 9501 ns, Total: 160108 ns
[9.515s][info ][safepoint      ] Safepoint "ICBufferFull", Time since last: 255145204 ns, Reaching safepoint: 6300 ns, Cleanup: 129107 ns, At safepoint: 2800 ns, Total: 138207 ns
[9.690s][info ][safepoint      ] Safepoint "ICBufferFull", Time since last: 175505989 ns, Reaching safepoint: 84405 ns, Cleanup: 123106 ns, At safepoint: 9601 ns, Total: 217112 ns
[9.869s][info ][safepoint      ] Safepoint "ICBufferFull", Time since last: 178669456 ns, Reaching safepoint: 89405 ns, Cleanup: 125307 ns, At safepoint: 13900 ns, Total: 228612 ns
[10.874s][info ][safepoint      ] Safepoint "Cleanup", Time since last: 1004169948 ns, Reaching safepoint: 88005 ns, Cleanup: 316416 ns, At safepoint: 12901 ns, Total: 417322 ns
[11.874s][info ][safepoint      ] Safepoint "Cleanup", Time since last: 1000131097 ns, Reaching safepoint: 82704 ns, Cleanup: 13701 ns, At safepoint: 15701 ns, Total: 112106 ns
[12.874s][info ][safepoint      ] Safepoint "Cleanup", Time since last: 1000125331 ns, Reaching safepoint: 85705 ns, Cleanup: 9300 ns, At safepoint: 17001 ns, Total: 112006 ns
[13.380s][info ][safepoint      ] Safepoint "ICBufferFull", Time since last: 505185181 ns, Reaching safepoint: 86404 ns, Cleanup: 129407 ns, At safepoint: 9001 ns, Total: 224812 ns
[13.670s][info ][safepoint      ] Safepoint "ICBufferFull", Time since last: 289819419 ns, Reaching safepoint: 7101 ns, Cleanup: 136707 ns, At safepoint: 7700 ns, Total: 151508 ns
[13.671s][info ][safepoint      ] Safepoint "ICBufferFull", Time since last: 1353670 ns, Reaching safepoint: 2601 ns, Cleanup: 1500 ns, At safepoint: 5300 ns, Total: 9401 ns
[13.850s][info ][safepoint      ] Safepoint "ICBufferFull", Time since last: 178786966 ns, Reaching safepoint: 5700 ns, Cleanup: 159508 ns, At safepoint: 2300 ns, Total: 167508 ns
[13.976s][info ][safepoint      ] Safepoint "ICBufferFull", Time since last: 125873824 ns, Reaching safepoint: 80604 ns, Cleanup: 127506 ns, At safepoint: 9501 ns, Total: 217611 ns
[14.080s][info ][safepoint      ] Safepoint "ICBufferFull", Time since last: 103220749 ns, Reaching safepoint: 86805 ns, Cleanup: 138407 ns, At safepoint: 17601 ns, Total: 242813 ns
[14.443s][info ][safepoint      ] Safepoint "ICBufferFull", Time since last: 363416834 ns, Reaching safepoint: 6200 ns, Cleanup: 121306 ns, At safepoint: 2401 ns, Total: 129907 ns
[15.443s][info ][safepoint      ] Safepoint "Cleanup", Time since last: 1000113830 ns, Reaching safepoint: 7601 ns, Cleanup: 122606 ns, At safepoint: 5900 ns, Total: 136107 ns
[16.444s][info ][safepoint      ] Safepoint "Cleanup", Time since last: 1000142532 ns, Reaching safepoint: 83505 ns, Cleanup: 114106 ns, At safepoint: 10200 ns, Total: 207811 ns
[17.308s][info ][safepoint      ] Safepoint "ICBufferFull", Time since last: 863571655 ns, Reaching safepoint: 6400 ns, Cleanup: 163708 ns, At safepoint: 2401 ns, Total: 172509 ns
[17.514s][info ][safepoint      ] Safepoint "ICBufferFull", Time since last: 206694911 ns, Reaching safepoint: 6801 ns, Cleanup: 125406 ns, At safepoint: 7101 ns, Total: 139308 ns
[17.605s][info ][safepoint      ] Safepoint "ICBufferFull", Time since last: 90088668 ns, Reaching safepoint: 84205 ns, Cleanup: 125406 ns, At safepoint: 12601 ns, Total: 222212 ns
[17.605s][info ][safepoint      ] Safepoint "ICBufferFull", Time since last: 135607 ns, Reaching safepoint: 77404 ns, Cleanup: 3700 ns, At safepoint: 10601 ns, Total: 91705 ns
[17.688s][info ][safepoint      ] Safepoint "ICBufferFull", Time since last: 82701486 ns, Reaching safepoint: 89604 ns, Cleanup: 129607 ns, At safepoint: 13601 ns, Total: 232812 ns
[17.787s][info ][safepoint      ] Safepoint "ICBufferFull", Time since last: 98482104 ns, Reaching safepoint: 82804 ns, Cleanup: 157208 ns, At safepoint: 9601 ns, Total: 249613 ns
[17.854s][info ][gc,start       ] GC(6) Pause Young (Metadata GC Threshold)
[17.955s][debug][gc,phases      ] GC(6) Scavenge 101.050ms
[17.955s][debug][gc,ref         ] GC(6) ReferenceProcessor::execute queues: 4, RefProcThreadModel::Multi, marks_oops_alive: false
[17.956s][debug][gc,ref         ] GC(6) Skipped KeepAliveFinalRefsPhase of Reference Processing: no references
[17.956s][debug][gc,ref         ] GC(6) ReferenceProcessor::execute queues: 4, RefProcThreadModel::Multi, marks_oops_alive: false
[17.956s][debug][gc,phases      ] GC(6) Reference Processing 1.191ms
[17.957s][debug][gc,phases      ] GC(6)   VM Weak                        Min:  0.0, Avg:  0.0, Max:  0.0, Diff:  0.0, Sum:  0.0, Workers: 4
[17.957s][debug][gc,phases      ] GC(6)     Dead                           Min: 0, Avg:  0.0, Max: 0, Diff: 0, Sum: 0, Workers: 4
[17.957s][debug][gc,phases      ] GC(6)     Total                          Min: 128, Avg: 200.8, Max: 320, Diff: 192, Sum: 803, Workers: 4
[17.957s][debug][gc,phases      ] GC(6)   ObjectSynchronizer Weak        Min:  0.0, Avg:  0.0, Max:  0.0, Diff:  0.0, Sum:  0.0, Workers: 4
[17.957s][debug][gc,phases      ] GC(6)     Dead                           Min: 0, Avg:  7.8, Max: 31, Diff: 31, Sum: 31, Workers: 4
[17.957s][debug][gc,phases      ] GC(6)     Total                          Min: 0, Avg: 16.0, Max: 64, Diff: 64, Sum: 64, Workers: 4
[17.957s][debug][gc,phases      ] GC(6)   JVMTI Tag Weak OopStorage      Min:  0.0, Avg:  0.0, Max:  0.0, Diff:  0.0, Sum:  0.0, Workers: 4
[17.957s][debug][gc,phases      ] GC(6)     Dead                           Min: 0, Avg:  0.0, Max: 0, Diff: 0, Sum: 0, Workers: 4
[17.957s][debug][gc,phases      ] GC(6)     Total                          Min: 0, Avg:  0.0, Max: 0, Diff: 0, Sum: 0, Workers: 4
[17.957s][debug][gc,phases      ] GC(6)   StringTable Weak               Min:  0.5, Avg:  0.5, Max:  0.5, Diff:  0.0, Sum:  1.8, Workers: 4
[17.957s][debug][gc,phases      ] GC(6)     Dead                           Min: 5, Avg:  9.8, Max: 14, Diff: 9, Sum: 39, Workers: 4
[17.957s][debug][gc,phases      ] GC(6)     Total                          Min: 10688, Avg: 10995.5, Max: 11392, Diff: 704, Sum: 43982, Workers: 4
[17.957s][debug][gc,phases      ] GC(6)   ResolvedMethodTable Weak       Min:  0.2, Avg:  0.2, Max:  0.2, Diff:  0.0, Sum:  0.8, Workers: 4
[17.957s][debug][gc,phases      ] GC(6)     Dead                           Min: 844, Avg: 1048.2, Max: 1202, Diff: 358, Sum: 4193, Workers: 4
[17.957s][debug][gc,phases      ] GC(6)     Total                          Min: 4352, Avg: 4448.8, Max: 4544, Diff: 192, Sum: 17795, Workers: 4
[17.957s][debug][gc,phases      ] GC(6)   JNI Weak                       Min:  0.0, Avg:  0.0, Max:  0.0, Diff:  0.0, Sum:  0.0, Workers: 4
[17.957s][debug][gc,phases      ] GC(6)     Dead                           Min: 0, Avg:  0.0, Max: 0, Diff: 0, Sum: 0, Workers: 4
[17.957s][debug][gc,phases      ] GC(6)     Total                          Min: 0, Avg: 22.5, Max: 52, Diff: 52, Sum: 90, Workers: 4
[17.957s][debug][gc,phases      ] GC(6)   StringDedup Table Weak         Min:  0.0, Avg:  0.0, Max:  0.0, Diff:  0.0, Sum:  0.0, Workers: 4
[17.957s][debug][gc,phases      ] GC(6)     Dead                           Min: 0, Avg:  0.0, Max: 0, Diff: 0, Sum: 0, Workers: 4
[17.957s][debug][gc,phases      ] GC(6)     Total                          Min: 0, Avg:  0.0, Max: 0, Diff: 0, Sum: 0, Workers: 4
[17.957s][debug][gc,phases      ] GC(6)   StringDedup Requests0 Weak     Min:  0.0, Avg:  0.0, Max:  0.0, Diff:  0.0, Sum:  0.0, Workers: 4
[17.957s][debug][gc,phases      ] GC(6)     Dead                           Min: 0, Avg:  0.0, Max: 0, Diff: 0, Sum: 0, Workers: 4
[17.957s][debug][gc,phases      ] GC(6)     Total                          Min: 0, Avg:  0.0, Max: 0, Diff: 0, Sum: 0, Workers: 4
[17.957s][debug][gc,phases      ] GC(6)   StringDedup Requests1 Weak     Min:  0.0, Avg:  0.0, Max:  0.0, Diff:  0.0, Sum:  0.0, Workers: 4
[17.957s][debug][gc,phases      ] GC(6)     Dead                           Min: 0, Avg:  0.0, Max: 0, Diff: 0, Sum: 0, Workers: 4
[17.957s][debug][gc,phases      ] GC(6)     Total                          Min: 0, Avg:  0.0, Max: 0, Diff: 0, Sum: 0, Workers: 4
[17.957s][debug][gc,phases      ] GC(6)   Weak JFR Old Object Samples    Min:  0.0, Avg:  0.0, Max:  0.0, Diff:  0.0, Sum:  0.0, Workers: 4
[17.957s][debug][gc,phases      ] GC(6)     Dead                           Min: 0, Avg:  0.0, Max: 0, Diff: 0, Sum: 0, Workers: 4
[17.957s][debug][gc,phases      ] GC(6)     Total                          Min: 0, Avg:  0.0, Max: 0, Diff: 0, Sum: 0, Workers: 4
[17.957s][debug][gc,phases      ] GC(6) Weak Processing 0.899ms
[17.957s][debug][gc,age         ] GC(6) Desired survivor size 536870912 bytes, new threshold 7 (max threshold 15)
[17.957s][info ][gc,heap        ] GC(6) PSYoungGen: 1042803K(1572864K)->145403K(1572864K) Eden: 965822K(1048576K)->0K(1048576K) From: 76981K(524288K)->145403K(524288K)
[17.957s][info ][gc,heap        ] GC(6) ParOldGen: 6032K(6144K)->6101K(6144K)
[17.957s][info ][gc,metaspace   ] GC(6) Metaspace: 98556K(99648K)->98556K(99648K) NonClass: 83156K(83776K)->83156K(83776K) Class: 15399K(15872K)->15399K(15872K)
[17.957s][info ][gc             ] GC(6) Pause Young (Metadata GC Threshold) 1024M->147M(1542M) 103.288ms
[17.957s][info ][gc,cpu         ] GC(6) User=0.28s Sys=0.04s Real=0.10s
[17.957s][debug][gc,phases      ] GC(7) Pre Compact 0.010ms
[17.957s][info ][gc,start       ] GC(7) Pause Full (Metadata GC Threshold)
[17.957s][info ][gc,phases,start] GC(7) Marking Phase
[18.026s][debug][gc,phases      ] GC(7) Par Mark 69.270ms
[18.027s][debug][gc,ref         ] GC(7) ReferenceProcessor::execute queues: 4, RefProcThreadModel::Multi, marks_oops_alive: false
[18.027s][debug][gc,ref         ] GC(7) Skipped KeepAliveFinalRefsPhase of Reference Processing: no references
[18.027s][debug][gc,ref         ] GC(7) ReferenceProcessor::execute queues: 1, RefProcThreadModel::Single, marks_oops_alive: false
[18.027s][debug][gc,phases      ] GC(7) Reference Processing 0.458ms
[18.027s][debug][gc,phases      ] GC(7)   VM Weak                        Min:  0.0, Avg:  0.0, Max:  0.0, Diff:  0.0, Sum:  0.0, Workers: 4
[18.027s][debug][gc,phases      ] GC(7)     Dead                           Min: 0, Avg:  0.0, Max: 0, Diff: 0, Sum: 0, Workers: 4
[18.027s][debug][gc,phases      ] GC(7)     Total                          Min: 0, Avg: 200.8, Max: 291, Diff: 291, Sum: 803, Workers: 4
[18.027s][debug][gc,phases      ] GC(7)   ObjectSynchronizer Weak        Min:  0.0, Avg:  0.0, Max:  0.0, Diff:  0.0, Sum:  0.0, Workers: 4
[18.027s][debug][gc,phases      ] GC(7)     Dead                           Min: 0, Avg:  0.0, Max: 0, Diff: 0, Sum: 0, Workers: 4
[18.027s][debug][gc,phases      ] GC(7)     Total                          Min: 0, Avg: 16.0, Max: 64, Diff: 64, Sum: 64, Workers: 4
[18.027s][debug][gc,phases      ] GC(7)   JVMTI Tag Weak OopStorage      Min:  0.0, Avg:  0.0, Max:  0.0, Diff:  0.0, Sum:  0.0, Workers: 4
[18.027s][debug][gc,phases      ] GC(7)     Dead                           Min: 0, Avg:  0.0, Max: 0, Diff: 0, Sum: 0, Workers: 4
[18.027s][debug][gc,phases      ] GC(7)     Total                          Min: 0, Avg:  0.0, Max: 0, Diff: 0, Sum: 0, Workers: 4
[18.027s][debug][gc,phases      ] GC(7)   StringTable Weak               Min:  0.2, Avg:  0.2, Max:  0.2, Diff:  0.0, Sum:  0.6, Workers: 4
[18.027s][debug][gc,phases      ] GC(7)     Dead                           Min: 0, Avg:  0.0, Max: 0, Diff: 0, Sum: 0, Workers: 4
[18.027s][debug][gc,phases      ] GC(7)     Total                          Min: 10816, Avg: 10995.5, Max: 11136, Diff: 320, Sum: 43982, Workers: 4
[18.027s][debug][gc,phases      ] GC(7)   ResolvedMethodTable Weak       Min:  0.1, Avg:  0.1, Max:  0.1, Diff:  0.0, Sum:  0.2, Workers: 4
[18.027s][debug][gc,phases      ] GC(7)     Dead                           Min: 0, Avg:  0.0, Max: 0, Diff: 0, Sum: 0, Workers: 4
[18.027s][debug][gc,phases      ] GC(7)     Total                          Min: 4352, Avg: 4448.8, Max: 4544, Diff: 192, Sum: 17795, Workers: 4
[18.027s][debug][gc,phases      ] GC(7)   JNI Weak                       Min:  0.0, Avg:  0.0, Max:  0.0, Diff:  0.0, Sum:  0.0, Workers: 4
[18.027s][debug][gc,phases      ] GC(7)     Dead                           Min: 0, Avg:  0.0, Max: 0, Diff: 0, Sum: 0, Workers: 4
[18.027s][debug][gc,phases      ] GC(7)     Total                          Min: 0, Avg: 22.5, Max: 52, Diff: 52, Sum: 90, Workers: 4
[18.027s][debug][gc,phases      ] GC(7)   StringDedup Table Weak         Min:  0.0, Avg:  0.0, Max:  0.0, Diff:  0.0, Sum:  0.0, Workers: 4
[18.027s][debug][gc,phases      ] GC(7)     Dead                           Min: 0, Avg:  0.0, Max: 0, Diff: 0, Sum: 0, Workers: 4
[18.027s][debug][gc,phases      ] GC(7)     Total                          Min: 0, Avg:  0.0, Max: 0, Diff: 0, Sum: 0, Workers: 4
[18.027s][debug][gc,phases      ] GC(7)   StringDedup Requests0 Weak     Min:  0.0, Avg:  0.0, Max:  0.0, Diff:  0.0, Sum:  0.0, Workers: 4
[18.027s][debug][gc,phases      ] GC(7)     Dead                           Min: 0, Avg:  0.0, Max: 0, Diff: 0, Sum: 0, Workers: 4
[18.027s][debug][gc,phases      ] GC(7)     Total                          Min: 0, Avg:  0.0, Max: 0, Diff: 0, Sum: 0, Workers: 4
[18.027s][debug][gc,phases      ] GC(7)   StringDedup Requests1 Weak     Min:  0.0, Avg:  0.0, Max:  0.0, Diff:  0.0, Sum:  0.0, Workers: 4
[18.027s][debug][gc,phases      ] GC(7)     Dead                           Min: 0, Avg:  0.0, Max: 0, Diff: 0, Sum: 0, Workers: 4
[18.027s][debug][gc,phases      ] GC(7)     Total                          Min: 0, Avg:  0.0, Max: 0, Diff: 0, Sum: 0, Workers: 4
[18.027s][debug][gc,phases      ] GC(7)   Weak JFR Old Object Samples    Min:  0.0, Avg:  0.0, Max:  0.0, Diff:  0.0, Sum:  0.0, Workers: 4
[18.027s][debug][gc,phases      ] GC(7)     Dead                           Min: 0, Avg:  0.0, Max: 0, Diff: 0, Sum: 0, Workers: 4
[18.027s][debug][gc,phases      ] GC(7)     Total                          Min: 0, Avg:  0.0, Max: 0, Diff: 0, Sum: 0, Workers: 4
[18.027s][debug][gc,phases      ] GC(7) Weak Processing 0.465ms
[18.028s][debug][gc,phases      ] GC(7) ClassLoaderData 0.111ms
[18.028s][debug][gc,phases      ] GC(7) Trigger cleanups 0.000ms
[18.050s][debug][gc,phases      ] GC(7) Purge Unlinked NMethods 0.382ms
[18.051s][debug][gc,phases      ] GC(7) Unregister NMethods 0.482ms
[18.051s][debug][gc,phases      ] GC(7) Free Code Blobs 0.072ms
[18.051s][debug][gc,phases      ] GC(7) Class Unloading 23.330ms
[18.051s][debug][gc,phases      ] GC(7) Report Object Count 0.001ms
[18.051s][info ][gc,phases      ] GC(7) Marking Phase 93.597ms
[18.051s][info ][gc,phases,start] GC(7) Summary Phase
[18.051s][info ][gc,phases      ] GC(7) Summary Phase 0.009ms
[18.051s][info ][gc,phases,start] GC(7) Adjust Roots
[18.072s][info ][gc,phases      ] GC(7) Adjust Roots 20.847ms
[18.072s][info ][gc,phases,start] GC(7) Compaction Phase
[18.659s][info ][gc,phases      ] GC(7) Compaction Phase 586.942ms
[18.659s][info ][gc,phases,start] GC(7) Post Compact
[18.660s][debug][gc,phases      ] GC(7) Purge Class Loader Data 1.392ms
[18.665s][info ][gc,phases      ] GC(7) Post Compact 6.187ms
[18.665s][info ][gc,heap        ] GC(7) PSYoungGen: 145403K(1572864K)->144877K(1572864K) Eden: 0K(1048576K)->0K(1048576K) From: 145403K(524288K)->144877K(524288K)
[18.665s][info ][gc,heap        ] GC(7) ParOldGen: 6101K(6144K)->6080K(6144K)
[18.665s][info ][gc,metaspace   ] GC(7) Metaspace: 98556K(99648K)->98556K(99648K) NonClass: 83156K(83776K)->83156K(83776K) Class: 15399K(15872K)->15399K(15872K)
[18.665s][info ][gc             ] GC(7) Pause Full (Metadata GC Threshold) 147M->147M(1542M) 707.799ms
[18.665s][info ][gc,cpu         ] GC(7) User=1.47s Sys=0.02s Real=0.71s
[18.673s][info ][safepoint      ] Safepoint "CollectForMetadataAllocation", Time since last: 67037574 ns, Reaching safepoint: 80504 ns, Cleanup: 71104 ns, At safepoint: 818824735 ns, Total: 818976343 ns
[18.803s][info ][safepoint      ] Safepoint "ICBufferFull", Time since last: 130107643 ns, Reaching safepoint: 7200 ns, Cleanup: 174809 ns, At safepoint: 12301 ns, Total: 194310 ns
[18.927s][info ][safepoint      ] Safepoint "ICBufferFull", Time since last: 124161435 ns, Reaching safepoint: 7300 ns, Cleanup: 156508 ns, At safepoint: 10201 ns, Total: 174009 ns
[19.071s][info ][safepoint      ] Safepoint "ICBufferFull", Time since last: 143331628 ns, Reaching safepoint: 98205 ns, Cleanup: 147207 ns, At safepoint: 12901 ns, Total: 258313 ns
[19.212s][info ][safepoint      ] Safepoint "ICBufferFull", Time since last: 140907203 ns, Reaching safepoint: 6000 ns, Cleanup: 138907 ns, At safepoint: 2200 ns, Total: 147107 ns
[19.449s][info ][safepoint      ] Safepoint "ICBufferFull", Time since last: 236871976 ns, Reaching safepoint: 8400 ns, Cleanup: 155609 ns, At safepoint: 3100 ns, Total: 167109 ns
[19.655s][info ][safepoint      ] Safepoint "ICBufferFull", Time since last: 205501450 ns, Reaching safepoint: 5600 ns, Cleanup: 220811 ns, At safepoint: 3201 ns, Total: 229612 ns
[19.877s][info ][safepoint      ] Safepoint "ICBufferFull", Time since last: 221753461 ns, Reaching safepoint: 88106 ns, Cleanup: 147210 ns, At safepoint: 11500 ns, Total: 246816 ns
[20.137s][info ][safepoint      ] Safepoint "ICBufferFull", Time since last: 260268430 ns, Reaching safepoint: 84806 ns, Cleanup: 129208 ns, At safepoint: 10901 ns, Total: 224915 ns
[20.339s][info ][safepoint      ] Safepoint "ICBufferFull", Time since last: 201248414 ns, Reaching safepoint: 7500 ns, Cleanup: 125208 ns, At safepoint: 10301 ns, Total: 143009 ns
[20.592s][info ][safepoint      ] Safepoint "ICBufferFull", Time since last: 253390985 ns, Reaching safepoint: 84006 ns, Cleanup: 139709 ns, At safepoint: 20801 ns, Total: 244516 ns
[20.944s][info ][safepoint      ] Safepoint "ICBufferFull", Time since last: 351371521 ns, Reaching safepoint: 86306 ns, Cleanup: 132408 ns, At safepoint: 11201 ns, Total: 229915 ns
[21.331s][info ][safepoint      ] Safepoint "ICBufferFull", Time since last: 387088431 ns, Reaching safepoint: 238815 ns, Cleanup: 137409 ns, At safepoint: 13301 ns, Total: 389525 ns
[21.768s][info ][gc,start       ] GC(8) Pause Young (Allocation Failure)
[21.873s][debug][gc,phases      ] GC(8) Scavenge 104.830ms
[21.873s][debug][gc,ref         ] GC(8) ReferenceProcessor::execute queues: 4, RefProcThreadModel::Multi, marks_oops_alive: false
[21.874s][debug][gc,ref         ] GC(8) Skipped KeepAliveFinalRefsPhase of Reference Processing: no references
[21.874s][debug][gc,ref         ] GC(8) ReferenceProcessor::execute queues: 1, RefProcThreadModel::Single, marks_oops_alive: false
[21.874s][debug][gc,phases      ] GC(8) Reference Processing 0.972ms
[21.875s][debug][gc,phases      ] GC(8)   VM Weak                        Min:  0.0, Avg:  0.0, Max:  0.0, Diff:  0.0, Sum:  0.0, Workers: 4
[21.875s][debug][gc,phases      ] GC(8)     Dead                           Min: 0, Avg:  0.0, Max: 0, Diff: 0, Sum: 0, Workers: 4
[21.875s][debug][gc,phases      ] GC(8)     Total                          Min: 0, Avg: 208.5, Max: 320, Diff: 320, Sum: 834, Workers: 4
[21.875s][debug][gc,phases      ] GC(8)   ObjectSynchronizer Weak        Min:  0.0, Avg:  0.0, Max:  0.0, Diff:  0.0, Sum:  0.0, Workers: 4
[21.875s][debug][gc,phases      ] GC(8)     Dead                           Min: 0, Avg:  0.0, Max: 0, Diff: 0, Sum: 0, Workers: 4
[21.875s][debug][gc,phases      ] GC(8)     Total                          Min: 0, Avg: 16.0, Max: 64, Diff: 64, Sum: 64, Workers: 4
[21.875s][debug][gc,phases      ] GC(8)   JVMTI Tag Weak OopStorage      Min:  0.0, Avg:  0.0, Max:  0.0, Diff:  0.0, Sum:  0.0, Workers: 4
[21.875s][debug][gc,phases      ] GC(8)     Dead                           Min: 0, Avg:  0.0, Max: 0, Diff: 0, Sum: 0, Workers: 4
[21.875s][debug][gc,phases      ] GC(8)     Total                          Min: 0, Avg:  0.0, Max: 0, Diff: 0, Sum: 0, Workers: 4
[21.875s][debug][gc,phases      ] GC(8)   StringTable Weak               Min:  0.0, Avg:  0.4, Max:  0.6, Diff:  0.6, Sum:  1.8, Workers: 4
[21.875s][debug][gc,phases      ] GC(8)     Dead                           Min: 0, Avg:  1.0, Max: 3, Diff: 3, Sum: 4, Workers: 4
[21.875s][debug][gc,phases      ] GC(8)     Total                          Min: 0, Avg: 11136.0, Max: 15168, Diff: 15168, Sum: 44544, Workers: 4
[21.875s][debug][gc,phases      ] GC(8)   ResolvedMethodTable Weak       Min:  0.0, Avg:  0.1, Max:  0.2, Diff:  0.2, Sum:  0.6, Workers: 4
[21.875s][debug][gc,phases      ] GC(8)     Dead                           Min: 0, Avg: 31.8, Max: 64, Diff: 64, Sum: 127, Workers: 4
[21.875s][debug][gc,phases      ] GC(8)     Total                          Min: 0, Avg: 3508.2, Max: 4873, Diff: 4873, Sum: 14033, Workers: 4
[21.875s][debug][gc,phases      ] GC(8)   JNI Weak                       Min:  0.0, Avg:  0.0, Max:  0.0, Diff:  0.0, Sum:  0.0, Workers: 4
[21.875s][debug][gc,phases      ] GC(8)     Dead                           Min: 0, Avg:  0.0, Max: 0, Diff: 0, Sum: 0, Workers: 4
[21.875s][debug][gc,phases      ] GC(8)     Total                          Min: 0, Avg: 19.5, Max: 52, Diff: 52, Sum: 78, Workers: 4
[21.875s][debug][gc,phases      ] GC(8)   StringDedup Table Weak         Min:  0.0, Avg:  0.0, Max:  0.0, Diff:  0.0, Sum:  0.0, Workers: 4
[21.875s][debug][gc,phases      ] GC(8)     Dead                           Min: 0, Avg:  0.0, Max: 0, Diff: 0, Sum: 0, Workers: 4
[21.875s][debug][gc,phases      ] GC(8)     Total                          Min: 0, Avg:  0.0, Max: 0, Diff: 0, Sum: 0, Workers: 4
[21.875s][debug][gc,phases      ] GC(8)   StringDedup Requests0 Weak     Min:  0.0, Avg:  0.0, Max:  0.0, Diff:  0.0, Sum:  0.0, Workers: 4
[21.875s][debug][gc,phases      ] GC(8)     Dead                           Min: 0, Avg:  0.0, Max: 0, Diff: 0, Sum: 0, Workers: 4
[21.875s][debug][gc,phases      ] GC(8)     Total                          Min: 0, Avg:  0.0, Max: 0, Diff: 0, Sum: 0, Workers: 4
[21.875s][debug][gc,phases      ] GC(8)   StringDedup Requests1 Weak     Min:  0.0, Avg:  0.0, Max:  0.0, Diff:  0.0, Sum:  0.0, Workers: 4
[21.875s][debug][gc,phases      ] GC(8)     Dead                           Min: 0, Avg:  0.0, Max: 0, Diff: 0, Sum: 0, Workers: 4
[21.875s][debug][gc,phases      ] GC(8)     Total                          Min: 0, Avg:  0.0, Max: 0, Diff: 0, Sum: 0, Workers: 4
[21.875s][debug][gc,phases      ] GC(8)   Weak JFR Old Object Samples    Min:  0.0, Avg:  0.0, Max:  0.0, Diff:  0.0, Sum:  0.0, Workers: 4
[21.875s][debug][gc,phases      ] GC(8)     Dead                           Min: 0, Avg:  0.0, Max: 0, Diff: 0, Sum: 0, Workers: 4
[21.875s][debug][gc,phases      ] GC(8)     Total                          Min: 0, Avg:  0.0, Max: 0, Diff: 0, Sum: 0, Workers: 4
[21.875s][debug][gc,phases      ] GC(8) Weak Processing 1.100ms
[21.875s][debug][gc,age         ] GC(8) Desired survivor size 232783872 bytes, new threshold 6 (max threshold 15)
[21.875s][info ][gc,heap        ] GC(8) PSYoungGen: 1193453K(1572864K)->212251K(1572864K) Eden: 1048576K(1048576K)->0K(1048576K) From: 144877K(524288K)->212251K(524288K)
[21.875s][info ][gc,heap        ] GC(8) ParOldGen: 6080K(6144K)->6104K(6144K)
[21.875s][info ][gc,metaspace   ] GC(8) Metaspace: 100991K(102208K)->100991K(102208K) NonClass: 85411K(86080K)->85411K(86080K) Class: 15580K(16128K)->15580K(16128K)
[21.875s][info ][gc             ] GC(8) Pause Young (Allocation Failure) 1171M->213M(1542M) 107.086ms
[21.875s][info ][gc,cpu         ] GC(8) User=0.34s Sys=0.04s Real=0.10s
[21.875s][info ][safepoint      ] Safepoint "ParallelGCFailedAllocation", Time since last: 436590732 ns, Reaching safepoint: 171711 ns, Cleanup: 91606 ns, At safepoint: 107214733 ns, Total: 107478050 ns
[22.361s][info ][safepoint      ] Safepoint "ICBufferFull", Time since last: 485882619 ns, Reaching safepoint: 90706 ns, Cleanup: 138409 ns, At safepoint: 19001 ns, Total: 248116 ns
[23.096s][info ][safepoint      ] Safepoint "ICBufferFull", Time since last: 734560900 ns, Reaching safepoint: 84005 ns, Cleanup: 152510 ns, At safepoint: 13701 ns, Total: 250216 ns
[23.550s][info ][safepoint      ] Safepoint "ICBufferFull", Time since last: 453221907 ns, Reaching safepoint: 8601 ns, Cleanup: 152510 ns, At safepoint: 6500 ns, Total: 167611 ns
[24.098s][info ][safepoint      ] Safepoint "ICBufferFull", Time since last: 548300488 ns, Reaching safepoint: 7201 ns, Cleanup: 134507 ns, At safepoint: 12200 ns, Total: 153908 ns
[24.939s][info ][safepoint      ] Safepoint "ICBufferFull", Time since last: 840334935 ns, Reaching safepoint: 8300 ns, Cleanup: 174209 ns, At safepoint: 2900 ns, Total: 185409 ns
[25.695s][info ][safepoint      ] Safepoint "ICBufferFull", Time since last: 755655007 ns, Reaching safepoint: 83005 ns, Cleanup: 167108 ns, At safepoint: 6201 ns, Total: 256314 ns
[26.695s][info ][safepoint      ] Safepoint "Cleanup", Time since last: 1000124988 ns, Reaching safepoint: 82705 ns, Cleanup: 138907 ns, At safepoint: 8800 ns, Total: 230412 ns
[27.695s][info ][safepoint      ] Safepoint "Cleanup", Time since last: 1000116200 ns, Reaching safepoint: 79404 ns, Cleanup: 88305 ns, At safepoint: 8900 ns, Total: 176609 ns
[28.695s][info ][safepoint      ] Safepoint "Cleanup", Time since last: 1000108152 ns, Reaching safepoint: 77304 ns, Cleanup: 72003 ns, At safepoint: 6301 ns, Total: 155608 ns
[29.696s][info ][safepoint      ] Safepoint "Cleanup", Time since last: 1000123652 ns, Reaching safepoint: 8001 ns, Cleanup: 36401 ns, At safepoint: 9701 ns, Total: 54103 ns
[30.696s][info ][safepoint      ] Safepoint "Cleanup", Time since last: 1000125452 ns, Reaching safepoint: 154709 ns, Cleanup: 50802 ns, At safepoint: 16901 ns, Total: 222412 ns
[31.696s][info ][safepoint      ] Safepoint "Cleanup", Time since last: 1000129253 ns, Reaching safepoint: 82904 ns, Cleanup: 37802 ns, At safepoint: 7201 ns, Total: 127907 ns
[32.696s][info ][safepoint      ] Safepoint "Cleanup", Time since last: 1000131952 ns, Reaching safepoint: 82605 ns, Cleanup: 44502 ns, At safepoint: 6700 ns, Total: 133807 ns
[33.697s][info ][safepoint      ] Safepoint "Cleanup", Time since last: 1000136753 ns, Reaching safepoint: 85705 ns, Cleanup: 22901 ns, At safepoint: 7401 ns, Total: 116007 ns
[34.697s][info ][safepoint      ] Safepoint "Cleanup", Time since last: 1000131252 ns, Reaching safepoint: 78404 ns, Cleanup: 38702 ns, At safepoint: 7101 ns, Total: 124207 ns
[35.697s][info ][safepoint      ] Safepoint "Cleanup", Time since last: 1000115526 ns, Reaching safepoint: 79704 ns, Cleanup: 31202 ns, At safepoint: 6200 ns, Total: 117106 ns
[36.697s][info ][safepoint      ] Safepoint "Cleanup", Time since last: 1000124422 ns, Reaching safepoint: 80204 ns, Cleanup: 24501 ns, At safepoint: 6701 ns, Total: 111406 ns
[37.698s][info ][safepoint      ] Safepoint "Cleanup", Time since last: 1000148022 ns, Reaching safepoint: 78704 ns, Cleanup: 116306 ns, At safepoint: 6801 ns, Total: 201811 ns
[38.648s][info ][gc,start       ] GC(9) Pause Young (Allocation Failure)
[38.755s][debug][gc,phases      ] GC(9) Scavenge 107.127ms
[38.755s][debug][gc,ref         ] GC(9) ReferenceProcessor::execute queues: 4, RefProcThreadModel::Multi, marks_oops_alive: false
[38.755s][debug][gc,ref         ] GC(9) Skipped KeepAliveFinalRefsPhase of Reference Processing: no references
[38.756s][debug][gc,ref         ] GC(9) ReferenceProcessor::execute queues: 1, RefProcThreadModel::Single, marks_oops_alive: false
[38.756s][debug][gc,phases      ] GC(9) Reference Processing 0.728ms
[38.756s][debug][gc,phases      ] GC(9)   VM Weak                        Min:  0.0, Avg:  0.0, Max:  0.0, Diff:  0.0, Sum:  0.0, Workers: 4
[38.756s][debug][gc,phases      ] GC(9)     Dead                           Min: 0, Avg:  0.0, Max: 0, Diff: 0, Sum: 0, Workers: 4
[38.756s][debug][gc,phases      ] GC(9)     Total                          Min: 0, Avg: 212.5, Max: 384, Diff: 384, Sum: 850, Workers: 4
[38.756s][debug][gc,phases      ] GC(9)   ObjectSynchronizer Weak        Min:  0.0, Avg:  0.0, Max:  0.0, Diff:  0.0, Sum:  0.0, Workers: 4
[38.756s][debug][gc,phases      ] GC(9)     Dead                           Min: 0, Avg:  0.0, Max: 0, Diff: 0, Sum: 0, Workers: 4
[38.756s][debug][gc,phases      ] GC(9)     Total                          Min: 0, Avg: 16.0, Max: 64, Diff: 64, Sum: 64, Workers: 4
[38.756s][debug][gc,phases      ] GC(9)   JVMTI Tag Weak OopStorage      Min:  0.0, Avg:  0.0, Max:  0.0, Diff:  0.0, Sum:  0.0, Workers: 4
[38.756s][debug][gc,phases      ] GC(9)     Dead                           Min: 0, Avg:  0.0, Max: 0, Diff: 0, Sum: 0, Workers: 4
[38.756s][debug][gc,phases      ] GC(9)     Total                          Min: 0, Avg:  0.0, Max: 0, Diff: 0, Sum: 0, Workers: 4
[38.756s][debug][gc,phases      ] GC(9)   StringTable Weak               Min:  0.0, Avg:  0.4, Max:  0.5, Diff:  0.5, Sum:  1.6, Workers: 4
[38.756s][debug][gc,phases      ] GC(9)     Dead                           Min: 0, Avg:  0.8, Max: 2, Diff: 2, Sum: 3, Workers: 4
[38.756s][debug][gc,phases      ] GC(9)     Total                          Min: 0, Avg: 11259.5, Max: 18112, Diff: 18112, Sum: 45038, Workers: 4
[38.756s][debug][gc,phases      ] GC(9)   ResolvedMethodTable Weak       Min:  0.0, Avg:  0.1, Max:  0.2, Diff:  0.2, Sum:  0.5, Workers: 4
[38.756s][debug][gc,phases      ] GC(9)     Dead                           Min: 0, Avg: 11.0, Max: 25, Diff: 25, Sum: 44, Workers: 4
[38.756s][debug][gc,phases      ] GC(9)     Total                          Min: 0, Avg: 3544.5, Max: 5796, Diff: 5796, Sum: 14178, Workers: 4
[38.756s][debug][gc,phases      ] GC(9)   JNI Weak                       Min:  0.0, Avg:  0.0, Max:  0.0, Diff:  0.0, Sum:  0.0, Workers: 4
[38.756s][debug][gc,phases      ] GC(9)     Dead                           Min: 0, Avg:  0.0, Max: 0, Diff: 0, Sum: 0, Workers: 4
[38.756s][debug][gc,phases      ] GC(9)     Total                          Min: 0, Avg: 13.0, Max: 52, Diff: 52, Sum: 52, Workers: 4
[38.756s][debug][gc,phases      ] GC(9)   StringDedup Table Weak         Min:  0.0, Avg:  0.0, Max:  0.0, Diff:  0.0, Sum:  0.0, Workers: 4
[38.756s][debug][gc,phases      ] GC(9)     Dead                           Min: 0, Avg:  0.0, Max: 0, Diff: 0, Sum: 0, Workers: 4
[38.756s][debug][gc,phases      ] GC(9)     Total                          Min: 0, Avg:  0.0, Max: 0, Diff: 0, Sum: 0, Workers: 4
[38.756s][debug][gc,phases      ] GC(9)   StringDedup Requests0 Weak     Min:  0.0, Avg:  0.0, Max:  0.0, Diff:  0.0, Sum:  0.0, Workers: 4
[38.756s][debug][gc,phases      ] GC(9)     Dead                           Min: 0, Avg:  0.0, Max: 0, Diff: 0, Sum: 0, Workers: 4
[38.756s][debug][gc,phases      ] GC(9)     Total                          Min: 0, Avg:  0.0, Max: 0, Diff: 0, Sum: 0, Workers: 4
[38.756s][debug][gc,phases      ] GC(9)   StringDedup Requests1 Weak     Min:  0.0, Avg:  0.0, Max:  0.0, Diff:  0.0, Sum:  0.0, Workers: 4
[38.756s][debug][gc,phases      ] GC(9)     Dead                           Min: 0, Avg:  0.0, Max: 0, Diff: 0, Sum: 0, Workers: 4
[38.756s][debug][gc,phases      ] GC(9)     Total                          Min: 0, Avg:  0.0, Max: 0, Diff: 0, Sum: 0, Workers: 4
[38.757s][debug][gc,phases      ] GC(9)   Weak JFR Old Object Samples    Min:  0.0, Avg:  0.0, Max:  0.0, Diff:  0.0, Sum:  0.0, Workers: 4
[38.757s][debug][gc,phases      ] GC(9)     Dead                           Min: 0, Avg:  0.0, Max: 0, Diff: 0, Sum: 0, Workers: 4
[38.757s][debug][gc,phases      ] GC(9)     Total                          Min: 0, Avg:  0.0, Max: 0, Diff: 0, Sum: 0, Workers: 4
[38.757s][debug][gc,phases      ] GC(9) Weak Processing 0.975ms
[38.757s][debug][gc,age         ] GC(9) Desired survivor size 275775488 bytes, new threshold 5 (max threshold 15)
[38.757s][info ][gc,heap        ] GC(9) PSYoungGen: 1260827K(1572864K)->214860K(1785856K) Eden: 1048576K(1048576K)->0K(1558528K) From: 212251K(524288K)->214860K(227328K)
[38.757s][info ][gc,heap        ] GC(9) ParOldGen: 6104K(6144K)->6112K(6144K)
[38.757s][info ][gc,metaspace   ] GC(9) Metaspace: 102085K(103296K)->102085K(103296K) NonClass: 86450K(87104K)->86450K(87104K) Class: 15635K(16192K)->15635K(16192K)
[38.757s][info ][gc             ] GC(9) Pause Young (Allocation Failure) 1237M->215M(1750M) 109.146ms
[38.757s][info ][gc,cpu         ] GC(9) User=0.34s Sys=0.05s Real=0.10s
[38.757s][info ][safepoint      ] Safepoint "ParallelGCFailedAllocation", Time since last: 949685473 ns, Reaching safepoint: 8901 ns, Cleanup: 47302 ns, At safepoint: 109240218 ns, Total: 109296421 ns
[39.757s][info ][safepoint      ] Safepoint "Cleanup", Time since last: 1000083820 ns, Reaching safepoint: 6200 ns, Cleanup: 38102 ns, At safepoint: 2400 ns, Total: 46702 ns
[39.961s][info ][safepoint      ] Safepoint "ICBufferFull", Time since last: 203672689 ns, Reaching safepoint: 6300 ns, Cleanup: 125706 ns, At safepoint: 2201 ns, Total: 134207 ns
[40.961s][info ][safepoint      ] Safepoint "Cleanup", Time since last: 1000129521 ns, Reaching safepoint: 9001 ns, Cleanup: 138107 ns, At safepoint: 3500 ns, Total: 150608 ns
[41.961s][info ][safepoint      ] Safepoint "Cleanup", Time since last: 1000128322 ns, Reaching safepoint: 7000 ns, Cleanup: 10901 ns, At safepoint: 2400 ns, Total: 20301 ns
[42.961s][info ][safepoint      ] Safepoint "Cleanup", Time since last: 1000118521 ns, Reaching safepoint: 7001 ns, Cleanup: 10900 ns, At safepoint: 3000 ns, Total: 20901 ns
[43.961s][info ][safepoint      ] Safepoint "Cleanup", Time since last: 1000114642 ns, Reaching safepoint: 6900 ns, Cleanup: 13001 ns, At safepoint: 2100 ns, Total: 22001 ns
[44.962s][info ][safepoint      ] Safepoint "Cleanup", Time since last: 1000113798 ns, Reaching safepoint: 6600 ns, Cleanup: 60803 ns, At safepoint: 3000 ns, Total: 70403 ns
[47.962s][info ][safepoint      ] Safepoint "Cleanup", Time since last: 3000269990 ns, Reaching safepoint: 6301 ns, Cleanup: 7600 ns, At safepoint: 2500 ns, Total: 16401 ns
[48.962s][info ][safepoint      ] Safepoint "Cleanup", Time since last: 1000110898 ns, Reaching safepoint: 7100 ns, Cleanup: 18901 ns, At safepoint: 2901 ns, Total: 28902 ns
[49.962s][info ][safepoint      ] Safepoint "Cleanup", Time since last: 1000128798 ns, Reaching safepoint: 9501 ns, Cleanup: 14900 ns, At safepoint: 3001 ns, Total: 27402 ns
[50.962s][info ][safepoint      ] Safepoint "Cleanup", Time since last: 1000128498 ns, Reaching safepoint: 7701 ns, Cleanup: 7600 ns, At safepoint: 2900 ns, Total: 18201 ns
[52.963s][info ][safepoint      ] Safepoint "Cleanup", Time since last: 2000195275 ns, Reaching safepoint: 6901 ns, Cleanup: 10300 ns, At safepoint: 2200 ns, Total: 19401 ns
[54.963s][info ][safepoint      ] Safepoint "Cleanup", Time since last: 2000175457 ns, Reaching safepoint: 7300 ns, Cleanup: 19701 ns, At safepoint: 3000 ns, Total: 30001 ns
[57.963s][info ][safepoint      ] Safepoint "Cleanup", Time since last: 3000262135 ns, Reaching safepoint: 10401 ns, Cleanup: 12900 ns, At safepoint: 3401 ns, Total: 26702 ns
[62.063s][info ][safepoint      ] Safepoint "Cleanup", Time since last: 4099767515 ns, Reaching safepoint: 5500 ns, Cleanup: 13601 ns, At safepoint: 3100 ns, Total: 22201 ns
[70.064s][info ][safepoint      ] Safepoint "Cleanup", Time since last: 8000646971 ns, Reaching safepoint: 7900 ns, Cleanup: 11001 ns, At safepoint: 3400 ns, Total: 22301 ns
[71.064s][info ][safepoint      ] Safepoint "Cleanup", Time since last: 1000117949 ns, Reaching safepoint: 8300 ns, Cleanup: 10600 ns, At safepoint: 3300 ns, Total: 22200 ns
[74.064s][info ][safepoint      ] Safepoint "Cleanup", Time since last: 3000256587 ns, Reaching safepoint: 7900 ns, Cleanup: 12501 ns, At safepoint: 3300 ns, Total: 23701 ns
[84.065s][info ][safepoint      ] Safepoint "Cleanup", Time since last: 10000810007 ns, Reaching safepoint: 7200 ns, Cleanup: 11100 ns, At safepoint: 3401 ns, Total: 21701 ns
[85.065s][info ][safepoint      ] Safepoint "Cleanup", Time since last: 1000117780 ns, Reaching safepoint: 7100 ns, Cleanup: 12901 ns, At safepoint: 3300 ns, Total: 23301 ns
[90.065s][info ][safepoint      ] Safepoint "Cleanup", Time since last: 5000473496 ns, Reaching safepoint: 9301 ns, Cleanup: 16001 ns, At safepoint: 3500 ns, Total: 28802 ns
[91.066s][info ][safepoint      ] Safepoint "Cleanup", Time since last: 1000186183 ns, Reaching safepoint: 9500 ns, Cleanup: 12801 ns, At safepoint: 3200 ns, Total: 25501 ns
[99.851s][info ][safepoint      ] Safepoint "Cleanup", Time since last: 8785389154 ns, Reaching safepoint: 3200 ns, Cleanup: 8700 ns, At safepoint: 4401 ns, Total: 16301 ns
[100.860s][info ][safepoint      ] Safepoint "Cleanup", Time since last: 1009390753 ns, Reaching safepoint: 9900 ns, Cleanup: 36101 ns, At safepoint: 3400 ns, Total: 49401 ns
[114.862s][info ][safepoint      ] Safepoint "Cleanup", Time since last: 14001050727 ns, Reaching safepoint: 7200 ns, Cleanup: 10600 ns, At safepoint: 3200 ns, Total: 21000 ns
[130.081s][info ][safepoint      ] Safepoint "Cleanup", Time since last: 15219473734 ns, Reaching safepoint: 8101 ns, Cleanup: 12100 ns, At safepoint: 2500 ns, Total: 22701 ns
[131.081s][info ][safepoint      ] Safepoint "Cleanup", Time since last: 1000127826 ns, Reaching safepoint: 8401 ns, Cleanup: 11300 ns, At safepoint: 2900 ns, Total: 22601 ns
[160.000s][info ][safepoint      ] Safepoint "Cleanup", Time since last: 28918837814 ns, Reaching safepoint: 3400 ns, Cleanup: 39201 ns, At safepoint: 5700 ns, Total: 48301 ns
[160.027s][info ][safepoint      ] Safepoint "JFRCheckpoint", Time since last: 26765940 ns, Reaching safepoint: 507914 ns, Cleanup: 20601 ns, At safepoint: 30900 ns, Total: 559415 ns
[160.030s][info ][gc,heap,exit   ] Heap
[160.030s][info ][gc,heap,exit   ]  PSYoungGen      total 1785856K, used 442614K [0x0000000780000000, 0x0000000800000000, 0x0000000800000000)
[160.030s][info ][gc,heap,exit   ]   eden space 1558528K, 14% used [0x0000000780000000,0x000000078de6a598,0x00000007df200000)
[160.030s][info ][gc,heap,exit   ]   from space 227328K, 94% used [0x00000007f2200000,0x00000007ff3d3278,0x0000000800000000)
[160.030s][info ][gc,heap,exit   ]   to   space 269312K, 0% used [0x00000007df200000,0x00000007df200000,0x00000007ef900000)
[160.030s][info ][gc,heap,exit   ]  ParOldGen       total 6144K, used 6112K [0x00000006c0000000, 0x00000006c0600000, 0x0000000780000000)
[160.030s][info ][gc,heap,exit   ]   object space 6144K, 99% used [0x00000006c0000000,0x00000006c05f8310,0x00000006c0600000)
[160.030s][info ][gc,heap,exit   ]  Metaspace       used 102791K, committed 104000K, reserved 1179648K
[160.030s][info ][gc,heap,exit   ]   class space    used 15728K, committed 16256K, reserved 1048576K
