[0.005s][info][gc,init] CardTable entry size: 512
[0.005s][info][gc     ] Using Parallel
[0.007s][info][gc,init] Version: 21.0.6+7-LTS (release)
[0.007s][info][gc,init] CPUs: 4 total, 4 available
[0.007s][info][gc,init] Memory: 15991M
[0.007s][info][gc,init] Large Page Support: Disabled
[0.007s][info][gc,init] NUMA Support: Disabled
[0.007s][info][gc,init] Compressed Oops: Enabled (Zero based)
[0.007s][info][gc,init] Alignments: Space 512K, Generation 512K, Heap 2M
[0.007s][info][gc,init] Heap Min Capacity: 2054M
[0.007s][info][gc,init] Heap Initial Capacity: 2054M
[0.007s][info][gc,init] Heap Max Capacity: 5G
[0.007s][info][gc,init] Pre-touch: Disabled
[0.007s][info][gc,init] Parallel Workers: 4
[0.015s][info][gc,metaspace] CDS archive(s) mapped at: [0x00007f7a5d000000-0x00007f7a5dc97000-0x00007f7a5dc97000), size 13201408, SharedBaseAddress: 0x00007f7a5d000000, ArchiveRelocationMode: 1.
[0.015s][info][gc,metaspace] Compressed class space mapped at: 0x00007f7a5e000000-0x00007f7a9e000000, reserved size: 1073741824
[0.015s][info][gc,metaspace] Narrow klass base: 0x00007f7a5d000000, Narrow klass shift: 0, Narrow klass range: 0x100000000
[0.407s][info][safepoint   ] Safepoint "ICBufferFull", Time since last: 383678692 ns, Reaching safepoint: 119801 ns, Cleanup: 119702 ns, At safepoint: 9800 ns, Total: 249303 ns
[0.597s][info][safepoint   ] Safepoint "RedefineClasses", Time since last: 178186429 ns, Reaching safepoint: 120801 ns, Cleanup: 158501 ns, At safepoint: 12180704 ns, Total: 12460006 ns
[0.781s][info][safepoint   ] Safepoint "JFRCheckpoint", Time since last: 183895578 ns, Reaching safepoint: 2900 ns, Cleanup: 55101 ns, At safepoint: 3100 ns, Total: 61101 ns
[1.739s][info][safepoint   ] Safepoint "ICBufferFull", Time since last: 957552316 ns, Reaching safepoint: 2900 ns, Cleanup: 124801 ns, At safepoint: 1900 ns, Total: 129601 ns
[2.234s][info][safepoint   ] Safepoint "ICBufferFull", Time since last: 494505744 ns, Reaching safepoint: 3000 ns, Cleanup: 131801 ns, At safepoint: 1500 ns, Total: 136301 ns
[2.827s][info][gc,start    ] GC(0) Pause Young (Metadata GC Threshold)
[2.852s][debug][gc,phases   ] GC(0) Scavenge 25.627ms
[2.853s][debug][gc,ref      ] GC(0) ReferenceProcessor::execute queues: 2, RefProcThreadModel::Multi, marks_oops_alive: false
[2.853s][debug][gc,ref      ] GC(0) ReferenceProcessor::execute queues: 4, RefProcThreadModel::Multi, marks_oops_alive: true
[2.853s][debug][gc,ref      ] GC(0) ReferenceProcessor::execute queues: 1, RefProcThreadModel::Single, marks_oops_alive: false
[2.853s][debug][gc,phases   ] GC(0) Reference Processing 0.387ms
[2.853s][debug][gc,phases   ] GC(0)   VM Weak                        Min:  0.0, Avg:  0.0, Max:  0.0, Diff:  0.0, Sum:  0.0, Workers: 4
[2.853s][debug][gc,phases   ] GC(0)     Dead                           Min: 0, Avg:  0.0, Max: 0, Diff: 0, Sum: 0, Workers: 4
[2.853s][debug][gc,phases   ] GC(0)     Total                          Min: 0, Avg: 60.0, Max: 128, Diff: 128, Sum: 240, Workers: 4
[2.853s][debug][gc,phases   ] GC(0)   ObjectSynchronizer Weak        Min:  0.0, Avg:  0.0, Max:  0.0, Diff:  0.0, Sum:  0.0, Workers: 4
[2.853s][debug][gc,phases   ] GC(0)     Dead                           Min: 0, Avg:  0.2, Max: 1, Diff: 1, Sum: 1, Workers: 4
[2.853s][debug][gc,phases   ] GC(0)     Total                          Min: 0, Avg:  2.2, Max: 9, Diff: 9, Sum: 9, Workers: 4
[2.853s][debug][gc,phases   ] GC(0)   JVMTI Tag Weak OopStorage      Min:  0.0, Avg:  0.0, Max:  0.0, Diff:  0.0, Sum:  0.0, Workers: 4
[2.853s][debug][gc,phases   ] GC(0)     Dead                           Min: 0, Avg:  0.0, Max: 0, Diff: 0, Sum: 0, Workers: 4
[2.853s][debug][gc,phases   ] GC(0)     Total                          Min: 0, Avg:  0.0, Max: 0, Diff: 0, Sum: 0, Workers: 4
[2.853s][debug][gc,phases   ] GC(0)   StringTable Weak               Min:  0.0, Avg:  0.1, Max:  0.1, Diff:  0.1, Sum:  0.2, Workers: 4
[2.853s][debug][gc,phases   ] GC(0)     Dead                           Min: 0, Avg:  7.8, Max: 25, Diff: 25, Sum: 31, Workers: 4
[2.853s][debug][gc,phases   ] GC(0)     Total                          Min: 0, Avg: 1994.8, Max: 4395, Diff: 4395, Sum: 7979, Workers: 4
[2.853s][debug][gc,phases   ] GC(0)   ResolvedMethodTable Weak       Min:  0.0, Avg:  0.0, Max:  0.0, Diff:  0.0, Sum:  0.1, Workers: 4
[2.853s][debug][gc,phases   ] GC(0)     Dead                           Min: 0, Avg: 95.5, Max: 191, Diff: 191, Sum: 382, Workers: 4
[2.853s][debug][gc,phases   ] GC(0)     Total                          Min: 0, Avg: 468.2, Max: 960, Diff: 960, Sum: 1873, Workers: 4
[2.853s][debug][gc,phases   ] GC(0)   JNI Weak                       Min:  0.0, Avg:  0.0, Max:  0.0, Diff:  0.0, Sum:  0.0, Workers: 4
[2.853s][debug][gc,phases   ] GC(0)     Dead                           Min: 0, Avg:  0.0, Max: 0, Diff: 0, Sum: 0, Workers: 4
[2.853s][debug][gc,phases   ] GC(0)     Total                          Min: 0, Avg: 12.0, Max: 48, Diff: 48, Sum: 48, Workers: 4
[2.853s][debug][gc,phases   ] GC(0)   StringDedup Table Weak         Min:  0.0, Avg:  0.0, Max:  0.0, Diff:  0.0, Sum:  0.0, Workers: 4
[2.853s][debug][gc,phases   ] GC(0)     Dead                           Min: 0, Avg:  0.0, Max: 0, Diff: 0, Sum: 0, Workers: 4
[2.853s][debug][gc,phases   ] GC(0)     Total                          Min: 0, Avg:  0.0, Max: 0, Diff: 0, Sum: 0, Workers: 4
[2.853s][debug][gc,phases   ] GC(0)   StringDedup Requests0 Weak     Min:  0.0, Avg:  0.0, Max:  0.0, Diff:  0.0, Sum:  0.0, Workers: 4
[2.853s][debug][gc,phases   ] GC(0)     Dead                           Min: 0, Avg:  0.0, Max: 0, Diff: 0, Sum: 0, Workers: 4
[2.853s][debug][gc,phases   ] GC(0)     Total                          Min: 0, Avg:  0.0, Max: 0, Diff: 0, Sum: 0, Workers: 4
[2.853s][debug][gc,phases   ] GC(0)   StringDedup Requests1 Weak     Min:  0.0, Avg:  0.0, Max:  0.0, Diff:  0.0, Sum:  0.0, Workers: 4
[2.853s][debug][gc,phases   ] GC(0)     Dead                           Min: 0, Avg:  0.0, Max: 0, Diff: 0, Sum: 0, Workers: 4
[2.853s][debug][gc,phases   ] GC(0)     Total                          Min: 0, Avg:  0.0, Max: 0, Diff: 0, Sum: 0, Workers: 4
[2.853s][debug][gc,phases   ] GC(0)   Weak JFR Old Object Samples    Min:  0.0, Avg:  0.0, Max:  0.0, Diff:  0.0, Sum:  0.0, Workers: 4
[2.853s][debug][gc,phases   ] GC(0)     Dead                           Min: 0, Avg:  0.0, Max: 0, Diff: 0, Sum: 0, Workers: 4
[2.853s][debug][gc,phases   ] GC(0)     Total                          Min: 0, Avg:  0.0, Max: 0, Diff: 0, Sum: 0, Workers: 4
[2.853s][debug][gc,phases   ] GC(0) Weak Processing 0.346ms
[2.853s][debug][gc,age      ] GC(0) Desired survivor size 536870912 bytes, new threshold 7 (max threshold 15)
[2.853s][info ][gc,heap     ] GC(0) PSYoungGen: 372082K(1572864K)->37874K(1572864K) Eden: 372082K(1048576K)->0K(1048576K) From: 0K(524288K)->37874K(524288K)
[2.853s][info ][gc,heap     ] GC(0) ParOldGen: 1073K(6144K)->1081K(6144K)
[2.853s][info ][gc,metaspace] GC(0) Metaspace: 21063K(21504K)->21063K(21504K) NonClass: 18744K(18944K)->18744K(18944K) Class: 2319K(2560K)->2319K(2560K)
[2.853s][info ][gc          ] GC(0) Pause Young (Metadata GC Threshold) 364M->38M(1542M) 26.740ms
[2.853s][info ][gc,cpu      ] GC(0) User=0.04s Sys=0.01s Real=0.03s
[2.853s][debug][gc,phases   ] GC(1) Pre Compact 0.008ms
[2.853s][info ][gc,start    ] GC(1) Pause Full (Metadata GC Threshold)
[2.853s][info ][gc,phases,start] GC(1) Marking Phase
[2.870s][debug][gc,phases      ] GC(1) Par Mark 16.267ms
[2.870s][debug][gc,ref         ] GC(1) ReferenceProcessor::execute queues: 2, RefProcThreadModel::Multi, marks_oops_alive: false
[2.870s][debug][gc,ref         ] GC(1) ReferenceProcessor::execute queues: 4, RefProcThreadModel::Multi, marks_oops_alive: true
[2.870s][debug][gc,ref         ] GC(1) ReferenceProcessor::execute queues: 1, RefProcThreadModel::Single, marks_oops_alive: false
[2.870s][debug][gc,phases      ] GC(1) Reference Processing 0.561ms
[2.870s][debug][gc,phases      ] GC(1)   VM Weak                        Min:  0.0, Avg:  0.0, Max:  0.0, Diff:  0.0, Sum:  0.0, Workers: 4
[2.870s][debug][gc,phases      ] GC(1)     Dead                           Min: 0, Avg:  0.0, Max: 0, Diff: 0, Sum: 0, Workers: 4
[2.870s][debug][gc,phases      ] GC(1)     Total                          Min: 0, Avg: 60.0, Max: 240, Diff: 240, Sum: 240, Workers: 4
[2.870s][debug][gc,phases      ] GC(1)   ObjectSynchronizer Weak        Min:  0.0, Avg:  0.0, Max:  0.0, Diff:  0.0, Sum:  0.0, Workers: 4
[2.870s][debug][gc,phases      ] GC(1)     Dead                           Min: 0, Avg:  0.0, Max: 0, Diff: 0, Sum: 0, Workers: 4
[2.870s][debug][gc,phases      ] GC(1)     Total                          Min: 0, Avg:  2.2, Max: 9, Diff: 9, Sum: 9, Workers: 4
[2.870s][debug][gc,phases      ] GC(1)   JVMTI Tag Weak OopStorage      Min:  0.0, Avg:  0.0, Max:  0.0, Diff:  0.0, Sum:  0.0, Workers: 4
[2.870s][debug][gc,phases      ] GC(1)     Dead                           Min: 0, Avg:  0.0, Max: 0, Diff: 0, Sum: 0, Workers: 4
[2.870s][debug][gc,phases      ] GC(1)     Total                          Min: 0, Avg:  0.0, Max: 0, Diff: 0, Sum: 0, Workers: 4
[2.870s][debug][gc,phases      ] GC(1)   StringTable Weak               Min:  0.0, Avg:  0.0, Max:  0.0, Diff:  0.0, Sum:  0.1, Workers: 4
[2.870s][debug][gc,phases      ] GC(1)     Dead                           Min: 0, Avg:  0.0, Max: 0, Diff: 0, Sum: 0, Workers: 4
[2.870s][debug][gc,phases      ] GC(1)     Total                          Min: 0, Avg: 1994.8, Max: 4224, Diff: 4224, Sum: 7979, Workers: 4
[2.870s][debug][gc,phases      ] GC(1)   ResolvedMethodTable Weak       Min:  0.0, Avg:  0.0, Max:  0.0, Diff:  0.0, Sum:  0.0, Workers: 4
[2.870s][debug][gc,phases      ] GC(1)     Dead                           Min: 0, Avg:  0.0, Max: 0, Diff: 0, Sum: 0, Workers: 4
[2.870s][debug][gc,phases      ] GC(1)     Total                          Min: 0, Avg: 468.2, Max: 960, Diff: 960, Sum: 1873, Workers: 4
[2.870s][debug][gc,phases      ] GC(1)   JNI Weak                       Min:  0.0, Avg:  0.0, Max:  0.0, Diff:  0.0, Sum:  0.0, Workers: 4
[2.870s][debug][gc,phases      ] GC(1)     Dead                           Min: 0, Avg:  0.0, Max: 0, Diff: 0, Sum: 0, Workers: 4
[2.870s][debug][gc,phases      ] GC(1)     Total                          Min: 0, Avg: 12.0, Max: 48, Diff: 48, Sum: 48, Workers: 4
[2.870s][debug][gc,phases      ] GC(1)   StringDedup Table Weak         Min:  0.0, Avg:  0.0, Max:  0.0, Diff:  0.0, Sum:  0.0, Workers: 4
[2.870s][debug][gc,phases      ] GC(1)     Dead                           Min: 0, Avg:  0.0, Max: 0, Diff: 0, Sum: 0, Workers: 4
[2.870s][debug][gc,phases      ] GC(1)     Total                          Min: 0, Avg:  0.0, Max: 0, Diff: 0, Sum: 0, Workers: 4
[2.870s][debug][gc,phases      ] GC(1)   StringDedup Requests0 Weak     Min:  0.0, Avg:  0.0, Max:  0.0, Diff:  0.0, Sum:  0.0, Workers: 4
[2.870s][debug][gc,phases      ] GC(1)     Dead                           Min: 0, Avg:  0.0, Max: 0, Diff: 0, Sum: 0, Workers: 4
[2.870s][debug][gc,phases      ] GC(1)     Total                          Min: 0, Avg:  0.0, Max: 0, Diff: 0, Sum: 0, Workers: 4
[2.870s][debug][gc,phases      ] GC(1)   StringDedup Requests1 Weak     Min:  0.0, Avg:  0.0, Max:  0.0, Diff:  0.0, Sum:  0.0, Workers: 4
[2.870s][debug][gc,phases      ] GC(1)     Dead                           Min: 0, Avg:  0.0, Max: 0, Diff: 0, Sum: 0, Workers: 4
[2.870s][debug][gc,phases      ] GC(1)     Total                          Min: 0, Avg:  0.0, Max: 0, Diff: 0, Sum: 0, Workers: 4
[2.870s][debug][gc,phases      ] GC(1)   Weak JFR Old Object Samples    Min:  0.0, Avg:  0.0, Max:  0.0, Diff:  0.0, Sum:  0.0, Workers: 4
[2.870s][debug][gc,phases      ] GC(1)     Dead                           Min: 0, Avg:  0.0, Max: 0, Diff: 0, Sum: 0, Workers: 4
[2.870s][debug][gc,phases      ] GC(1)     Total                          Min: 0, Avg:  0.0, Max: 0, Diff: 0, Sum: 0, Workers: 4
[2.870s][debug][gc,phases      ] GC(1) Weak Processing 0.265ms
[2.871s][debug][gc,phases      ] GC(1) ClassLoaderData 0.016ms
[2.871s][debug][gc,phases      ] GC(1) Trigger cleanups 0.000ms
[2.876s][debug][gc,phases      ] GC(1) Purge Unlinked NMethods 0.002ms
[2.876s][debug][gc,phases      ] GC(1) Unregister NMethods 0.037ms
[2.876s][debug][gc,phases      ] GC(1) Free Code Blobs 0.003ms
[2.876s][debug][gc,phases      ] GC(1) Class Unloading 5.809ms
[2.876s][debug][gc,phases      ] GC(1) Report Object Count 0.001ms
[2.876s][info ][gc,phases      ] GC(1) Marking Phase 22.957ms
[2.876s][info ][gc,phases,start] GC(1) Summary Phase
[2.876s][info ][gc,phases      ] GC(1) Summary Phase 0.007ms
[2.876s][info ][gc,phases,start] GC(1) Adjust Roots
[2.881s][info ][gc,phases      ] GC(1) Adjust Roots 4.993ms
[2.881s][info ][gc,phases,start] GC(1) Compaction Phase
[2.938s][info ][gc,phases      ] GC(1) Compaction Phase 56.438ms
[2.938s][info ][gc,phases,start] GC(1) Post Compact
[2.940s][debug][gc,phases      ] GC(1) Purge Class Loader Data 1.492ms
[2.941s][info ][gc,phases      ] GC(1) Post Compact 3.123ms
[2.941s][info ][gc,heap        ] GC(1) PSYoungGen: 37874K(1572864K)->32595K(1572864K) Eden: 0K(1048576K)->0K(1048576K) From: 37874K(524288K)->32595K(524288K)
[2.941s][info ][gc,heap        ] GC(1) ParOldGen: 1081K(6144K)->6006K(6144K)
[2.941s][info ][gc,metaspace   ] GC(1) Metaspace: 21063K(21504K)->21063K(21504K) NonClass: 18744K(18944K)->18744K(18944K) Class: 2319K(2560K)->2319K(2560K)
[2.941s][info ][gc             ] GC(1) Pause Full (Metadata GC Threshold) 38M->37M(1542M) 87.644ms
[2.941s][info ][gc,cpu         ] GC(1) User=0.12s Sys=0.00s Real=0.08s
[2.941s][info ][safepoint      ] Safepoint "CollectForMetadataAllocation", Time since last: 592161281 ns, Reaching safepoint: 515004 ns, Cleanup: 104201 ns, At safepoint: 114505683 ns, Total: 115124888 ns
[3.405s][info ][safepoint      ] Safepoint "ICBufferFull", Time since last: 463501077 ns, Reaching safepoint: 4300 ns, Cleanup: 114801 ns, At safepoint: 5400 ns, Total: 124501 ns
[3.710s][info ][safepoint      ] Safepoint "ICBufferFull", Time since last: 305271019 ns, Reaching safepoint: 3700 ns, Cleanup: 103001 ns, At safepoint: 1600 ns, Total: 108301 ns
[3.905s][info ][safepoint      ] Safepoint "ICBufferFull", Time since last: 194570380 ns, Reaching safepoint: 3700 ns, Cleanup: 152901 ns, At safepoint: 19001 ns, Total: 175602 ns
[4.340s][info ][safepoint      ] Safepoint "ICBufferFull", Time since last: 435078461 ns, Reaching safepoint: 3900 ns, Cleanup: 142501 ns, At safepoint: 2100 ns, Total: 148501 ns
[4.577s][info ][gc,start       ] GC(2) Pause Young (Metadata GC Threshold)
[4.615s][debug][gc,phases      ] GC(2) Scavenge 37.589ms
[4.615s][debug][gc,ref         ] GC(2) ReferenceProcessor::execute queues: 4, RefProcThreadModel::Multi, marks_oops_alive: false
[4.615s][debug][gc,ref         ] GC(2) Skipped KeepAliveFinalRefsPhase of Reference Processing: no references
[4.615s][debug][gc,ref         ] GC(2) ReferenceProcessor::execute queues: 2, RefProcThreadModel::Multi, marks_oops_alive: false
[4.616s][debug][gc,phases      ] GC(2) Reference Processing 0.743ms
[4.616s][debug][gc,phases      ] GC(2)   VM Weak                        Min:  0.0, Avg:  0.0, Max:  0.0, Diff:  0.0, Sum:  0.0, Workers: 4
[4.616s][debug][gc,phases      ] GC(2)     Dead                           Min: 0, Avg:  0.0, Max: 0, Diff: 0, Sum: 0, Workers: 4
[4.616s][debug][gc,phases      ] GC(2)     Total                          Min: 0, Avg: 72.5, Max: 256, Diff: 256, Sum: 290, Workers: 4
[4.616s][debug][gc,phases      ] GC(2)   ObjectSynchronizer Weak        Min:  0.0, Avg:  0.0, Max:  0.0, Diff:  0.0, Sum:  0.0, Workers: 4
[4.616s][debug][gc,phases      ] GC(2)     Dead                           Min: 0, Avg:  0.0, Max: 0, Diff: 0, Sum: 0, Workers: 4
[4.616s][debug][gc,phases      ] GC(2)     Total                          Min: 0, Avg:  2.5, Max: 10, Diff: 10, Sum: 10, Workers: 4
[4.616s][debug][gc,phases      ] GC(2)   JVMTI Tag Weak OopStorage      Min:  0.0, Avg:  0.0, Max:  0.0, Diff:  0.0, Sum:  0.0, Workers: 4
[4.616s][debug][gc,phases      ] GC(2)     Dead                           Min: 0, Avg:  0.0, Max: 0, Diff: 0, Sum: 0, Workers: 4
[4.616s][debug][gc,phases      ] GC(2)     Total                          Min: 0, Avg:  0.0, Max: 0, Diff: 0, Sum: 0, Workers: 4
[4.616s][debug][gc,phases      ] GC(2)   StringTable Weak               Min:  0.0, Avg:  0.1, Max:  0.2, Diff:  0.2, Sum:  0.5, Workers: 4
[4.616s][debug][gc,phases      ] GC(2)     Dead                           Min: 0, Avg:  2.8, Max: 7, Diff: 7, Sum: 11, Workers: 4
[4.616s][debug][gc,phases      ] GC(2)     Total                          Min: 0, Avg: 3676.8, Max: 5875, Diff: 5875, Sum: 14707, Workers: 4
[4.616s][debug][gc,phases      ] GC(2)   ResolvedMethodTable Weak       Min:  0.0, Avg:  0.0, Max:  0.1, Diff:  0.1, Sum:  0.2, Workers: 4
[4.616s][debug][gc,phases      ] GC(2)     Dead                           Min: 0, Avg: 439.8, Max: 756, Diff: 756, Sum: 1759, Workers: 4
[4.616s][debug][gc,phases      ] GC(2)     Total                          Min: 0, Avg: 1198.5, Max: 2112, Diff: 2112, Sum: 4794, Workers: 4
[4.616s][debug][gc,phases      ] GC(2)   JNI Weak                       Min:  0.0, Avg:  0.0, Max:  0.0, Diff:  0.0, Sum:  0.0, Workers: 4
[4.616s][debug][gc,phases      ] GC(2)     Dead                           Min: 0, Avg:  0.0, Max: 0, Diff: 0, Sum: 0, Workers: 4
[4.616s][debug][gc,phases      ] GC(2)     Total                          Min: 0, Avg: 16.0, Max: 52, Diff: 52, Sum: 64, Workers: 4
[4.616s][debug][gc,phases      ] GC(2)   StringDedup Table Weak         Min:  0.0, Avg:  0.0, Max:  0.0, Diff:  0.0, Sum:  0.0, Workers: 4
[4.616s][debug][gc,phases      ] GC(2)     Dead                           Min: 0, Avg:  0.0, Max: 0, Diff: 0, Sum: 0, Workers: 4
[4.616s][debug][gc,phases      ] GC(2)     Total                          Min: 0, Avg:  0.0, Max: 0, Diff: 0, Sum: 0, Workers: 4
[4.616s][debug][gc,phases      ] GC(2)   StringDedup Requests0 Weak     Min:  0.0, Avg:  0.0, Max:  0.0, Diff:  0.0, Sum:  0.0, Workers: 4
[4.616s][debug][gc,phases      ] GC(2)     Dead                           Min: 0, Avg:  0.0, Max: 0, Diff: 0, Sum: 0, Workers: 4
[4.616s][debug][gc,phases      ] GC(2)     Total                          Min: 0, Avg:  0.0, Max: 0, Diff: 0, Sum: 0, Workers: 4
[4.616s][debug][gc,phases      ] GC(2)   StringDedup Requests1 Weak     Min:  0.0, Avg:  0.0, Max:  0.0, Diff:  0.0, Sum:  0.0, Workers: 4
[4.616s][debug][gc,phases      ] GC(2)     Dead                           Min: 0, Avg:  0.0, Max: 0, Diff: 0, Sum: 0, Workers: 4
[4.616s][debug][gc,phases      ] GC(2)     Total                          Min: 0, Avg:  0.0, Max: 0, Diff: 0, Sum: 0, Workers: 4
[4.616s][debug][gc,phases      ] GC(2)   Weak JFR Old Object Samples    Min:  0.0, Avg:  0.0, Max:  0.0, Diff:  0.0, Sum:  0.0, Workers: 4
[4.616s][debug][gc,phases      ] GC(2)     Dead                           Min: 0, Avg:  0.0, Max: 0, Diff: 0, Sum: 0, Workers: 4
[4.616s][debug][gc,phases      ] GC(2)     Total                          Min: 0, Avg:  0.0, Max: 0, Diff: 0, Sum: 0, Workers: 4
[4.616s][debug][gc,phases      ] GC(2) Weak Processing 0.437ms
[4.616s][debug][gc,age         ] GC(2) Desired survivor size 536870912 bytes, new threshold 7 (max threshold 15)
[4.616s][info ][gc,heap        ] GC(2) PSYoungGen: 577856K(1572864K)->55432K(1572864K) Eden: 545260K(1048576K)->0K(1048576K) From: 32595K(524288K)->55432K(524288K)
[4.616s][info ][gc,heap        ] GC(2) ParOldGen: 6006K(6144K)->6086K(6144K)
[4.616s][info ][gc,metaspace   ] GC(2) Metaspace: 35419K(35840K)->35419K(35840K) NonClass: 30879K(31104K)->30879K(31104K) Class: 4539K(4736K)->4539K(4736K)
[4.616s][info ][gc             ] GC(2) Pause Young (Metadata GC Threshold) 570M->60M(1542M) 38.889ms
[4.616s][info ][gc,cpu         ] GC(2) User=0.12s Sys=0.00s Real=0.04s
[4.616s][debug][gc,phases      ] GC(3) Pre Compact 0.008ms
[4.616s][info ][gc,start       ] GC(3) Pause Full (Metadata GC Threshold)
[4.616s][info ][gc,phases,start] GC(3) Marking Phase
[4.644s][debug][gc,phases      ] GC(3) Par Mark 27.999ms
[4.644s][debug][gc,ref         ] GC(3) ReferenceProcessor::execute queues: 4, RefProcThreadModel::Multi, marks_oops_alive: false
[4.645s][debug][gc,ref         ] GC(3) ReferenceProcessor::execute queues: 4, RefProcThreadModel::Multi, marks_oops_alive: true
[4.645s][debug][gc,ref         ] GC(3) ReferenceProcessor::execute queues: 1, RefProcThreadModel::Single, marks_oops_alive: false
[4.645s][debug][gc,phases      ] GC(3) Reference Processing 0.433ms
[4.645s][debug][gc,phases      ] GC(3)   VM Weak                        Min:  0.0, Avg:  0.0, Max:  0.0, Diff:  0.0, Sum:  0.0, Workers: 4
[4.645s][debug][gc,phases      ] GC(3)     Dead                           Min: 0, Avg:  0.0, Max: 0, Diff: 0, Sum: 0, Workers: 4
[4.645s][debug][gc,phases      ] GC(3)     Total                          Min: 0, Avg: 72.5, Max: 162, Diff: 162, Sum: 290, Workers: 4
[4.645s][debug][gc,phases      ] GC(3)   ObjectSynchronizer Weak        Min:  0.0, Avg:  0.0, Max:  0.0, Diff:  0.0, Sum:  0.0, Workers: 4
[4.645s][debug][gc,phases      ] GC(3)     Dead                           Min: 0, Avg:  0.0, Max: 0, Diff: 0, Sum: 0, Workers: 4
[4.645s][debug][gc,phases      ] GC(3)     Total                          Min: 0, Avg:  2.5, Max: 10, Diff: 10, Sum: 10, Workers: 4
[4.645s][debug][gc,phases      ] GC(3)   JVMTI Tag Weak OopStorage      Min:  0.0, Avg:  0.0, Max:  0.0, Diff:  0.0, Sum:  0.0, Workers: 4
[4.645s][debug][gc,phases      ] GC(3)     Dead                           Min: 0, Avg:  0.0, Max: 0, Diff: 0, Sum: 0, Workers: 4
[4.645s][debug][gc,phases      ] GC(3)     Total                          Min: 0, Avg:  0.0, Max: 0, Diff: 0, Sum: 0, Workers: 4
[4.645s][debug][gc,phases      ] GC(3)   StringTable Weak               Min:  0.0, Avg:  0.1, Max:  0.1, Diff:  0.1, Sum:  0.2, Workers: 4
[4.645s][debug][gc,phases      ] GC(3)     Dead                           Min: 0, Avg:  0.0, Max: 0, Diff: 0, Sum: 0, Workers: 4
[4.645s][debug][gc,phases      ] GC(3)     Total                          Min: 0, Avg: 3676.8, Max: 7539, Diff: 7539, Sum: 14707, Workers: 4
[4.645s][debug][gc,phases      ] GC(3)   ResolvedMethodTable Weak       Min:  0.0, Avg:  0.0, Max:  0.0, Diff:  0.0, Sum:  0.1, Workers: 4
[4.645s][debug][gc,phases      ] GC(3)     Dead                           Min: 0, Avg:  0.0, Max: 0, Diff: 0, Sum: 0, Workers: 4
[4.645s][debug][gc,phases      ] GC(3)     Total                          Min: 0, Avg: 1198.5, Max: 2490, Diff: 2490, Sum: 4794, Workers: 4
[4.645s][debug][gc,phases      ] GC(3)   JNI Weak                       Min:  0.0, Avg:  0.0, Max:  0.0, Diff:  0.0, Sum:  0.0, Workers: 4
[4.645s][debug][gc,phases      ] GC(3)     Dead                           Min: 0, Avg:  0.0, Max: 0, Diff: 0, Sum: 0, Workers: 4
[4.645s][debug][gc,phases      ] GC(3)     Total                          Min: 0, Avg: 16.0, Max: 52, Diff: 52, Sum: 64, Workers: 4
[4.645s][debug][gc,phases      ] GC(3)   StringDedup Table Weak         Min:  0.0, Avg:  0.0, Max:  0.0, Diff:  0.0, Sum:  0.0, Workers: 4
[4.645s][debug][gc,phases      ] GC(3)     Dead                           Min: 0, Avg:  0.0, Max: 0, Diff: 0, Sum: 0, Workers: 4
[4.645s][debug][gc,phases      ] GC(3)     Total                          Min: 0, Avg:  0.0, Max: 0, Diff: 0, Sum: 0, Workers: 4
[4.645s][debug][gc,phases      ] GC(3)   StringDedup Requests0 Weak     Min:  0.0, Avg:  0.0, Max:  0.0, Diff:  0.0, Sum:  0.0, Workers: 4
[4.645s][debug][gc,phases      ] GC(3)     Dead                           Min: 0, Avg:  0.0, Max: 0, Diff: 0, Sum: 0, Workers: 4
[4.645s][debug][gc,phases      ] GC(3)     Total                          Min: 0, Avg:  0.0, Max: 0, Diff: 0, Sum: 0, Workers: 4
[4.645s][debug][gc,phases      ] GC(3)   StringDedup Requests1 Weak     Min:  0.0, Avg:  0.0, Max:  0.0, Diff:  0.0, Sum:  0.0, Workers: 4
[4.645s][debug][gc,phases      ] GC(3)     Dead                           Min: 0, Avg:  0.0, Max: 0, Diff: 0, Sum: 0, Workers: 4
[4.645s][debug][gc,phases      ] GC(3)     Total                          Min: 0, Avg:  0.0, Max: 0, Diff: 0, Sum: 0, Workers: 4
[4.645s][debug][gc,phases      ] GC(3)   Weak JFR Old Object Samples    Min:  0.0, Avg:  0.0, Max:  0.0, Diff:  0.0, Sum:  0.0, Workers: 4
[4.645s][debug][gc,phases      ] GC(3)     Dead                           Min: 0, Avg:  0.0, Max: 0, Diff: 0, Sum: 0, Workers: 4
[4.645s][debug][gc,phases      ] GC(3)     Total                          Min: 0, Avg:  0.0, Max: 0, Diff: 0, Sum: 0, Workers: 4
[4.645s][debug][gc,phases      ] GC(3) Weak Processing 0.323ms
[4.645s][debug][gc,phases      ] GC(3) ClassLoaderData 0.037ms
[4.645s][debug][gc,phases      ] GC(3) Trigger cleanups 0.000ms
[4.653s][debug][gc,phases      ] GC(3) Purge Unlinked NMethods 0.469ms
[4.653s][debug][gc,phases      ] GC(3) Unregister NMethods 0.031ms
[4.653s][debug][gc,phases      ] GC(3) Free Code Blobs 0.108ms
[4.653s][debug][gc,phases      ] GC(3) Class Unloading 8.081ms
[4.653s][debug][gc,phases      ] GC(3) Report Object Count 0.001ms
[4.653s][info ][gc,phases      ] GC(3) Marking Phase 36.902ms
[4.653s][info ][gc,phases,start] GC(3) Summary Phase
[4.653s][info ][gc,phases      ] GC(3) Summary Phase 0.007ms
[4.653s][info ][gc,phases,start] GC(3) Adjust Roots
[4.659s][info ][gc,phases      ] GC(3) Adjust Roots 5.443ms
[4.659s][info ][gc,phases,start] GC(3) Compaction Phase
[4.863s][info ][gc,phases      ] GC(3) Compaction Phase 204.827ms
[4.863s][info ][gc,phases,start] GC(3) Post Compact
[4.865s][debug][gc,phases      ] GC(3) Purge Class Loader Data 1.280ms
[4.866s][info ][gc,phases      ] GC(3) Post Compact 2.336ms
[4.866s][info ][gc,heap        ] GC(3) PSYoungGen: 55432K(1572864K)->55226K(1572864K) Eden: 0K(1048576K)->0K(1048576K) From: 55432K(524288K)->55226K(524288K)
[4.866s][info ][gc,heap        ] GC(3) ParOldGen: 6086K(6144K)->6055K(6144K)
[4.866s][info ][gc,metaspace   ] GC(3) Metaspace: 35419K(35840K)->35419K(35840K) NonClass: 30879K(31104K)->30879K(31104K) Class: 4539K(4736K)->4539K(4736K)
[4.866s][info ][gc             ] GC(3) Pause Full (Metadata GC Threshold) 60M->59M(1542M) 249.619ms
[4.866s][info ][gc,cpu         ] GC(3) User=0.48s Sys=0.00s Real=0.25s
[4.866s][info ][safepoint      ] Safepoint "CollectForMetadataAllocation", Time since last: 237114459 ns, Reaching safepoint: 3300 ns, Cleanup: 75601 ns, At safepoint: 288641728 ns, Total: 288720629 ns
[5.020s][info ][safepoint      ] Safepoint "ICBufferFull", Time since last: 154190604 ns, Reaching safepoint: 2800 ns, Cleanup: 128101 ns, At safepoint: 1200 ns, Total: 132101 ns
[5.330s][info ][safepoint      ] Safepoint "ICBufferFull", Time since last: 310158124 ns, Reaching safepoint: 4900 ns, Cleanup: 161801 ns, At safepoint: 1900 ns, Total: 168601 ns
[5.599s][info ][safepoint      ] Safepoint "ICBufferFull", Time since last: 268758947 ns, Reaching safepoint: 3000 ns, Cleanup: 152002 ns, At safepoint: 1500 ns, Total: 156502 ns
[5.974s][info ][safepoint      ] Safepoint "ICBufferFull", Time since last: 374131606 ns, Reaching safepoint: 78401 ns, Cleanup: 130901 ns, At safepoint: 5100 ns, Total: 214402 ns
[6.098s][info ][safepoint      ] Safepoint "ICBufferFull", Time since last: 123687826 ns, Reaching safepoint: 3800 ns, Cleanup: 114101 ns, At safepoint: 1400 ns, Total: 119301 ns
[6.523s][info ][safepoint      ] Safepoint "ICBufferFull", Time since last: 425669776 ns, Reaching safepoint: 4300 ns, Cleanup: 144401 ns, At safepoint: 2000 ns, Total: 150701 ns
[6.837s][info ][safepoint      ] Safepoint "ICBufferFull", Time since last: 313206352 ns, Reaching safepoint: 4200 ns, Cleanup: 156301 ns, At safepoint: 7800 ns, Total: 168301 ns
[7.449s][info ][safepoint      ] Safepoint "ICBufferFull", Time since last: 611943572 ns, Reaching safepoint: 3700 ns, Cleanup: 160002 ns, At safepoint: 2100 ns, Total: 165802 ns
[8.097s][info ][gc,start       ] GC(4) Pause Young (Metadata GC Threshold)
[8.178s][debug][gc,phases      ] GC(4) Scavenge 81.783ms
[8.179s][debug][gc,ref         ] GC(4) ReferenceProcessor::execute queues: 4, RefProcThreadModel::Multi, marks_oops_alive: false
[8.179s][debug][gc,ref         ] GC(4) Skipped KeepAliveFinalRefsPhase of Reference Processing: no references
[8.179s][debug][gc,ref         ] GC(4) ReferenceProcessor::execute queues: 4, RefProcThreadModel::Multi, marks_oops_alive: false
[8.180s][debug][gc,phases      ] GC(4) Reference Processing 1.191ms
[8.180s][debug][gc,phases      ] GC(4)   VM Weak                        Min:  0.0, Avg:  0.0, Max:  0.0, Diff:  0.0, Sum:  0.0, Workers: 4
[8.180s][debug][gc,phases      ] GC(4)     Dead                           Min: 0, Avg:  0.0, Max: 0, Diff: 0, Sum: 0, Workers: 4
[8.180s][debug][gc,phases      ] GC(4)     Total                          Min: 0, Avg: 116.0, Max: 400, Diff: 400, Sum: 464, Workers: 4
[8.180s][debug][gc,phases      ] GC(4)   ObjectSynchronizer Weak        Min:  0.0, Avg:  0.0, Max:  0.0, Diff:  0.0, Sum:  0.0, Workers: 4
[8.180s][debug][gc,phases      ] GC(4)     Dead                           Min: 0, Avg:  0.2, Max: 1, Diff: 1, Sum: 1, Workers: 4
[8.180s][debug][gc,phases      ] GC(4)     Total                          Min: 0, Avg:  2.8, Max: 11, Diff: 11, Sum: 11, Workers: 4
[8.180s][debug][gc,phases      ] GC(4)   JVMTI Tag Weak OopStorage      Min:  0.0, Avg:  0.0, Max:  0.0, Diff:  0.0, Sum:  0.0, Workers: 4
[8.180s][debug][gc,phases      ] GC(4)     Dead                           Min: 0, Avg:  0.0, Max: 0, Diff: 0, Sum: 0, Workers: 4
[8.180s][debug][gc,phases      ] GC(4)     Total                          Min: 0, Avg:  0.0, Max: 0, Diff: 0, Sum: 0, Workers: 4
[8.180s][debug][gc,phases      ] GC(4)   StringTable Weak               Min:  0.0, Avg:  0.2, Max:  0.4, Diff:  0.4, Sum:  0.7, Workers: 4
[8.180s][debug][gc,phases      ] GC(4)     Dead                           Min: 0, Avg:  3.8, Max: 8, Diff: 8, Sum: 15, Workers: 4
[8.180s][debug][gc,phases      ] GC(4)     Total                          Min: 0, Avg: 6948.5, Max: 14418, Diff: 14418, Sum: 27794, Workers: 4
[8.180s][debug][gc,phases      ] GC(4)   ResolvedMethodTable Weak       Min:  0.0, Avg:  0.1, Max:  0.2, Diff:  0.2, Sum:  0.3, Workers: 4
[8.180s][debug][gc,phases      ] GC(4)     Dead                           Min: 0, Avg: 980.0, Max: 2040, Diff: 2040, Sum: 3920, Workers: 4
[8.180s][debug][gc,phases      ] GC(4)     Total                          Min: 0, Avg: 2863.2, Max: 6016, Diff: 6016, Sum: 11453, Workers: 4
[8.180s][debug][gc,phases      ] GC(4)   JNI Weak                       Min:  0.0, Avg:  0.0, Max:  0.0, Diff:  0.0, Sum:  0.0, Workers: 4
[8.180s][debug][gc,phases      ] GC(4)     Dead                           Min: 0, Avg:  0.0, Max: 0, Diff: 0, Sum: 0, Workers: 4
[8.180s][debug][gc,phases      ] GC(4)     Total                          Min: 0, Avg: 12.0, Max: 48, Diff: 48, Sum: 48, Workers: 4
[8.180s][debug][gc,phases      ] GC(4)   StringDedup Table Weak         Min:  0.0, Avg:  0.0, Max:  0.0, Diff:  0.0, Sum:  0.0, Workers: 4
[8.180s][debug][gc,phases      ] GC(4)     Dead                           Min: 0, Avg:  0.0, Max: 0, Diff: 0, Sum: 0, Workers: 4
[8.180s][debug][gc,phases      ] GC(4)     Total                          Min: 0, Avg:  0.0, Max: 0, Diff: 0, Sum: 0, Workers: 4
[8.180s][debug][gc,phases      ] GC(4)   StringDedup Requests0 Weak     Min:  0.0, Avg:  0.0, Max:  0.0, Diff:  0.0, Sum:  0.0, Workers: 4
[8.180s][debug][gc,phases      ] GC(4)     Dead                           Min: 0, Avg:  0.0, Max: 0, Diff: 0, Sum: 0, Workers: 4
[8.180s][debug][gc,phases      ] GC(4)     Total                          Min: 0, Avg:  0.0, Max: 0, Diff: 0, Sum: 0, Workers: 4
[8.180s][debug][gc,phases      ] GC(4)   StringDedup Requests1 Weak     Min:  0.0, Avg:  0.0, Max:  0.0, Diff:  0.0, Sum:  0.0, Workers: 4
[8.180s][debug][gc,phases      ] GC(4)     Dead                           Min: 0, Avg:  0.0, Max: 0, Diff: 0, Sum: 0, Workers: 4
[8.180s][debug][gc,phases      ] GC(4)     Total                          Min: 0, Avg:  0.0, Max: 0, Diff: 0, Sum: 0, Workers: 4
[8.180s][debug][gc,phases      ] GC(4)   Weak JFR Old Object Samples    Min:  0.0, Avg:  0.0, Max:  0.0, Diff:  0.0, Sum:  0.0, Workers: 4
[8.180s][debug][gc,phases      ] GC(4)     Dead                           Min: 0, Avg:  0.0, Max: 0, Diff: 0, Sum: 0, Workers: 4
[8.180s][debug][gc,phases      ] GC(4)     Total                          Min: 0, Avg:  0.0, Max: 0, Diff: 0, Sum: 0, Workers: 4
[8.180s][debug][gc,phases      ] GC(4) Weak Processing 0.825ms
[8.180s][debug][gc,age         ] GC(4) Desired survivor size 536870912 bytes, new threshold 7 (max threshold 15)
[8.180s][info ][gc,heap        ] GC(4) PSYoungGen: 452070K(1572864K)->77257K(1572864K) Eden: 396843K(1048576K)->0K(1048576K) From: 55226K(524288K)->77257K(524288K)
[8.180s][info ][gc,heap        ] GC(4) ParOldGen: 6055K(6144K)->6079K(6144K)
[8.181s][info ][gc,metaspace   ] GC(4) Metaspace: 59145K(59776K)->59145K(59776K) NonClass: 49707K(50048K)->49707K(50048K) Class: 9438K(9728K)->9438K(9728K)
[8.181s][info ][gc             ] GC(4) Pause Young (Metadata GC Threshold) 447M->81M(1542M) 83.946ms
[8.181s][info ][gc,cpu         ] GC(4) User=0.16s Sys=0.01s Real=0.08s
[8.181s][debug][gc,phases      ] GC(5) Pre Compact 0.012ms
[8.181s][info ][gc,start       ] GC(5) Pause Full (Metadata GC Threshold)
[8.181s][info ][gc,phases,start] GC(5) Marking Phase
[8.233s][debug][gc,phases      ] GC(5) Par Mark 52.618ms
[8.233s][debug][gc,ref         ] GC(5) ReferenceProcessor::execute queues: 4, RefProcThreadModel::Multi, marks_oops_alive: false
[8.234s][debug][gc,ref         ] GC(5) ReferenceProcessor::execute queues: 4, RefProcThreadModel::Multi, marks_oops_alive: true
[8.234s][debug][gc,ref         ] GC(5) ReferenceProcessor::execute queues: 1, RefProcThreadModel::Single, marks_oops_alive: false
[8.234s][debug][gc,phases      ] GC(5) Reference Processing 0.997ms
[8.235s][debug][gc,phases      ] GC(5)   VM Weak                        Min:  0.0, Avg:  0.0, Max:  0.0, Diff:  0.0, Sum:  0.0, Workers: 4
[8.235s][debug][gc,phases      ] GC(5)     Dead                           Min: 0, Avg:  0.0, Max: 0, Diff: 0, Sum: 0, Workers: 4
[8.235s][debug][gc,phases      ] GC(5)     Total                          Min: 0, Avg: 116.0, Max: 384, Diff: 384, Sum: 464, Workers: 4
[8.235s][debug][gc,phases      ] GC(5)   ObjectSynchronizer Weak        Min:  0.0, Avg:  0.0, Max:  0.0, Diff:  0.0, Sum:  0.0, Workers: 4
[8.235s][debug][gc,phases      ] GC(5)     Dead                           Min: 0, Avg:  0.0, Max: 0, Diff: 0, Sum: 0, Workers: 4
[8.235s][debug][gc,phases      ] GC(5)     Total                          Min: 0, Avg:  2.8, Max: 11, Diff: 11, Sum: 11, Workers: 4
[8.235s][debug][gc,phases      ] GC(5)   JVMTI Tag Weak OopStorage      Min:  0.0, Avg:  0.0, Max:  0.0, Diff:  0.0, Sum:  0.0, Workers: 4
[8.235s][debug][gc,phases      ] GC(5)     Dead                           Min: 0, Avg:  0.0, Max: 0, Diff: 0, Sum: 0, Workers: 4
[8.235s][debug][gc,phases      ] GC(5)     Total                          Min: 0, Avg:  0.0, Max: 0, Diff: 0, Sum: 0, Workers: 4
[8.235s][debug][gc,phases      ] GC(5)   StringTable Weak               Min:  0.0, Avg:  0.1, Max:  0.2, Diff:  0.2, Sum:  0.3, Workers: 4
[8.235s][debug][gc,phases      ] GC(5)     Dead                           Min: 0, Avg:  0.0, Max: 0, Diff: 0, Sum: 0, Workers: 4
[8.235s][debug][gc,phases      ] GC(5)     Total                          Min: 0, Avg: 6948.5, Max: 13970, Diff: 13970, Sum: 27794, Workers: 4
[8.235s][debug][gc,phases      ] GC(5)   ResolvedMethodTable Weak       Min:  0.0, Avg:  0.0, Max:  0.1, Diff:  0.1, Sum:  0.1, Workers: 4
[8.235s][debug][gc,phases      ] GC(5)     Dead                           Min: 0, Avg:  0.0, Max: 0, Diff: 0, Sum: 0, Workers: 4
[8.235s][debug][gc,phases      ] GC(5)     Total                          Min: 0, Avg: 2863.2, Max: 5888, Diff: 5888, Sum: 11453, Workers: 4
[8.235s][debug][gc,phases      ] GC(5)   JNI Weak                       Min:  0.0, Avg:  0.0, Max:  0.0, Diff:  0.0, Sum:  0.0, Workers: 4
[8.235s][debug][gc,phases      ] GC(5)     Dead                           Min: 0, Avg:  0.0, Max: 0, Diff: 0, Sum: 0, Workers: 4
[8.235s][debug][gc,phases      ] GC(5)     Total                          Min: 0, Avg: 12.0, Max: 48, Diff: 48, Sum: 48, Workers: 4
[8.235s][debug][gc,phases      ] GC(5)   StringDedup Table Weak         Min:  0.0, Avg:  0.0, Max:  0.0, Diff:  0.0, Sum:  0.0, Workers: 4
[8.235s][debug][gc,phases      ] GC(5)     Dead                           Min: 0, Avg:  0.0, Max: 0, Diff: 0, Sum: 0, Workers: 4
[8.235s][debug][gc,phases      ] GC(5)     Total                          Min: 0, Avg:  0.0, Max: 0, Diff: 0, Sum: 0, Workers: 4
[8.235s][debug][gc,phases      ] GC(5)   StringDedup Requests0 Weak     Min:  0.0, Avg:  0.0, Max:  0.0, Diff:  0.0, Sum:  0.0, Workers: 4
[8.235s][debug][gc,phases      ] GC(5)     Dead                           Min: 0, Avg:  0.0, Max: 0, Diff: 0, Sum: 0, Workers: 4
[8.235s][debug][gc,phases      ] GC(5)     Total                          Min: 0, Avg:  0.0, Max: 0, Diff: 0, Sum: 0, Workers: 4
[8.235s][debug][gc,phases      ] GC(5)   StringDedup Requests1 Weak     Min:  0.0, Avg:  0.0, Max:  0.0, Diff:  0.0, Sum:  0.0, Workers: 4
[8.235s][debug][gc,phases      ] GC(5)     Dead                           Min: 0, Avg:  0.0, Max: 0, Diff: 0, Sum: 0, Workers: 4
[8.235s][debug][gc,phases      ] GC(5)     Total                          Min: 0, Avg:  0.0, Max: 0, Diff: 0, Sum: 0, Workers: 4
[8.235s][debug][gc,phases      ] GC(5)   Weak JFR Old Object Samples    Min:  0.0, Avg:  0.0, Max:  0.0, Diff:  0.0, Sum:  0.0, Workers: 4
[8.235s][debug][gc,phases      ] GC(5)     Dead                           Min: 0, Avg:  0.0, Max: 0, Diff: 0, Sum: 0, Workers: 4
[8.235s][debug][gc,phases      ] GC(5)     Total                          Min: 0, Avg:  0.0, Max: 0, Diff: 0, Sum: 0, Workers: 4
[8.235s][debug][gc,phases      ] GC(5) Weak Processing 0.533ms
[8.235s][debug][gc,phases      ] GC(5) ClassLoaderData 0.060ms
[8.235s][debug][gc,phases      ] GC(5) Trigger cleanups 0.001ms
[8.245s][debug][gc,phases      ] GC(5) Purge Unlinked NMethods 0.217ms
[8.246s][debug][gc,phases      ] GC(5) Unregister NMethods 0.117ms
[8.246s][debug][gc,phases      ] GC(5) Free Code Blobs 0.048ms
[8.246s][debug][gc,phases      ] GC(5) Class Unloading 10.882ms
[8.246s][debug][gc,phases      ] GC(5) Report Object Count 0.001ms
[8.246s][info ][gc,phases      ] GC(5) Marking Phase 65.112ms
[8.246s][info ][gc,phases,start] GC(5) Summary Phase
[8.246s][info ][gc,phases      ] GC(5) Summary Phase 0.010ms
[8.246s][info ][gc,phases,start] GC(5) Adjust Roots
[8.258s][info ][gc,phases      ] GC(5) Adjust Roots 12.582ms
[8.258s][info ][gc,phases,start] GC(5) Compaction Phase
[8.625s][info ][gc,phases      ] GC(5) Compaction Phase 366.953ms
[8.625s][info ][gc,phases,start] GC(5) Post Compact
[8.629s][debug][gc,phases      ] GC(5) Purge Class Loader Data 0.336ms
[8.631s][info ][gc,phases      ] GC(5) Post Compact 5.534ms
[8.631s][info ][gc,heap        ] GC(5) PSYoungGen: 77257K(1572864K)->77012K(1572864K) Eden: 0K(1048576K)->0K(1048576K) From: 77257K(524288K)->77012K(524288K)
[8.631s][info ][gc,heap        ] GC(5) ParOldGen: 6079K(6144K)->6047K(6144K)
[8.631s][info ][gc,metaspace   ] GC(5) Metaspace: 59145K(59776K)->59145K(59776K) NonClass: 49707K(50048K)->49707K(50048K) Class: 9438K(9728K)->9438K(9728K)
[8.631s][info ][gc             ] GC(5) Pause Full (Metadata GC Threshold) 81M->81M(1542M) 450.349ms
[8.631s][info ][gc,cpu         ] GC(5) User=0.84s Sys=0.00s Real=0.45s
[8.631s][info ][safepoint      ] Safepoint "CollectForMetadataAllocation", Time since last: 647628996 ns, Reaching safepoint: 3600 ns, Cleanup: 41300 ns, At safepoint: 534450467 ns, Total: 534495367 ns
[9.283s][info ][safepoint      ] Safepoint "ICBufferFull", Time since last: 651997236 ns, Reaching safepoint: 80001 ns, Cleanup: 164301 ns, At safepoint: 13300 ns, Total: 257602 ns
[9.501s][info ][safepoint      ] Safepoint "ICBufferFull", Time since last: 217398479 ns, Reaching safepoint: 4301 ns, Cleanup: 148401 ns, At safepoint: 2800 ns, Total: 155502 ns
[9.668s][info ][safepoint      ] Safepoint "ICBufferFull", Time since last: 167536925 ns, Reaching safepoint: 4000 ns, Cleanup: 141002 ns, At safepoint: 2200 ns, Total: 147202 ns
[9.804s][info ][safepoint      ] Safepoint "ICBufferFull", Time since last: 135398432 ns, Reaching safepoint: 4500 ns, Cleanup: 132702 ns, At safepoint: 1700 ns, Total: 138902 ns
[9.978s][info ][safepoint      ] Safepoint "ICBufferFull", Time since last: 174340187 ns, Reaching safepoint: 3800 ns, Cleanup: 111301 ns, At safepoint: 1400 ns, Total: 116501 ns
[10.297s][info ][safepoint      ] Safepoint "ICBufferFull", Time since last: 318306398 ns, Reaching safepoint: 4100 ns, Cleanup: 133801 ns, At safepoint: 3600 ns, Total: 141501 ns
[10.697s][info ][safepoint      ] Safepoint "ICBufferFull", Time since last: 399829541 ns, Reaching safepoint: 4400 ns, Cleanup: 183001 ns, At safepoint: 7401 ns, Total: 194802 ns
[11.168s][info ][safepoint      ] Safepoint "ICBufferFull", Time since last: 470492183 ns, Reaching safepoint: 85901 ns, Cleanup: 148001 ns, At safepoint: 8100 ns, Total: 242002 ns
[11.529s][info ][safepoint      ] Safepoint "ICBufferFull", Time since last: 360781385 ns, Reaching safepoint: 4700 ns, Cleanup: 128001 ns, At safepoint: 5701 ns, Total: 138402 ns
[12.078s][info ][safepoint      ] Safepoint "ICBufferFull", Time since last: 548897638 ns, Reaching safepoint: 4500 ns, Cleanup: 154102 ns, At safepoint: 2600 ns, Total: 161202 ns
[12.380s][info ][safepoint      ] Safepoint "ICBufferFull", Time since last: 302349121 ns, Reaching safepoint: 85401 ns, Cleanup: 143901 ns, At safepoint: 12700 ns, Total: 242002 ns
[12.655s][info ][safepoint      ] Safepoint "ICBufferFull", Time since last: 274823064 ns, Reaching safepoint: 84601 ns, Cleanup: 136801 ns, At safepoint: 11701 ns, Total: 233103 ns
[12.880s][info ][safepoint      ] Safepoint "ICBufferFull", Time since last: 224623995 ns, Reaching safepoint: 82801 ns, Cleanup: 116801 ns, At safepoint: 12000 ns, Total: 211602 ns
[13.880s][info ][safepoint      ] Safepoint "Cleanup", Time since last: 1000107332 ns, Reaching safepoint: 82300 ns, Cleanup: 126602 ns, At safepoint: 11200 ns, Total: 220102 ns
[14.889s][info ][safepoint      ] Safepoint "Cleanup", Time since last: 1004329971 ns, Reaching safepoint: 4027437 ns, Cleanup: 10600 ns, At safepoint: 13700 ns, Total: 4051737 ns
[15.889s][info ][safepoint      ] Safepoint "Cleanup", Time since last: 1000115432 ns, Reaching safepoint: 82200 ns, Cleanup: 10001 ns, At safepoint: 10600 ns, Total: 102801 ns
[16.581s][info ][safepoint      ] Safepoint "ICBufferFull", Time since last: 690101439 ns, Reaching safepoint: 2106219 ns, Cleanup: 167902 ns, At safepoint: 12000 ns, Total: 2286121 ns
[17.029s][info ][safepoint      ] Safepoint "ICBufferFull", Time since last: 447526875 ns, Reaching safepoint: 83601 ns, Cleanup: 149502 ns, At safepoint: 7400 ns, Total: 240503 ns
[17.266s][info ][safepoint      ] Safepoint "ICBufferFull", Time since last: 236262304 ns, Reaching safepoint: 5000 ns, Cleanup: 145202 ns, At safepoint: 6000 ns, Total: 156202 ns
[17.383s][info ][safepoint      ] Safepoint "ICBufferFull", Time since last: 116663688 ns, Reaching safepoint: 87101 ns, Cleanup: 138401 ns, At safepoint: 11800 ns, Total: 237302 ns
[17.849s][info ][safepoint      ] Safepoint "ICBufferFull", Time since last: 466617254 ns, Reaching safepoint: 5300 ns, Cleanup: 137801 ns, At safepoint: 2000 ns, Total: 145101 ns
[18.654s][info ][safepoint      ] Safepoint "ICBufferFull", Time since last: 804415806 ns, Reaching safepoint: 156201 ns, Cleanup: 153102 ns, At safepoint: 7200 ns, Total: 316503 ns
[19.654s][info ][safepoint      ] Safepoint "Cleanup", Time since last: 1000112131 ns, Reaching safepoint: 80901 ns, Cleanup: 113101 ns, At safepoint: 4300 ns, Total: 198302 ns
[20.655s][info ][safepoint      ] Safepoint "Cleanup", Time since last: 1000112209 ns, Reaching safepoint: 82601 ns, Cleanup: 121501 ns, At safepoint: 11701 ns, Total: 215803 ns
[21.466s][info ][safepoint      ] Safepoint "ICBufferFull", Time since last: 811012683 ns, Reaching safepoint: 6500 ns, Cleanup: 144601 ns, At safepoint: 4400 ns, Total: 155501 ns
[21.674s][info ][safepoint      ] Safepoint "ICBufferFull", Time since last: 205129545 ns, Reaching safepoint: 3209132 ns, Cleanup: 141401 ns, At safepoint: 8800 ns, Total: 3359333 ns
[21.865s][info ][safepoint      ] Safepoint "ICBufferFull", Time since last: 184485339 ns, Reaching safepoint: 5935359 ns, Cleanup: 176102 ns, At safepoint: 17300 ns, Total: 6128761 ns
[22.027s][info ][safepoint      ] Safepoint "ICBufferFull", Time since last: 161560310 ns, Reaching safepoint: 88301 ns, Cleanup: 137402 ns, At safepoint: 13100 ns, Total: 238803 ns
[22.097s][info ][safepoint      ] Safepoint "CollectForMetadataAllocation", Time since last: 66086358 ns, Reaching safepoint: 3988940 ns, Cleanup: 39301 ns, At safepoint: 34400 ns, Total: 4062641 ns
[22.101s][info ][gc,start       ] GC(6) Pause Young (GCLocker Initiated GC)
[22.290s][debug][gc,phases      ] GC(6) Scavenge 188.670ms
[22.290s][debug][gc,ref         ] GC(6) ReferenceProcessor::execute queues: 4, RefProcThreadModel::Multi, marks_oops_alive: false
[22.292s][debug][gc,ref         ] GC(6) Skipped KeepAliveFinalRefsPhase of Reference Processing: no references
[22.292s][debug][gc,ref         ] GC(6) ReferenceProcessor::execute queues: 4, RefProcThreadModel::Multi, marks_oops_alive: false
[22.293s][debug][gc,phases      ] GC(6) Reference Processing 3.126ms
[22.295s][debug][gc,phases      ] GC(6)   VM Weak                        Min:  0.0, Avg:  0.0, Max:  0.0, Diff:  0.0, Sum:  0.0, Workers: 4
[22.295s][debug][gc,phases      ] GC(6)     Dead                           Min: 0, Avg:  0.0, Max: 0, Diff: 0, Sum: 0, Workers: 4
[22.295s][debug][gc,phases      ] GC(6)     Total                          Min: 0, Avg: 204.2, Max: 817, Diff: 817, Sum: 817, Workers: 4
[22.295s][debug][gc,phases      ] GC(6)   ObjectSynchronizer Weak        Min:  0.0, Avg:  0.0, Max:  0.0, Diff:  0.0, Sum:  0.0, Workers: 4
[22.295s][debug][gc,phases      ] GC(6)     Dead                           Min: 0, Avg:  6.2, Max: 25, Diff: 25, Sum: 25, Workers: 4
[22.295s][debug][gc,phases      ] GC(6)     Total                          Min: 0, Avg: 12.5, Max: 50, Diff: 50, Sum: 50, Workers: 4
[22.295s][debug][gc,phases      ] GC(6)   JVMTI Tag Weak OopStorage      Min:  0.0, Avg:  0.0, Max:  0.0, Diff:  0.0, Sum:  0.0, Workers: 4
[22.295s][debug][gc,phases      ] GC(6)     Dead                           Min: 0, Avg:  0.0, Max: 0, Diff: 0, Sum: 0, Workers: 4
[22.295s][debug][gc,phases      ] GC(6)     Total                          Min: 0, Avg:  0.0, Max: 0, Diff: 0, Sum: 0, Workers: 4
[22.295s][debug][gc,phases      ] GC(6)   StringTable Weak               Min:  0.0, Avg:  0.3, Max:  1.3, Diff:  1.3, Sum:  1.3, Workers: 4
[22.295s][debug][gc,phases      ] GC(6)     Dead                           Min: 0, Avg:  9.8, Max: 39, Diff: 39, Sum: 39, Workers: 4
[22.295s][debug][gc,phases      ] GC(6)     Total                          Min: 0, Avg: 10962.2, Max: 43849, Diff: 43849, Sum: 43849, Workers: 4
[22.295s][debug][gc,phases      ] GC(6)   ResolvedMethodTable Weak       Min:  0.0, Avg:  0.1, Max:  0.6, Diff:  0.6, Sum:  0.6, Workers: 4
[22.295s][debug][gc,phases      ] GC(6)     Dead                           Min: 0, Avg: 1042.5, Max: 4170, Diff: 4170, Sum: 4170, Workers: 4
[22.295s][debug][gc,phases      ] GC(6)     Total                          Min: 0, Avg: 4455.0, Max: 17820, Diff: 17820, Sum: 17820, Workers: 4
[22.295s][debug][gc,phases      ] GC(6)   JNI Weak                       Min:  0.0, Avg:  0.0, Max:  0.0, Diff:  0.0, Sum:  0.0, Workers: 4
[22.295s][debug][gc,phases      ] GC(6)     Dead                           Min: 0, Avg:  0.0, Max: 0, Diff: 0, Sum: 0, Workers: 4
[22.295s][debug][gc,phases      ] GC(6)     Total                          Min: 0, Avg: 29.0, Max: 116, Diff: 116, Sum: 116, Workers: 4
[22.295s][debug][gc,phases      ] GC(6)   StringDedup Table Weak         Min:  0.0, Avg:  0.0, Max:  0.0, Diff:  0.0, Sum:  0.0, Workers: 4
[22.295s][debug][gc,phases      ] GC(6)     Dead                           Min: 0, Avg:  0.0, Max: 0, Diff: 0, Sum: 0, Workers: 4
[22.295s][debug][gc,phases      ] GC(6)     Total                          Min: 0, Avg:  0.0, Max: 0, Diff: 0, Sum: 0, Workers: 4
[22.295s][debug][gc,phases      ] GC(6)   StringDedup Requests0 Weak     Min:  0.0, Avg:  0.0, Max:  0.0, Diff:  0.0, Sum:  0.0, Workers: 4
[22.295s][debug][gc,phases      ] GC(6)     Dead                           Min: 0, Avg:  0.0, Max: 0, Diff: 0, Sum: 0, Workers: 4
[22.295s][debug][gc,phases      ] GC(6)     Total                          Min: 0, Avg:  0.0, Max: 0, Diff: 0, Sum: 0, Workers: 4
[22.295s][debug][gc,phases      ] GC(6)   StringDedup Requests1 Weak     Min:  0.0, Avg:  0.0, Max:  0.0, Diff:  0.0, Sum:  0.0, Workers: 4
[22.295s][debug][gc,phases      ] GC(6)     Dead                           Min: 0, Avg:  0.0, Max: 0, Diff: 0, Sum: 0, Workers: 4
[22.295s][debug][gc,phases      ] GC(6)     Total                          Min: 0, Avg:  0.0, Max: 0, Diff: 0, Sum: 0, Workers: 4
[22.295s][debug][gc,phases      ] GC(6)   Weak JFR Old Object Samples    Min:  0.0, Avg:  0.0, Max:  0.0, Diff:  0.0, Sum:  0.0, Workers: 4
[22.295s][debug][gc,phases      ] GC(6)     Dead                           Min: 0, Avg:  0.0, Max: 0, Diff: 0, Sum: 0, Workers: 4
[22.295s][debug][gc,phases      ] GC(6)     Total                          Min: 0, Avg:  0.0, Max: 0, Diff: 0, Sum: 0, Workers: 4
[22.295s][debug][gc,phases      ] GC(6) Weak Processing 2.202ms
[22.295s][debug][gc,age         ] GC(6) Desired survivor size 536870912 bytes, new threshold 7 (max threshold 15)
[22.295s][info ][gc,heap        ] GC(6) PSYoungGen: 1014875K(1572864K)->145583K(1572864K) Eden: 937863K(1048576K)->0K(1048576K) From: 77012K(524288K)->145583K(524288K)
[22.295s][info ][gc,heap        ] GC(6) ParOldGen: 6047K(6144K)->6388K(6656K)
[22.295s][info ][gc,metaspace   ] GC(6) Metaspace: 98591K(99712K)->98591K(99712K) NonClass: 83164K(83840K)->83164K(83840K) Class: 15427K(15872K)->15427K(15872K)
[22.295s][info ][gc             ] GC(6) Pause Young (GCLocker Initiated GC) 996M->148M(1542M) 194.142ms
[22.295s][info ][gc,cpu         ] GC(6) User=0.27s Sys=0.01s Real=0.20s
[22.295s][info ][safepoint      ] Safepoint "ParallelGCSystemGC", Time since last: 3917739 ns, Reaching safepoint: 196302 ns, Cleanup: 1800 ns, At safepoint: 194235136 ns, Total: 194433238 ns
[22.485s][info ][gc,start       ] GC(7) Pause Young (Metadata GC Threshold)
[22.630s][debug][gc,phases      ] GC(7) Scavenge 145.012ms
[22.630s][debug][gc,ref         ] GC(7) ReferenceProcessor::execute queues: 4, RefProcThreadModel::Multi, marks_oops_alive: false
[22.631s][debug][gc,ref         ] GC(7) Skipped KeepAliveFinalRefsPhase of Reference Processing: no references
[22.631s][debug][gc,ref         ] GC(7) ReferenceProcessor::execute queues: 1, RefProcThreadModel::Single, marks_oops_alive: false
[22.631s][debug][gc,phases      ] GC(7) Reference Processing 1.438ms
[22.633s][debug][gc,phases      ] GC(7)   VM Weak                        Min:  0.0, Avg:  0.0, Max:  0.0, Diff:  0.0, Sum:  0.0, Workers: 4
[22.633s][debug][gc,phases      ] GC(7)     Dead                           Min: 0, Avg:  0.0, Max: 0, Diff: 0, Sum: 0, Workers: 4
[22.633s][debug][gc,phases      ] GC(7)     Total                          Min: 0, Avg: 205.8, Max: 823, Diff: 823, Sum: 823, Workers: 4
[22.633s][debug][gc,phases      ] GC(7)   ObjectSynchronizer Weak        Min:  0.0, Avg:  0.0, Max:  0.0, Diff:  0.0, Sum:  0.0, Workers: 4
[22.633s][debug][gc,phases      ] GC(7)     Dead                           Min: 0, Avg:  0.0, Max: 0, Diff: 0, Sum: 0, Workers: 4
[22.633s][debug][gc,phases      ] GC(7)     Total                          Min: 0, Avg: 12.5, Max: 50, Diff: 50, Sum: 50, Workers: 4
[22.633s][debug][gc,phases      ] GC(7)   JVMTI Tag Weak OopStorage      Min:  0.0, Avg:  0.0, Max:  0.0, Diff:  0.0, Sum:  0.0, Workers: 4
[22.633s][debug][gc,phases      ] GC(7)     Dead                           Min: 0, Avg:  0.0, Max: 0, Diff: 0, Sum: 0, Workers: 4
[22.633s][debug][gc,phases      ] GC(7)     Total                          Min: 0, Avg:  0.0, Max: 0, Diff: 0, Sum: 0, Workers: 4
[22.633s][debug][gc,phases      ] GC(7)   StringTable Weak               Min:  0.0, Avg:  0.3, Max:  1.1, Diff:  1.1, Sum:  1.1, Workers: 4
[22.633s][debug][gc,phases      ] GC(7)     Dead                           Min: 0, Avg:  0.8, Max: 3, Diff: 3, Sum: 3, Workers: 4
[22.633s][debug][gc,phases      ] GC(7)     Total                          Min: 0, Avg: 10983.5, Max: 43934, Diff: 43934, Sum: 43934, Workers: 4
[22.633s][debug][gc,phases      ] GC(7)   ResolvedMethodTable Weak       Min:  0.0, Avg:  0.1, Max:  0.4, Diff:  0.4, Sum:  0.4, Workers: 4
[22.633s][debug][gc,phases      ] GC(7)     Dead                           Min: 0, Avg: 12.2, Max: 49, Diff: 49, Sum: 49, Workers: 4
[22.633s][debug][gc,phases      ] GC(7)     Total                          Min: 0, Avg: 3447.8, Max: 13791, Diff: 13791, Sum: 13791, Workers: 4
[22.633s][debug][gc,phases      ] GC(7)   JNI Weak                       Min:  0.0, Avg:  0.0, Max:  0.0, Diff:  0.0, Sum:  0.0, Workers: 4
[22.633s][debug][gc,phases      ] GC(7)     Dead                           Min: 0, Avg:  0.0, Max: 0, Diff: 0, Sum: 0, Workers: 4
[22.633s][debug][gc,phases      ] GC(7)     Total                          Min: 0, Avg: 28.0, Max: 112, Diff: 112, Sum: 112, Workers: 4
[22.633s][debug][gc,phases      ] GC(7)   StringDedup Table Weak         Min:  0.0, Avg:  0.0, Max:  0.0, Diff:  0.0, Sum:  0.0, Workers: 4
[22.633s][debug][gc,phases      ] GC(7)     Dead                           Min: 0, Avg:  0.0, Max: 0, Diff: 0, Sum: 0, Workers: 4
[22.633s][debug][gc,phases      ] GC(7)     Total                          Min: 0, Avg:  0.0, Max: 0, Diff: 0, Sum: 0, Workers: 4
[22.633s][debug][gc,phases      ] GC(7)   StringDedup Requests0 Weak     Min:  0.0, Avg:  0.0, Max:  0.0, Diff:  0.0, Sum:  0.0, Workers: 4
[22.633s][debug][gc,phases      ] GC(7)     Dead                           Min: 0, Avg:  0.0, Max: 0, Diff: 0, Sum: 0, Workers: 4
[22.633s][debug][gc,phases      ] GC(7)     Total                          Min: 0, Avg:  0.0, Max: 0, Diff: 0, Sum: 0, Workers: 4
[22.633s][debug][gc,phases      ] GC(7)   StringDedup Requests1 Weak     Min:  0.0, Avg:  0.0, Max:  0.0, Diff:  0.0, Sum:  0.0, Workers: 4
[22.633s][debug][gc,phases      ] GC(7)     Dead                           Min: 0, Avg:  0.0, Max: 0, Diff: 0, Sum: 0, Workers: 4
[22.633s][debug][gc,phases      ] GC(7)     Total                          Min: 0, Avg:  0.0, Max: 0, Diff: 0, Sum: 0, Workers: 4
[22.633s][debug][gc,phases      ] GC(7)   Weak JFR Old Object Samples    Min:  0.0, Avg:  0.0, Max:  0.0, Diff:  0.0, Sum:  0.0, Workers: 4
[22.633s][debug][gc,phases      ] GC(7)     Dead                           Min: 0, Avg:  0.0, Max: 0, Diff: 0, Sum: 0, Workers: 4
[22.633s][debug][gc,phases      ] GC(7)     Total                          Min: 0, Avg:  0.0, Max: 0, Diff: 0, Sum: 0, Workers: 4
[22.633s][debug][gc,phases      ] GC(7) Weak Processing 1.797ms
[22.633s][debug][gc,age         ] GC(7) Desired survivor size 184549376 bytes, new threshold 6 (max threshold 15)
[22.633s][info ][gc,heap        ] GC(7) PSYoungGen: 184011K(1572864K)->143177K(1572864K) Eden: 38428K(1048576K)->0K(1048576K) From: 145583K(524288K)->143177K(524288K)
[22.633s][info ][gc,heap        ] GC(7) ParOldGen: 6388K(6656K)->6396K(6656K)
[22.633s][info ][gc,metaspace   ] GC(7) Metaspace: 98900K(99968K)->98900K(99968K) NonClass: 83426K(84032K)->83426K(84032K) Class: 15474K(15936K)->15474K(15936K)
[22.633s][info ][gc             ] GC(7) Pause Young (Metadata GC Threshold) 185M->146M(1542M) 148.480ms
[22.633s][info ][gc,cpu         ] GC(7) User=0.20s Sys=0.02s Real=0.16s
[22.633s][debug][gc,phases      ] GC(8) Pre Compact 0.015ms
[22.633s][info ][gc,start       ] GC(8) Pause Full (Metadata GC Threshold)
[22.633s][info ][gc,phases,start] GC(8) Marking Phase
[22.794s][debug][gc,phases      ] GC(8) Par Mark 160.434ms
[22.794s][debug][gc,ref         ] GC(8) ReferenceProcessor::execute queues: 1, RefProcThreadModel::Single, marks_oops_alive: false
[22.794s][debug][gc,ref         ] GC(8) Skipped KeepAliveFinalRefsPhase of Reference Processing: no references
[22.794s][debug][gc,ref         ] GC(8) ReferenceProcessor::execute queues: 1, RefProcThreadModel::Single, marks_oops_alive: false
[22.794s][debug][gc,phases      ] GC(8) Reference Processing 0.242ms
[22.795s][debug][gc,phases      ] GC(8)   VM Weak                        Min:  0.0, Avg:  0.0, Max:  0.0, Diff:  0.0, Sum:  0.0, Workers: 4
[22.795s][debug][gc,phases      ] GC(8)     Dead                           Min: 0, Avg:  0.0, Max: 0, Diff: 0, Sum: 0, Workers: 4
[22.795s][debug][gc,phases      ] GC(8)     Total                          Min: 0, Avg: 205.8, Max: 823, Diff: 823, Sum: 823, Workers: 4
[22.795s][debug][gc,phases      ] GC(8)   ObjectSynchronizer Weak        Min:  0.0, Avg:  0.0, Max:  0.0, Diff:  0.0, Sum:  0.0, Workers: 4
[22.795s][debug][gc,phases      ] GC(8)     Dead                           Min: 0, Avg:  0.0, Max: 0, Diff: 0, Sum: 0, Workers: 4
[22.795s][debug][gc,phases      ] GC(8)     Total                          Min: 0, Avg: 12.5, Max: 50, Diff: 50, Sum: 50, Workers: 4
[22.795s][debug][gc,phases      ] GC(8)   JVMTI Tag Weak OopStorage      Min:  0.0, Avg:  0.0, Max:  0.0, Diff:  0.0, Sum:  0.0, Workers: 4
[22.795s][debug][gc,phases      ] GC(8)     Dead                           Min: 0, Avg:  0.0, Max: 0, Diff: 0, Sum: 0, Workers: 4
[22.795s][debug][gc,phases      ] GC(8)     Total                          Min: 0, Avg:  0.0, Max: 0, Diff: 0, Sum: 0, Workers: 4
[22.795s][debug][gc,phases      ] GC(8)   StringTable Weak               Min:  0.0, Avg:  0.1, Max:  0.6, Diff:  0.6, Sum:  0.6, Workers: 4
[22.795s][debug][gc,phases      ] GC(8)     Dead                           Min: 0, Avg:  0.0, Max: 0, Diff: 0, Sum: 0, Workers: 4
[22.795s][debug][gc,phases      ] GC(8)     Total                          Min: 0, Avg: 10983.5, Max: 43934, Diff: 43934, Sum: 43934, Workers: 4
[22.795s][debug][gc,phases      ] GC(8)   ResolvedMethodTable Weak       Min:  0.0, Avg:  0.0, Max:  0.2, Diff:  0.2, Sum:  0.2, Workers: 4
[22.795s][debug][gc,phases      ] GC(8)     Dead                           Min: 0, Avg:  0.0, Max: 0, Diff: 0, Sum: 0, Workers: 4
[22.795s][debug][gc,phases      ] GC(8)     Total                          Min: 0, Avg: 3447.8, Max: 13791, Diff: 13791, Sum: 13791, Workers: 4
[22.795s][debug][gc,phases      ] GC(8)   JNI Weak                       Min:  0.0, Avg:  0.0, Max:  0.0, Diff:  0.0, Sum:  0.0, Workers: 4
[22.795s][debug][gc,phases      ] GC(8)     Dead                           Min: 0, Avg:  0.0, Max: 0, Diff: 0, Sum: 0, Workers: 4
[22.795s][debug][gc,phases      ] GC(8)     Total                          Min: 0, Avg: 28.0, Max: 112, Diff: 112, Sum: 112, Workers: 4
[22.795s][debug][gc,phases      ] GC(8)   StringDedup Table Weak         Min:  0.0, Avg:  0.0, Max:  0.0, Diff:  0.0, Sum:  0.0, Workers: 4
[22.795s][debug][gc,phases      ] GC(8)     Dead                           Min: 0, Avg:  0.0, Max: 0, Diff: 0, Sum: 0, Workers: 4
[22.795s][debug][gc,phases      ] GC(8)     Total                          Min: 0, Avg:  0.0, Max: 0, Diff: 0, Sum: 0, Workers: 4
[22.795s][debug][gc,phases      ] GC(8)   StringDedup Requests0 Weak     Min:  0.0, Avg:  0.0, Max:  0.0, Diff:  0.0, Sum:  0.0, Workers: 4
[22.795s][debug][gc,phases      ] GC(8)     Dead                           Min: 0, Avg:  0.0, Max: 0, Diff: 0, Sum: 0, Workers: 4
[22.795s][debug][gc,phases      ] GC(8)     Total                          Min: 0, Avg:  0.0, Max: 0, Diff: 0, Sum: 0, Workers: 4
[22.795s][debug][gc,phases      ] GC(8)   StringDedup Requests1 Weak     Min:  0.0, Avg:  0.0, Max:  0.0, Diff:  0.0, Sum:  0.0, Workers: 4
[22.795s][debug][gc,phases      ] GC(8)     Dead                           Min: 0, Avg:  0.0, Max: 0, Diff: 0, Sum: 0, Workers: 4
[22.795s][debug][gc,phases      ] GC(8)     Total                          Min: 0, Avg:  0.0, Max: 0, Diff: 0, Sum: 0, Workers: 4
[22.795s][debug][gc,phases      ] GC(8)   Weak JFR Old Object Samples    Min:  0.0, Avg:  0.0, Max:  0.0, Diff:  0.0, Sum:  0.0, Workers: 4
[22.795s][debug][gc,phases      ] GC(8)     Dead                           Min: 0, Avg:  0.0, Max: 0, Diff: 0, Sum: 0, Workers: 4
[22.795s][debug][gc,phases      ] GC(8)     Total                          Min: 0, Avg:  0.0, Max: 0, Diff: 0, Sum: 0, Workers: 4
[22.795s][debug][gc,phases      ] GC(8) Weak Processing 1.045ms
[22.795s][debug][gc,phases      ] GC(8) ClassLoaderData 0.100ms
[22.795s][debug][gc,phases      ] GC(8) Trigger cleanups 0.000ms
[22.824s][debug][gc,phases      ] GC(8) Purge Unlinked NMethods 0.523ms
[22.824s][debug][gc,phases      ] GC(8) Unregister NMethods 0.604ms
[22.825s][debug][gc,phases      ] GC(8) Free Code Blobs 0.091ms
[22.825s][debug][gc,phases      ] GC(8) Class Unloading 29.456ms
[22.825s][debug][gc,phases      ] GC(8) Report Object Count 0.001ms
[22.825s][info ][gc,phases      ] GC(8) Marking Phase 191.263ms
[22.825s][info ][gc,phases,start] GC(8) Summary Phase
[22.825s][info ][gc,phases      ] GC(8) Summary Phase 0.012ms
[22.825s][info ][gc,phases,start] GC(8) Adjust Roots
[22.846s][info ][gc,phases      ] GC(8) Adjust Roots 21.495ms
[22.846s][info ][gc,phases,start] GC(8) Compaction Phase
[23.555s][info ][gc,phases      ] GC(8) Compaction Phase 709.305ms
[23.555s][info ][gc,phases,start] GC(8) Post Compact
[23.558s][debug][gc,phases      ] GC(8) Purge Class Loader Data 1.684ms
[23.561s][info ][gc,phases      ] GC(8) Post Compact 5.822ms
[23.561s][info ][gc,heap        ] GC(8) PSYoungGen: 143177K(1572864K)->142729K(1572864K) Eden: 0K(1048576K)->0K(1048576K) From: 143177K(524288K)->142729K(524288K)
[23.561s][info ][gc,heap        ] GC(8) ParOldGen: 6396K(6656K)->6370K(6656K)
[23.561s][info ][gc,metaspace   ] GC(8) Metaspace: 98900K(99968K)->98900K(99968K) NonClass: 83426K(84032K)->83426K(84032K) Class: 15474K(15936K)->15474K(15936K)
[23.561s][info ][gc             ] GC(8) Pause Full (Metadata GC Threshold) 146M->145M(1542M) 928.065ms
[23.561s][info ][gc,cpu         ] GC(8) User=1.47s Sys=0.00s Real=0.92s
[23.562s][info ][safepoint      ] Safepoint "CollectForMetadataAllocation", Time since last: 186541459 ns, Reaching safepoint: 2774528 ns, Cleanup: 100701 ns, At safepoint: 1076843732 ns, Total: 1079718961 ns
[23.818s][info ][safepoint      ] Safepoint "ICBufferFull", Time since last: 256616458 ns, Reaching safepoint: 85401 ns, Cleanup: 180902 ns, At safepoint: 15100 ns, Total: 281403 ns
[24.199s][info ][safepoint      ] Safepoint "ICBufferFull", Time since last: 378871776 ns, Reaching safepoint: 1896219 ns, Cleanup: 150501 ns, At safepoint: 10101 ns, Total: 2056821 ns
[24.522s][info ][safepoint      ] Safepoint "ICBufferFull", Time since last: 322541114 ns, Reaching safepoint: 76001 ns, Cleanup: 137001 ns, At safepoint: 11701 ns, Total: 224703 ns
[24.813s][info ][safepoint      ] Safepoint "ICBufferFull", Time since last: 290507795 ns, Reaching safepoint: 4300 ns, Cleanup: 124201 ns, At safepoint: 7300 ns, Total: 135801 ns
[24.982s][info ][safepoint      ] Safepoint "ICBufferFull", Time since last: 169002585 ns, Reaching safepoint: 6400 ns, Cleanup: 146801 ns, At safepoint: 14800 ns, Total: 168001 ns
[25.355s][info ][safepoint      ] Safepoint "ICBufferFull", Time since last: 372840816 ns, Reaching safepoint: 4601 ns, Cleanup: 141601 ns, At safepoint: 6200 ns, Total: 152402 ns
[26.008s][info ][safepoint      ] Safepoint "ICBufferFull", Time since last: 653115509 ns, Reaching safepoint: 83001 ns, Cleanup: 147302 ns, At safepoint: 11000 ns, Total: 241303 ns
[26.866s][info ][safepoint      ] Safepoint "ICBufferFull", Time since last: 857189943 ns, Reaching safepoint: 5600 ns, Cleanup: 152502 ns, At safepoint: 2000 ns, Total: 160102 ns
[27.711s][info ][safepoint      ] Safepoint "ICBufferFull", Time since last: 845628513 ns, Reaching safepoint: 85201 ns, Cleanup: 152502 ns, At safepoint: 10200 ns, Total: 247903 ns
[28.707s][info ][safepoint      ] Safepoint "ICBufferFull", Time since last: 995111623 ns, Reaching safepoint: 82501 ns, Cleanup: 146701 ns, At safepoint: 6800 ns, Total: 236002 ns
[29.707s][info ][safepoint      ] Safepoint "Cleanup", Time since last: 1000121473 ns, Reaching safepoint: 81301 ns, Cleanup: 128501 ns, At safepoint: 5900 ns, Total: 215702 ns
[30.708s][info ][safepoint      ] Safepoint "Cleanup", Time since last: 1000472076 ns, Reaching safepoint: 86701 ns, Cleanup: 77801 ns, At safepoint: 5200 ns, Total: 169702 ns
[32.291s][info ][safepoint      ] Safepoint "Cleanup", Time since last: 1583225721 ns, Reaching safepoint: 7000 ns, Cleanup: 67100 ns, At safepoint: 2700 ns, Total: 76800 ns
[33.291s][info ][safepoint      ] Safepoint "Cleanup", Time since last: 1000110873 ns, Reaching safepoint: 7700 ns, Cleanup: 22700 ns, At safepoint: 1600 ns, Total: 32000 ns
[34.291s][info ][safepoint      ] Safepoint "Cleanup", Time since last: 1000122273 ns, Reaching safepoint: 6700 ns, Cleanup: 26801 ns, At safepoint: 2600 ns, Total: 36101 ns
[35.398s][info ][safepoint      ] Safepoint "Cleanup", Time since last: 1106580249 ns, Reaching safepoint: 7200 ns, Cleanup: 18200 ns, At safepoint: 2100 ns, Total: 27500 ns
[36.398s][info ][safepoint      ] Safepoint "Cleanup", Time since last: 1000121298 ns, Reaching safepoint: 8100 ns, Cleanup: 56101 ns, At safepoint: 2200 ns, Total: 66401 ns
[37.398s][info ][safepoint      ] Safepoint "Cleanup", Time since last: 1000107225 ns, Reaching safepoint: 6200 ns, Cleanup: 34901 ns, At safepoint: 1900 ns, Total: 43001 ns
[38.399s][info ][safepoint      ] Safepoint "Cleanup", Time since last: 1000120625 ns, Reaching safepoint: 7000 ns, Cleanup: 36101 ns, At safepoint: 2400 ns, Total: 45501 ns
[39.399s][info ][safepoint      ] Safepoint "Cleanup", Time since last: 1000116025 ns, Reaching safepoint: 8700 ns, Cleanup: 41301 ns, At safepoint: 2800 ns, Total: 52801 ns
[40.399s][info ][safepoint      ] Safepoint "Cleanup", Time since last: 1000111425 ns, Reaching safepoint: 6100 ns, Cleanup: 22500 ns, At safepoint: 2100 ns, Total: 30700 ns
[41.399s][info ][safepoint      ] Safepoint "Cleanup", Time since last: 1000117926 ns, Reaching safepoint: 7200 ns, Cleanup: 25100 ns, At safepoint: 2100 ns, Total: 34400 ns
[42.399s][info ][safepoint      ] Safepoint "Cleanup", Time since last: 1000110726 ns, Reaching safepoint: 6700 ns, Cleanup: 17600 ns, At safepoint: 2400 ns, Total: 26700 ns
[44.057s][info ][safepoint      ] Safepoint "Cleanup", Time since last: 1657236209 ns, Reaching safepoint: 79401 ns, Cleanup: 58601 ns, At safepoint: 9800 ns, Total: 147802 ns
[45.057s][info ][safepoint      ] Safepoint "Cleanup", Time since last: 1000113198 ns, Reaching safepoint: 76001 ns, Cleanup: 31200 ns, At safepoint: 5600 ns, Total: 112801 ns
[46.057s][info ][safepoint      ] Safepoint "Cleanup", Time since last: 1000123498 ns, Reaching safepoint: 5800 ns, Cleanup: 42701 ns, At safepoint: 1700 ns, Total: 50201 ns
[47.057s][info ][safepoint      ] Safepoint "Cleanup", Time since last: 1000109398 ns, Reaching safepoint: 5900 ns, Cleanup: 14500 ns, At safepoint: 1600 ns, Total: 22000 ns
[48.012s][info ][safepoint      ] Safepoint "ICBufferFull", Time since last: 954714635 ns, Reaching safepoint: 7000 ns, Cleanup: 170302 ns, At safepoint: 2500 ns, Total: 179802 ns
[48.164s][info ][safepoint      ] Safepoint "ICBufferFull", Time since last: 152315253 ns, Reaching safepoint: 4100 ns, Cleanup: 119002 ns, At safepoint: 12600 ns, Total: 135702 ns
[49.165s][info ][safepoint      ] Safepoint "Cleanup", Time since last: 1000109198 ns, Reaching safepoint: 7300 ns, Cleanup: 58601 ns, At safepoint: 2400 ns, Total: 68301 ns
[50.165s][info ][safepoint      ] Safepoint "Cleanup", Time since last: 1000114867 ns, Reaching safepoint: 7400 ns, Cleanup: 11300 ns, At safepoint: 2200 ns, Total: 20900 ns
[52.165s][info ][safepoint      ] Safepoint "Cleanup", Time since last: 2000173285 ns, Reaching safepoint: 7600 ns, Cleanup: 11600 ns, At safepoint: 2300 ns, Total: 21500 ns
[53.165s][info ][safepoint      ] Safepoint "Cleanup", Time since last: 1000137121 ns, Reaching safepoint: 7700 ns, Cleanup: 9100 ns, At safepoint: 2400 ns, Total: 19200 ns
[54.165s][info ][safepoint      ] Safepoint "Cleanup", Time since last: 1000144921 ns, Reaching safepoint: 7700 ns, Cleanup: 17800 ns, At safepoint: 2200 ns, Total: 27700 ns
[60.133s][info ][safepoint      ] Safepoint "Cleanup", Time since last: 5967755372 ns, Reaching safepoint: 4301 ns, Cleanup: 9100 ns, At safepoint: 4200 ns, Total: 17601 ns
[62.133s][info ][safepoint      ] Safepoint "Cleanup", Time since last: 2000251960 ns, Reaching safepoint: 6400 ns, Cleanup: 7000 ns, At safepoint: 1800 ns, Total: 15200 ns
[64.134s][info ][safepoint      ] Safepoint "Cleanup", Time since last: 2000219361 ns, Reaching safepoint: 8400 ns, Cleanup: 11900 ns, At safepoint: 2300 ns, Total: 22600 ns
[67.134s][info ][safepoint      ] Safepoint "Cleanup", Time since last: 3000297440 ns, Reaching safepoint: 7300 ns, Cleanup: 8900 ns, At safepoint: 1800 ns, Total: 18000 ns
[73.134s][info ][safepoint      ] Safepoint "Cleanup", Time since last: 6000506544 ns, Reaching safepoint: 7500 ns, Cleanup: 8900 ns, At safepoint: 2200 ns, Total: 18600 ns
[79.135s][info ][safepoint      ] Safepoint "Cleanup", Time since last: 6000484097 ns, Reaching safepoint: 7900 ns, Cleanup: 9200 ns, At safepoint: 2300 ns, Total: 19400 ns
[80.135s][info ][safepoint      ] Safepoint "Cleanup", Time since last: 1000136663 ns, Reaching safepoint: 8400 ns, Cleanup: 22201 ns, At safepoint: 2400 ns, Total: 33001 ns
[84.135s][info ][safepoint      ] Safepoint "Cleanup", Time since last: 4000365723 ns, Reaching safepoint: 7300 ns, Cleanup: 9400 ns, At safepoint: 1800 ns, Total: 18500 ns
[89.136s][info ][safepoint      ] Safepoint "Cleanup", Time since last: 5000459602 ns, Reaching safepoint: 7900 ns, Cleanup: 11300 ns, At safepoint: 2600 ns, Total: 21800 ns
[90.136s][info ][safepoint      ] Safepoint "Cleanup", Time since last: 1000142138 ns, Reaching safepoint: 6900 ns, Cleanup: 8200 ns, At safepoint: 1800 ns, Total: 16900 ns
[91.136s][info ][safepoint      ] Safepoint "Cleanup", Time since last: 1000107038 ns, Reaching safepoint: 6400 ns, Cleanup: 32101 ns, At safepoint: 2000 ns, Total: 40501 ns
[92.136s][info ][safepoint      ] Safepoint "Cleanup", Time since last: 1000139960 ns, Reaching safepoint: 9000 ns, Cleanup: 12200 ns, At safepoint: 2900 ns, Total: 24100 ns
[108.018s][info ][safepoint      ] Safepoint "Cleanup", Time since last: 15882055787 ns, Reaching safepoint: 3200 ns, Cleanup: 43501 ns, At safepoint: 9800 ns, Total: 56501 ns
[109.019s][info ][safepoint      ] Safepoint "Cleanup", Time since last: 1000107095 ns, Reaching safepoint: 7200 ns, Cleanup: 26400 ns, At safepoint: 2500 ns, Total: 36100 ns
[110.019s][info ][safepoint      ] Safepoint "Cleanup", Time since last: 1000121395 ns, Reaching safepoint: 7400 ns, Cleanup: 11100 ns, At safepoint: 2200 ns, Total: 20700 ns
[115.019s][info ][safepoint      ] Safepoint "Cleanup", Time since last: 5000445975 ns, Reaching safepoint: 6900 ns, Cleanup: 8900 ns, At safepoint: 2100 ns, Total: 17900 ns
[119.020s][info ][safepoint      ] Safepoint "Cleanup", Time since last: 4000336365 ns, Reaching safepoint: 6601 ns, Cleanup: 10500 ns, At safepoint: 2300 ns, Total: 19401 ns
[131.021s][info ][safepoint      ] Safepoint "Cleanup", Time since last: 12001022881 ns, Reaching safepoint: 7100 ns, Cleanup: 8600 ns, At safepoint: 2100 ns, Total: 17800 ns
[168.128s][info ][safepoint      ] Safepoint "Cleanup", Time since last: 37107779015 ns, Reaching safepoint: 2700 ns, Cleanup: 35500 ns, At safepoint: 3400 ns, Total: 41600 ns
[168.153s][info ][safepoint      ] Safepoint "JFRCheckpoint", Time since last: 24606521 ns, Reaching safepoint: 152002 ns, Cleanup: 39600 ns, At safepoint: 22600 ns, Total: 214202 ns
[168.156s][info ][gc,heap,exit   ] Heap
[168.156s][info ][gc,heap,exit   ]  PSYoungGen      total 1572864K, used 1148251K [0x0000000780000000, 0x0000000800000000, 0x0000000800000000)
[168.156s][info ][gc,heap,exit   ]   eden space 1048576K, 95% used [0x0000000780000000,0x00000007bd5f4700,0x00000007c0000000)
[168.156s][info ][gc,heap,exit   ]   from space 524288K, 27% used [0x00000007c0000000,0x00000007c8b62640,0x00000007e0000000)
[168.156s][info ][gc,heap,exit   ]   to   space 180224K, 0% used [0x00000007f5000000,0x00000007f5000000,0x0000000800000000)
[168.156s][info ][gc,heap,exit   ]  ParOldGen       total 6656K, used 6370K [0x00000006c0000000, 0x00000006c0680000, 0x0000000780000000)
[168.156s][info ][gc,heap,exit   ]   object space 6656K, 95% used [0x00000006c0000000,0x00000006c06389f8,0x00000006c0680000)
[168.156s][info ][gc,heap,exit   ]  Metaspace       used 101451K, committed 102592K, reserved 1179648K
[168.156s][info ][gc,heap,exit   ]   class space    used 15650K, committed 16128K, reserved 1048576K
