[0.004s][info][gc,init] CardTable entry size: 512
[0.004s][info][gc     ] Using Parallel
[0.006s][info][gc,init] Version: 21.0.6+7-LTS (release)
[0.006s][info][gc,init] CPUs: 4 total, 4 available
[0.006s][info][gc,init] Memory: 15991M
[0.006s][info][gc,init] Large Page Support: Disabled
[0.006s][info][gc,init] NUMA Support: Disabled
[0.006s][info][gc,init] Compressed Oops: Enabled (Zero based)
[0.006s][info][gc,init] Alignments: Space 512K, Generation 512K, Heap 2M
[0.006s][info][gc,init] Heap Min Capacity: 2054M
[0.006s][info][gc,init] Heap Initial Capacity: 2054M
[0.006s][info][gc,init] Heap Max Capacity: 5G
[0.006s][info][gc,init] Pre-touch: Disabled
[0.006s][info][gc,init] Parallel Workers: 4
[0.021s][info][gc,metaspace] CDS archive(s) mapped at: [0x00007fd771000000-0x00007fd771c97000-0x00007fd771c97000), size 13201408, SharedBaseAddress: 0x00007fd771000000, ArchiveRelocationMode: 1.
[0.021s][info][gc,metaspace] Compressed class space mapped at: 0x00007fd772000000-0x00007fd7b2000000, reserved size: 1073741824
[0.021s][info][gc,metaspace] Narrow klass base: 0x00007fd771000000, Narrow klass shift: 0, Narrow klass range: 0x100000000
[0.272s][info][safepoint   ] Safepoint "ICBufferFull", Time since last: 244156949 ns, Reaching safepoint: 3500 ns, Cleanup: 91106 ns, At safepoint: 12601 ns, Total: 107207 ns
[0.442s][info][safepoint   ] Safepoint "RedefineClasses", Time since last: 162127856 ns, Reaching safepoint: 83905 ns, Cleanup: 135610 ns, At safepoint: 8173657 ns, Total: 8393172 ns
[0.578s][info][safepoint   ] Safepoint "JFRCheckpoint", Time since last: 136096880 ns, Reaching safepoint: 84706 ns, Cleanup: 52404 ns, At safepoint: 8000 ns, Total: 145110 ns
[1.253s][info][safepoint   ] Safepoint "ICBufferFull", Time since last: 674336583 ns, Reaching safepoint: 3501 ns, Cleanup: 116907 ns, At safepoint: 7501 ns, Total: 127909 ns
[1.526s][info][safepoint   ] Safepoint "ICBufferFull", Time since last: 273226131 ns, Reaching safepoint: 3701 ns, Cleanup: 107607 ns, At safepoint: 1600 ns, Total: 112908 ns
[1.927s][info][gc,start    ] GC(0) Pause Young (Metadata GC Threshold)
[1.945s][debug][gc,phases   ] GC(0) Scavenge 17.682ms
[1.945s][debug][gc,ref      ] GC(0) ReferenceProcessor::execute queues: 2, RefProcThreadModel::Multi, marks_oops_alive: false
[1.945s][debug][gc,ref      ] GC(0) ReferenceProcessor::execute queues: 4, RefProcThreadModel::Multi, marks_oops_alive: true
[1.945s][debug][gc,ref      ] GC(0) ReferenceProcessor::execute queues: 1, RefProcThreadModel::Single, marks_oops_alive: false
[1.945s][debug][gc,phases   ] GC(0) Reference Processing 0.371ms
[1.945s][debug][gc,phases   ] GC(0)   VM Weak                        Min:  0.0, Avg:  0.0, Max:  0.0, Diff:  0.0, Sum:  0.0, Workers: 4
[1.945s][debug][gc,phases   ] GC(0)     Dead                           Min: 0, Avg:  0.0, Max: 0, Diff: 0, Sum: 0, Workers: 4
[1.945s][debug][gc,phases   ] GC(0)     Total                          Min: 0, Avg: 59.8, Max: 128, Diff: 128, Sum: 239, Workers: 4
[1.945s][debug][gc,phases   ] GC(0)   ObjectSynchronizer Weak        Min:  0.0, Avg:  0.0, Max:  0.0, Diff:  0.0, Sum:  0.0, Workers: 4
[1.945s][debug][gc,phases   ] GC(0)     Dead                           Min: 0, Avg:  0.0, Max: 0, Diff: 0, Sum: 0, Workers: 4
[1.945s][debug][gc,phases   ] GC(0)     Total                          Min: 0, Avg:  1.8, Max: 7, Diff: 7, Sum: 7, Workers: 4
[1.945s][debug][gc,phases   ] GC(0)   JVMTI Tag Weak OopStorage      Min:  0.0, Avg:  0.0, Max:  0.0, Diff:  0.0, Sum:  0.0, Workers: 4
[1.945s][debug][gc,phases   ] GC(0)     Dead                           Min: 0, Avg:  0.0, Max: 0, Diff: 0, Sum: 0, Workers: 4
[1.945s][debug][gc,phases   ] GC(0)     Total                          Min: 0, Avg:  0.0, Max: 0, Diff: 0, Sum: 0, Workers: 4
[1.945s][debug][gc,phases   ] GC(0)   StringTable Weak               Min:  0.0, Avg:  0.1, Max:  0.1, Diff:  0.1, Sum:  0.3, Workers: 4
[1.945s][debug][gc,phases   ] GC(0)     Dead                           Min: 0, Avg:  7.8, Max: 18, Diff: 18, Sum: 31, Workers: 4
[1.945s][debug][gc,phases   ] GC(0)     Total                          Min: 0, Avg: 1976.8, Max: 2880, Diff: 2880, Sum: 7907, Workers: 4
[1.945s][debug][gc,phases   ] GC(0)   ResolvedMethodTable Weak       Min:  0.0, Avg:  0.0, Max:  0.0, Diff:  0.0, Sum:  0.1, Workers: 4
[1.945s][debug][gc,phases   ] GC(0)     Dead                           Min: 0, Avg: 89.0, Max: 140, Diff: 140, Sum: 356, Workers: 4
[1.945s][debug][gc,phases   ] GC(0)     Total                          Min: 0, Avg: 453.5, Max: 832, Diff: 832, Sum: 1814, Workers: 4
[1.945s][debug][gc,phases   ] GC(0)   JNI Weak                       Min:  0.0, Avg:  0.0, Max:  0.0, Diff:  0.0, Sum:  0.0, Workers: 4
[1.945s][debug][gc,phases   ] GC(0)     Dead                           Min: 0, Avg:  0.0, Max: 0, Diff: 0, Sum: 0, Workers: 4
[1.945s][debug][gc,phases   ] GC(0)     Total                          Min: 0, Avg: 12.0, Max: 48, Diff: 48, Sum: 48, Workers: 4
[1.945s][debug][gc,phases   ] GC(0)   StringDedup Table Weak         Min:  0.0, Avg:  0.0, Max:  0.0, Diff:  0.0, Sum:  0.0, Workers: 4
[1.945s][debug][gc,phases   ] GC(0)     Dead                           Min: 0, Avg:  0.0, Max: 0, Diff: 0, Sum: 0, Workers: 4
[1.945s][debug][gc,phases   ] GC(0)     Total                          Min: 0, Avg:  0.0, Max: 0, Diff: 0, Sum: 0, Workers: 4
[1.945s][debug][gc,phases   ] GC(0)   StringDedup Requests0 Weak     Min:  0.0, Avg:  0.0, Max:  0.0, Diff:  0.0, Sum:  0.0, Workers: 4
[1.945s][debug][gc,phases   ] GC(0)     Dead                           Min: 0, Avg:  0.0, Max: 0, Diff: 0, Sum: 0, Workers: 4
[1.945s][debug][gc,phases   ] GC(0)     Total                          Min: 0, Avg:  0.0, Max: 0, Diff: 0, Sum: 0, Workers: 4
[1.945s][debug][gc,phases   ] GC(0)   StringDedup Requests1 Weak     Min:  0.0, Avg:  0.0, Max:  0.0, Diff:  0.0, Sum:  0.0, Workers: 4
[1.945s][debug][gc,phases   ] GC(0)     Dead                           Min: 0, Avg:  0.0, Max: 0, Diff: 0, Sum: 0, Workers: 4
[1.945s][debug][gc,phases   ] GC(0)     Total                          Min: 0, Avg:  0.0, Max: 0, Diff: 0, Sum: 0, Workers: 4
[1.945s][debug][gc,phases   ] GC(0)   Weak JFR Old Object Samples    Min:  0.0, Avg:  0.0, Max:  0.0, Diff:  0.0, Sum:  0.0, Workers: 4
[1.945s][debug][gc,phases   ] GC(0)     Dead                           Min: 0, Avg:  0.0, Max: 0, Diff: 0, Sum: 0, Workers: 4
[1.945s][debug][gc,phases   ] GC(0)     Total                          Min: 0, Avg:  0.0, Max: 0, Diff: 0, Sum: 0, Workers: 4
[1.945s][debug][gc,phases   ] GC(0) Weak Processing 0.366ms
[1.945s][debug][gc,age      ] GC(0) Desired survivor size 536870912 bytes, new threshold 7 (max threshold 15)
[1.945s][info ][gc,heap     ] GC(0) PSYoungGen: 391206K(1572864K)->37367K(1572864K) Eden: 391206K(1048576K)->0K(1048576K) From: 0K(524288K)->37367K(524288K)
[1.945s][info ][gc,heap     ] GC(0) ParOldGen: 1073K(6144K)->1145K(6144K)
[1.945s][info ][gc,metaspace] GC(0) Metaspace: 21143K(21504K)->21143K(21504K) NonClass: 18853K(19072K)->18853K(19072K) Class: 2289K(2432K)->2289K(2432K)
[1.945s][info ][gc          ] GC(0) Pause Young (Metadata GC Threshold) 383M->37M(1542M) 18.876ms
[1.945s][info ][gc,cpu      ] GC(0) User=0.06s Sys=0.00s Real=0.02s
[1.945s][debug][gc,phases   ] GC(1) Pre Compact 0.009ms
[1.945s][info ][gc,start    ] GC(1) Pause Full (Metadata GC Threshold)
[1.945s][info ][gc,phases,start] GC(1) Marking Phase
[1.955s][debug][gc,phases      ] GC(1) Par Mark 10.048ms
[1.956s][debug][gc,ref         ] GC(1) ReferenceProcessor::execute queues: 2, RefProcThreadModel::Multi, marks_oops_alive: false
[1.956s][debug][gc,ref         ] GC(1) ReferenceProcessor::execute queues: 4, RefProcThreadModel::Multi, marks_oops_alive: true
[1.956s][debug][gc,ref         ] GC(1) ReferenceProcessor::execute queues: 1, RefProcThreadModel::Single, marks_oops_alive: false
[1.956s][debug][gc,phases      ] GC(1) Reference Processing 0.498ms
[1.956s][debug][gc,phases      ] GC(1)   VM Weak                        Min:  0.0, Avg:  0.0, Max:  0.0, Diff:  0.0, Sum:  0.0, Workers: 4
[1.956s][debug][gc,phases      ] GC(1)     Dead                           Min: 0, Avg:  0.0, Max: 0, Diff: 0, Sum: 0, Workers: 4
[1.956s][debug][gc,phases      ] GC(1)     Total                          Min: 0, Avg: 59.8, Max: 128, Diff: 128, Sum: 239, Workers: 4
[1.956s][debug][gc,phases      ] GC(1)   ObjectSynchronizer Weak        Min:  0.0, Avg:  0.0, Max:  0.0, Diff:  0.0, Sum:  0.0, Workers: 4
[1.956s][debug][gc,phases      ] GC(1)     Dead                           Min: 0, Avg:  0.0, Max: 0, Diff: 0, Sum: 0, Workers: 4
[1.956s][debug][gc,phases      ] GC(1)     Total                          Min: 0, Avg:  1.8, Max: 7, Diff: 7, Sum: 7, Workers: 4
[1.956s][debug][gc,phases      ] GC(1)   JVMTI Tag Weak OopStorage      Min:  0.0, Avg:  0.0, Max:  0.0, Diff:  0.0, Sum:  0.0, Workers: 4
[1.956s][debug][gc,phases      ] GC(1)     Dead                           Min: 0, Avg:  0.0, Max: 0, Diff: 0, Sum: 0, Workers: 4
[1.956s][debug][gc,phases      ] GC(1)     Total                          Min: 0, Avg:  0.0, Max: 0, Diff: 0, Sum: 0, Workers: 4
[1.956s][debug][gc,phases      ] GC(1)   StringTable Weak               Min:  0.0, Avg:  0.0, Max:  0.0, Diff:  0.0, Sum:  0.1, Workers: 4
[1.956s][debug][gc,phases      ] GC(1)     Dead                           Min: 0, Avg:  0.0, Max: 0, Diff: 0, Sum: 0, Workers: 4
[1.956s][debug][gc,phases      ] GC(1)     Total                          Min: 0, Avg: 1976.8, Max: 2880, Diff: 2880, Sum: 7907, Workers: 4
[1.956s][debug][gc,phases      ] GC(1)   ResolvedMethodTable Weak       Min:  0.0, Avg:  0.0, Max:  0.0, Diff:  0.0, Sum:  0.0, Workers: 4
[1.956s][debug][gc,phases      ] GC(1)     Dead                           Min: 0, Avg:  0.0, Max: 0, Diff: 0, Sum: 0, Workers: 4
[1.956s][debug][gc,phases      ] GC(1)     Total                          Min: 0, Avg: 453.5, Max: 662, Diff: 662, Sum: 1814, Workers: 4
[1.956s][debug][gc,phases      ] GC(1)   JNI Weak                       Min:  0.0, Avg:  0.0, Max:  0.0, Diff:  0.0, Sum:  0.0, Workers: 4
[1.956s][debug][gc,phases      ] GC(1)     Dead                           Min: 0, Avg:  0.0, Max: 0, Diff: 0, Sum: 0, Workers: 4
[1.956s][debug][gc,phases      ] GC(1)     Total                          Min: 0, Avg: 12.0, Max: 48, Diff: 48, Sum: 48, Workers: 4
[1.956s][debug][gc,phases      ] GC(1)   StringDedup Table Weak         Min:  0.0, Avg:  0.0, Max:  0.0, Diff:  0.0, Sum:  0.0, Workers: 4
[1.956s][debug][gc,phases      ] GC(1)     Dead                           Min: 0, Avg:  0.0, Max: 0, Diff: 0, Sum: 0, Workers: 4
[1.956s][debug][gc,phases      ] GC(1)     Total                          Min: 0, Avg:  0.0, Max: 0, Diff: 0, Sum: 0, Workers: 4
[1.956s][debug][gc,phases      ] GC(1)   StringDedup Requests0 Weak     Min:  0.0, Avg:  0.0, Max:  0.0, Diff:  0.0, Sum:  0.0, Workers: 4
[1.956s][debug][gc,phases      ] GC(1)     Dead                           Min: 0, Avg:  0.0, Max: 0, Diff: 0, Sum: 0, Workers: 4
[1.956s][debug][gc,phases      ] GC(1)     Total                          Min: 0, Avg:  0.0, Max: 0, Diff: 0, Sum: 0, Workers: 4
[1.956s][debug][gc,phases      ] GC(1)   StringDedup Requests1 Weak     Min:  0.0, Avg:  0.0, Max:  0.0, Diff:  0.0, Sum:  0.0, Workers: 4
[1.956s][debug][gc,phases      ] GC(1)     Dead                           Min: 0, Avg:  0.0, Max: 0, Diff: 0, Sum: 0, Workers: 4
[1.956s][debug][gc,phases      ] GC(1)     Total                          Min: 0, Avg:  0.0, Max: 0, Diff: 0, Sum: 0, Workers: 4
[1.956s][debug][gc,phases      ] GC(1)   Weak JFR Old Object Samples    Min:  0.0, Avg:  0.0, Max:  0.0, Diff:  0.0, Sum:  0.0, Workers: 4
[1.956s][debug][gc,phases      ] GC(1)     Dead                           Min: 0, Avg:  0.0, Max: 0, Diff: 0, Sum: 0, Workers: 4
[1.956s][debug][gc,phases      ] GC(1)     Total                          Min: 0, Avg:  0.0, Max: 0, Diff: 0, Sum: 0, Workers: 4
[1.956s][debug][gc,phases      ] GC(1) Weak Processing 0.272ms
[1.956s][debug][gc,phases      ] GC(1) ClassLoaderData 0.031ms
[1.956s][debug][gc,phases      ] GC(1) Trigger cleanups 0.000ms
[1.962s][debug][gc,phases      ] GC(1) Purge Unlinked NMethods 0.001ms
[1.962s][debug][gc,phases      ] GC(1) Unregister NMethods 0.015ms
[1.962s][debug][gc,phases      ] GC(1) Free Code Blobs 0.003ms
[1.962s][debug][gc,phases      ] GC(1) Class Unloading 6.011ms
[1.962s][debug][gc,phases      ] GC(1) Report Object Count 0.000ms
[1.962s][info ][gc,phases      ] GC(1) Marking Phase 16.898ms
[1.962s][info ][gc,phases,start] GC(1) Summary Phase
[1.962s][info ][gc,phases      ] GC(1) Summary Phase 0.007ms
[1.962s][info ][gc,phases,start] GC(1) Adjust Roots
[1.969s][info ][gc,phases      ] GC(1) Adjust Roots 6.151ms
[1.969s][info ][gc,phases,start] GC(1) Compaction Phase
[1.989s][info ][gc,phases      ] GC(1) Compaction Phase 20.196ms
[1.989s][info ][gc,phases,start] GC(1) Post Compact
[1.990s][debug][gc,phases      ] GC(1) Purge Class Loader Data 0.959ms
[1.991s][info ][gc,phases      ] GC(1) Post Compact 1.917ms
[1.991s][info ][gc,heap        ] GC(1) PSYoungGen: 37367K(1572864K)->32088K(1572864K) Eden: 0K(1048576K)->0K(1048576K) From: 37367K(524288K)->32088K(524288K)
[1.991s][info ][gc,heap        ] GC(1) ParOldGen: 1145K(6144K)->6097K(6144K)
[1.991s][info ][gc,metaspace   ] GC(1) Metaspace: 21143K(21504K)->21143K(21504K) NonClass: 18853K(19072K)->18853K(19072K) Class: 2289K(2432K)->2289K(2432K)
[1.991s][info ][gc             ] GC(1) Pause Full (Metadata GC Threshold) 37M->37M(1542M) 45.313ms
[1.991s][info ][gc,cpu         ] GC(1) User=0.13s Sys=0.01s Real=0.04s
[1.991s][info ][safepoint      ] Safepoint "CollectForMetadataAllocation", Time since last: 400272094 ns, Reaching safepoint: 3501 ns, Cleanup: 90306 ns, At safepoint: 64309385 ns, Total: 64403192 ns
[2.361s][info ][safepoint      ] Safepoint "ICBufferFull", Time since last: 369973129 ns, Reaching safepoint: 4400 ns, Cleanup: 107407 ns, At safepoint: 10201 ns, Total: 122008 ns
[2.569s][info ][safepoint      ] Safepoint "ICBufferFull", Time since last: 208304404 ns, Reaching safepoint: 83106 ns, Cleanup: 161311 ns, At safepoint: 6600 ns, Total: 251017 ns
[2.656s][info ][safepoint      ] Safepoint "ICBufferFull", Time since last: 86566403 ns, Reaching safepoint: 79406 ns, Cleanup: 96306 ns, At safepoint: 9701 ns, Total: 185413 ns
[3.085s][info ][safepoint      ] Safepoint "ICBufferFull", Time since last: 429019455 ns, Reaching safepoint: 4600 ns, Cleanup: 147910 ns, At safepoint: 2500 ns, Total: 155010 ns
[3.265s][info ][gc,start       ] GC(2) Pause Young (Metadata GC Threshold)
[3.302s][debug][gc,phases      ] GC(2) Scavenge 36.347ms
[3.302s][debug][gc,ref         ] GC(2) ReferenceProcessor::execute queues: 4, RefProcThreadModel::Multi, marks_oops_alive: false
[3.302s][debug][gc,ref         ] GC(2) Skipped KeepAliveFinalRefsPhase of Reference Processing: no references
[3.302s][debug][gc,ref         ] GC(2) ReferenceProcessor::execute queues: 2, RefProcThreadModel::Multi, marks_oops_alive: false
[3.302s][debug][gc,phases      ] GC(2) Reference Processing 0.638ms
[3.303s][debug][gc,phases      ] GC(2)   VM Weak                        Min:  0.0, Avg:  0.0, Max:  0.0, Diff:  0.0, Sum:  0.0, Workers: 4
[3.303s][debug][gc,phases      ] GC(2)     Dead                           Min: 0, Avg:  0.0, Max: 0, Diff: 0, Sum: 0, Workers: 4
[3.303s][debug][gc,phases      ] GC(2)     Total                          Min: 0, Avg: 72.5, Max: 256, Diff: 256, Sum: 290, Workers: 4
[3.303s][debug][gc,phases      ] GC(2)   ObjectSynchronizer Weak        Min:  0.0, Avg:  0.0, Max:  0.0, Diff:  0.0, Sum:  0.0, Workers: 4
[3.303s][debug][gc,phases      ] GC(2)     Dead                           Min: 0, Avg:  0.0, Max: 0, Diff: 0, Sum: 0, Workers: 4
[3.303s][debug][gc,phases      ] GC(2)     Total                          Min: 0, Avg:  1.8, Max: 7, Diff: 7, Sum: 7, Workers: 4
[3.303s][debug][gc,phases      ] GC(2)   JVMTI Tag Weak OopStorage      Min:  0.0, Avg:  0.0, Max:  0.0, Diff:  0.0, Sum:  0.0, Workers: 4
[3.303s][debug][gc,phases      ] GC(2)     Dead                           Min: 0, Avg:  0.0, Max: 0, Diff: 0, Sum: 0, Workers: 4
[3.303s][debug][gc,phases      ] GC(2)     Total                          Min: 0, Avg:  0.0, Max: 0, Diff: 0, Sum: 0, Workers: 4
[3.303s][debug][gc,phases      ] GC(2)   StringTable Weak               Min:  0.0, Avg:  0.1, Max:  0.2, Diff:  0.2, Sum:  0.5, Workers: 4
[3.303s][debug][gc,phases      ] GC(2)     Dead                           Min: 0, Avg:  2.8, Max: 7, Diff: 7, Sum: 11, Workers: 4
[3.303s][debug][gc,phases      ] GC(2)     Total                          Min: 0, Avg: 3656.2, Max: 6272, Diff: 6272, Sum: 14625, Workers: 4
[3.303s][debug][gc,phases      ] GC(2)   ResolvedMethodTable Weak       Min:  0.0, Avg:  0.0, Max:  0.1, Diff:  0.1, Sum:  0.2, Workers: 4
[3.303s][debug][gc,phases      ] GC(2)     Dead                           Min: 0, Avg: 433.5, Max: 753, Diff: 753, Sum: 1734, Workers: 4
[3.303s][debug][gc,phases      ] GC(2)     Total                          Min: 0, Avg: 1175.2, Max: 1950, Diff: 1950, Sum: 4701, Workers: 4
[3.303s][debug][gc,phases      ] GC(2)   JNI Weak                       Min:  0.0, Avg:  0.0, Max:  0.0, Diff:  0.0, Sum:  0.0, Workers: 4
[3.303s][debug][gc,phases      ] GC(2)     Dead                           Min: 0, Avg:  0.0, Max: 0, Diff: 0, Sum: 0, Workers: 4
[3.303s][debug][gc,phases      ] GC(2)     Total                          Min: 0, Avg: 12.0, Max: 48, Diff: 48, Sum: 48, Workers: 4
[3.303s][debug][gc,phases      ] GC(2)   StringDedup Table Weak         Min:  0.0, Avg:  0.0, Max:  0.0, Diff:  0.0, Sum:  0.0, Workers: 4
[3.303s][debug][gc,phases      ] GC(2)     Dead                           Min: 0, Avg:  0.0, Max: 0, Diff: 0, Sum: 0, Workers: 4
[3.303s][debug][gc,phases      ] GC(2)     Total                          Min: 0, Avg:  0.0, Max: 0, Diff: 0, Sum: 0, Workers: 4
[3.303s][debug][gc,phases      ] GC(2)   StringDedup Requests0 Weak     Min:  0.0, Avg:  0.0, Max:  0.0, Diff:  0.0, Sum:  0.0, Workers: 4
[3.303s][debug][gc,phases      ] GC(2)     Dead                           Min: 0, Avg:  0.0, Max: 0, Diff: 0, Sum: 0, Workers: 4
[3.303s][debug][gc,phases      ] GC(2)     Total                          Min: 0, Avg:  0.0, Max: 0, Diff: 0, Sum: 0, Workers: 4
[3.303s][debug][gc,phases      ] GC(2)   StringDedup Requests1 Weak     Min:  0.0, Avg:  0.0, Max:  0.0, Diff:  0.0, Sum:  0.0, Workers: 4
[3.303s][debug][gc,phases      ] GC(2)     Dead                           Min: 0, Avg:  0.0, Max: 0, Diff: 0, Sum: 0, Workers: 4
[3.303s][debug][gc,phases      ] GC(2)     Total                          Min: 0, Avg:  0.0, Max: 0, Diff: 0, Sum: 0, Workers: 4
[3.303s][debug][gc,phases      ] GC(2)   Weak JFR Old Object Samples    Min:  0.0, Avg:  0.0, Max:  0.0, Diff:  0.0, Sum:  0.0, Workers: 4
[3.303s][debug][gc,phases      ] GC(2)     Dead                           Min: 0, Avg:  0.0, Max: 0, Diff: 0, Sum: 0, Workers: 4
[3.303s][debug][gc,phases      ] GC(2)     Total                          Min: 0, Avg:  0.0, Max: 0, Diff: 0, Sum: 0, Workers: 4
[3.303s][debug][gc,phases      ] GC(2) Weak Processing 0.477ms
[3.303s][debug][gc,age         ] GC(2) Desired survivor size 536870912 bytes, new threshold 7 (max threshold 15)
[3.303s][info ][gc,heap        ] GC(2) PSYoungGen: 514452K(1572864K)->55491K(1572864K) Eden: 482363K(1048576K)->0K(1048576K) From: 32088K(524288K)->55491K(524288K)
[3.303s][info ][gc,heap        ] GC(2) ParOldGen: 6097K(6144K)->6105K(6144K)
[3.303s][info ][gc,metaspace   ] GC(2) Metaspace: 35356K(35840K)->35356K(35840K) NonClass: 30852K(31104K)->30852K(31104K) Class: 4504K(4736K)->4504K(4736K)
[3.303s][info ][gc             ] GC(2) Pause Young (Metadata GC Threshold) 508M->60M(1542M) 37.617ms
[3.303s][info ][gc,cpu         ] GC(2) User=0.13s Sys=0.02s Real=0.04s
[3.303s][debug][gc,phases      ] GC(3) Pre Compact 0.009ms
[3.303s][info ][gc,start       ] GC(3) Pause Full (Metadata GC Threshold)
[3.303s][info ][gc,phases,start] GC(3) Marking Phase
[3.326s][debug][gc,phases      ] GC(3) Par Mark 22.608ms
[3.326s][debug][gc,ref         ] GC(3) ReferenceProcessor::execute queues: 4, RefProcThreadModel::Multi, marks_oops_alive: false
[3.326s][debug][gc,ref         ] GC(3) ReferenceProcessor::execute queues: 4, RefProcThreadModel::Multi, marks_oops_alive: true
[3.326s][debug][gc,ref         ] GC(3) ReferenceProcessor::execute queues: 1, RefProcThreadModel::Single, marks_oops_alive: false
[3.326s][debug][gc,phases      ] GC(3) Reference Processing 0.627ms
[3.326s][debug][gc,phases      ] GC(3)   VM Weak                        Min:  0.0, Avg:  0.0, Max:  0.0, Diff:  0.0, Sum:  0.0, Workers: 4
[3.326s][debug][gc,phases      ] GC(3)     Dead                           Min: 0, Avg:  0.0, Max: 0, Diff: 0, Sum: 0, Workers: 4
[3.326s][debug][gc,phases      ] GC(3)     Total                          Min: 0, Avg: 72.5, Max: 256, Diff: 256, Sum: 290, Workers: 4
[3.326s][debug][gc,phases      ] GC(3)   ObjectSynchronizer Weak        Min:  0.0, Avg:  0.0, Max:  0.0, Diff:  0.0, Sum:  0.0, Workers: 4
[3.326s][debug][gc,phases      ] GC(3)     Dead                           Min: 0, Avg:  0.0, Max: 0, Diff: 0, Sum: 0, Workers: 4
[3.326s][debug][gc,phases      ] GC(3)     Total                          Min: 0, Avg:  1.8, Max: 7, Diff: 7, Sum: 7, Workers: 4
[3.326s][debug][gc,phases      ] GC(3)   JVMTI Tag Weak OopStorage      Min:  0.0, Avg:  0.0, Max:  0.0, Diff:  0.0, Sum:  0.0, Workers: 4
[3.326s][debug][gc,phases      ] GC(3)     Dead                           Min: 0, Avg:  0.0, Max: 0, Diff: 0, Sum: 0, Workers: 4
[3.326s][debug][gc,phases      ] GC(3)     Total                          Min: 0, Avg:  0.0, Max: 0, Diff: 0, Sum: 0, Workers: 4
[3.326s][debug][gc,phases      ] GC(3)   StringTable Weak               Min:  0.0, Avg:  0.1, Max:  0.1, Diff:  0.0, Sum:  0.2, Workers: 4
[3.326s][debug][gc,phases      ] GC(3)     Dead                           Min: 0, Avg:  0.0, Max: 0, Diff: 0, Sum: 0, Workers: 4
[3.326s][debug][gc,phases      ] GC(3)     Total                          Min: 3553, Avg: 3656.2, Max: 3712, Diff: 159, Sum: 14625, Workers: 4
[3.326s][debug][gc,phases      ] GC(3)   ResolvedMethodTable Weak       Min:  0.0, Avg:  0.0, Max:  0.0, Diff:  0.0, Sum:  0.1, Workers: 4
[3.326s][debug][gc,phases      ] GC(3)     Dead                           Min: 0, Avg:  0.0, Max: 0, Diff: 0, Sum: 0, Workers: 4
[3.326s][debug][gc,phases      ] GC(3)     Total                          Min: 1117, Avg: 1175.2, Max: 1216, Diff: 99, Sum: 4701, Workers: 4
[3.326s][debug][gc,phases      ] GC(3)   JNI Weak                       Min:  0.0, Avg:  0.0, Max:  0.0, Diff:  0.0, Sum:  0.0, Workers: 4
[3.326s][debug][gc,phases      ] GC(3)     Dead                           Min: 0, Avg:  0.0, Max: 0, Diff: 0, Sum: 0, Workers: 4
[3.326s][debug][gc,phases      ] GC(3)     Total                          Min: 0, Avg: 12.0, Max: 48, Diff: 48, Sum: 48, Workers: 4
[3.326s][debug][gc,phases      ] GC(3)   StringDedup Table Weak         Min:  0.0, Avg:  0.0, Max:  0.0, Diff:  0.0, Sum:  0.0, Workers: 4
[3.326s][debug][gc,phases      ] GC(3)     Dead                           Min: 0, Avg:  0.0, Max: 0, Diff: 0, Sum: 0, Workers: 4
[3.326s][debug][gc,phases      ] GC(3)     Total                          Min: 0, Avg:  0.0, Max: 0, Diff: 0, Sum: 0, Workers: 4
[3.326s][debug][gc,phases      ] GC(3)   StringDedup Requests0 Weak     Min:  0.0, Avg:  0.0, Max:  0.0, Diff:  0.0, Sum:  0.0, Workers: 4
[3.326s][debug][gc,phases      ] GC(3)     Dead                           Min: 0, Avg:  0.0, Max: 0, Diff: 0, Sum: 0, Workers: 4
[3.326s][debug][gc,phases      ] GC(3)     Total                          Min: 0, Avg:  0.0, Max: 0, Diff: 0, Sum: 0, Workers: 4
[3.326s][debug][gc,phases      ] GC(3)   StringDedup Requests1 Weak     Min:  0.0, Avg:  0.0, Max:  0.0, Diff:  0.0, Sum:  0.0, Workers: 4
[3.326s][debug][gc,phases      ] GC(3)     Dead                           Min: 0, Avg:  0.0, Max: 0, Diff: 0, Sum: 0, Workers: 4
[3.326s][debug][gc,phases      ] GC(3)     Total                          Min: 0, Avg:  0.0, Max: 0, Diff: 0, Sum: 0, Workers: 4
[3.326s][debug][gc,phases      ] GC(3)   Weak JFR Old Object Samples    Min:  0.0, Avg:  0.0, Max:  0.0, Diff:  0.0, Sum:  0.0, Workers: 4
[3.326s][debug][gc,phases      ] GC(3)     Dead                           Min: 0, Avg:  0.0, Max: 0, Diff: 0, Sum: 0, Workers: 4
[3.326s][debug][gc,phases      ] GC(3)     Total                          Min: 0, Avg:  0.0, Max: 0, Diff: 0, Sum: 0, Workers: 4
[3.326s][debug][gc,phases      ] GC(3) Weak Processing 0.289ms
[3.327s][debug][gc,phases      ] GC(3) ClassLoaderData 0.039ms
[3.327s][debug][gc,phases      ] GC(3) Trigger cleanups 0.000ms
[3.335s][debug][gc,phases      ] GC(3) Purge Unlinked NMethods 0.525ms
[3.335s][debug][gc,phases      ] GC(3) Unregister NMethods 0.030ms
[3.335s][debug][gc,phases      ] GC(3) Free Code Blobs 0.127ms
[3.335s][debug][gc,phases      ] GC(3) Class Unloading 8.200ms
[3.335s][debug][gc,phases      ] GC(3) Report Object Count 0.001ms
[3.335s][info ][gc,phases      ] GC(3) Marking Phase 31.817ms
[3.335s][info ][gc,phases,start] GC(3) Summary Phase
[3.335s][info ][gc,phases      ] GC(3) Summary Phase 0.007ms
[3.335s][info ][gc,phases,start] GC(3) Adjust Roots
[3.339s][info ][gc,phases      ] GC(3) Adjust Roots 4.085ms
[3.339s][info ][gc,phases,start] GC(3) Compaction Phase
[3.526s][info ][gc,phases      ] GC(3) Compaction Phase 187.206ms
[3.526s][info ][gc,phases,start] GC(3) Post Compact
[3.528s][debug][gc,phases      ] GC(3) Purge Class Loader Data 1.519ms
[3.529s][info ][gc,phases      ] GC(3) Post Compact 2.690ms
[3.529s][info ][gc,heap        ] GC(3) PSYoungGen: 55491K(1572864K)->55268K(1572864K) Eden: 0K(1048576K)->0K(1048576K) From: 55491K(524288K)->55268K(524288K)
[3.529s][info ][gc,heap        ] GC(3) ParOldGen: 6105K(6144K)->6052K(6144K)
[3.529s][info ][gc,metaspace   ] GC(3) Metaspace: 35356K(35840K)->35356K(35840K) NonClass: 30852K(31104K)->30852K(31104K) Class: 4504K(4736K)->4504K(4736K)
[3.529s][info ][gc             ] GC(3) Pause Full (Metadata GC Threshold) 60M->59M(1542M) 225.935ms
[3.529s][info ][gc,cpu         ] GC(3) User=0.48s Sys=0.00s Real=0.22s
[3.529s][info ][safepoint      ] Safepoint "CollectForMetadataAllocation", Time since last: 179750657 ns, Reaching safepoint: 4401 ns, Cleanup: 75305 ns, At safepoint: 263715666 ns, Total: 263795372 ns
[3.672s][info ][safepoint      ] Safepoint "ICBufferFull", Time since last: 142775390 ns, Reaching safepoint: 81505 ns, Cleanup: 134809 ns, At safepoint: 6401 ns, Total: 222715 ns
[3.836s][info ][safepoint      ] Safepoint "ICBufferFull", Time since last: 163912338 ns, Reaching safepoint: 4901 ns, Cleanup: 148210 ns, At safepoint: 6000 ns, Total: 159111 ns
[3.969s][info ][safepoint      ] Safepoint "ICBufferFull", Time since last: 132607292 ns, Reaching safepoint: 5100 ns, Cleanup: 124909 ns, At safepoint: 10601 ns, Total: 140610 ns
[4.303s][info ][safepoint      ] Safepoint "ICBufferFull", Time since last: 334006300 ns, Reaching safepoint: 4401 ns, Cleanup: 131209 ns, At safepoint: 7200 ns, Total: 142810 ns
[4.478s][info ][safepoint      ] Safepoint "ICBufferFull", Time since last: 174592171 ns, Reaching safepoint: 77605 ns, Cleanup: 108107 ns, At safepoint: 5501 ns, Total: 191213 ns
[4.812s][info ][safepoint      ] Safepoint "ICBufferFull", Time since last: 334530636 ns, Reaching safepoint: 79106 ns, Cleanup: 138609 ns, At safepoint: 5000 ns, Total: 222715 ns
[5.236s][info ][safepoint      ] Safepoint "ICBufferFull", Time since last: 423732053 ns, Reaching safepoint: 3100 ns, Cleanup: 123909 ns, At safepoint: 1700 ns, Total: 128709 ns
[5.738s][info ][gc,start       ] GC(4) Pause Young (Metadata GC Threshold)
[5.784s][debug][gc,phases      ] GC(4) Scavenge 46.158ms
[5.785s][debug][gc,ref         ] GC(4) ReferenceProcessor::execute queues: 4, RefProcThreadModel::Multi, marks_oops_alive: false
[5.785s][debug][gc,ref         ] GC(4) Skipped KeepAliveFinalRefsPhase of Reference Processing: no references
[5.785s][debug][gc,ref         ] GC(4) ReferenceProcessor::execute queues: 4, RefProcThreadModel::Multi, marks_oops_alive: false
[5.786s][debug][gc,phases      ] GC(4) Reference Processing 1.378ms
[5.786s][debug][gc,phases      ] GC(4)   VM Weak                        Min:  0.0, Avg:  0.0, Max:  0.0, Diff:  0.0, Sum:  0.0, Workers: 4
[5.786s][debug][gc,phases      ] GC(4)     Dead                           Min: 0, Avg:  0.0, Max: 0, Diff: 0, Sum: 0, Workers: 4
[5.786s][debug][gc,phases      ] GC(4)     Total                          Min: 0, Avg: 118.5, Max: 218, Diff: 218, Sum: 474, Workers: 4
[5.786s][debug][gc,phases      ] GC(4)   ObjectSynchronizer Weak        Min:  0.0, Avg:  0.0, Max:  0.0, Diff:  0.0, Sum:  0.0, Workers: 4
[5.786s][debug][gc,phases      ] GC(4)     Dead                           Min: 0, Avg:  0.0, Max: 0, Diff: 0, Sum: 0, Workers: 4
[5.786s][debug][gc,phases      ] GC(4)     Total                          Min: 0, Avg:  1.8, Max: 7, Diff: 7, Sum: 7, Workers: 4
[5.786s][debug][gc,phases      ] GC(4)   JVMTI Tag Weak OopStorage      Min:  0.0, Avg:  0.0, Max:  0.0, Diff:  0.0, Sum:  0.0, Workers: 4
[5.786s][debug][gc,phases      ] GC(4)     Dead                           Min: 0, Avg:  0.0, Max: 0, Diff: 0, Sum: 0, Workers: 4
[5.786s][debug][gc,phases      ] GC(4)     Total                          Min: 0, Avg:  0.0, Max: 0, Diff: 0, Sum: 0, Workers: 4
[5.786s][debug][gc,phases      ] GC(4)   StringTable Weak               Min:  0.3, Avg:  0.3, Max:  0.3, Diff:  0.0, Sum:  1.2, Workers: 4
[5.786s][debug][gc,phases      ] GC(4)     Dead                           Min: 1, Avg:  3.2, Max: 7, Diff: 6, Sum: 13, Workers: 4
[5.786s][debug][gc,phases      ] GC(4)     Total                          Min: 6718, Avg: 6991.5, Max: 7232, Diff: 514, Sum: 27966, Workers: 4
[5.786s][debug][gc,phases      ] GC(4)   ResolvedMethodTable Weak       Min:  0.1, Avg:  0.1, Max:  0.1, Diff:  0.0, Sum:  0.6, Workers: 4
[5.786s][debug][gc,phases      ] GC(4)     Dead                           Min: 964, Avg: 1031.8, Max: 1089, Diff: 125, Sum: 4127, Workers: 4
[5.786s][debug][gc,phases      ] GC(4)     Total                          Min: 2752, Avg: 2947.0, Max: 3072, Diff: 320, Sum: 11788, Workers: 4
[5.786s][debug][gc,phases      ] GC(4)   JNI Weak                       Min:  0.0, Avg:  0.0, Max:  0.0, Diff:  0.0, Sum:  0.0, Workers: 4
[5.786s][debug][gc,phases      ] GC(4)     Dead                           Min: 0, Avg:  0.0, Max: 0, Diff: 0, Sum: 0, Workers: 4
[5.786s][debug][gc,phases      ] GC(4)     Total                          Min: 0, Avg: 12.8, Max: 51, Diff: 51, Sum: 51, Workers: 4
[5.786s][debug][gc,phases      ] GC(4)   StringDedup Table Weak         Min:  0.0, Avg:  0.0, Max:  0.0, Diff:  0.0, Sum:  0.0, Workers: 4
[5.786s][debug][gc,phases      ] GC(4)     Dead                           Min: 0, Avg:  0.0, Max: 0, Diff: 0, Sum: 0, Workers: 4
[5.786s][debug][gc,phases      ] GC(4)     Total                          Min: 0, Avg:  0.0, Max: 0, Diff: 0, Sum: 0, Workers: 4
[5.786s][debug][gc,phases      ] GC(4)   StringDedup Requests0 Weak     Min:  0.0, Avg:  0.0, Max:  0.0, Diff:  0.0, Sum:  0.0, Workers: 4
[5.786s][debug][gc,phases      ] GC(4)     Dead                           Min: 0, Avg:  0.0, Max: 0, Diff: 0, Sum: 0, Workers: 4
[5.786s][debug][gc,phases      ] GC(4)     Total                          Min: 0, Avg:  0.0, Max: 0, Diff: 0, Sum: 0, Workers: 4
[5.786s][debug][gc,phases      ] GC(4)   StringDedup Requests1 Weak     Min:  0.0, Avg:  0.0, Max:  0.0, Diff:  0.0, Sum:  0.0, Workers: 4
[5.786s][debug][gc,phases      ] GC(4)     Dead                           Min: 0, Avg:  0.0, Max: 0, Diff: 0, Sum: 0, Workers: 4
[5.786s][debug][gc,phases      ] GC(4)     Total                          Min: 0, Avg:  0.0, Max: 0, Diff: 0, Sum: 0, Workers: 4
[5.786s][debug][gc,phases      ] GC(4)   Weak JFR Old Object Samples    Min:  0.0, Avg:  0.0, Max:  0.0, Diff:  0.0, Sum:  0.0, Workers: 4
[5.786s][debug][gc,phases      ] GC(4)     Dead                           Min: 0, Avg:  0.0, Max: 0, Diff: 0, Sum: 0, Workers: 4
[5.786s][debug][gc,phases      ] GC(4)     Total                          Min: 0, Avg:  0.0, Max: 0, Diff: 0, Sum: 0, Workers: 4
[5.786s][debug][gc,phases      ] GC(4) Weak Processing 0.674ms
[5.786s][debug][gc,age         ] GC(4) Desired survivor size 536870912 bytes, new threshold 7 (max threshold 15)
[5.786s][info ][gc,heap        ] GC(4) PSYoungGen: 495693K(1572864K)->77928K(1572864K) Eden: 440424K(1048576K)->0K(1048576K) From: 55268K(524288K)->77928K(524288K)
[5.786s][info ][gc,heap        ] GC(4) ParOldGen: 6052K(6144K)->6092K(6144K)
[5.786s][info ][gc,metaspace   ] GC(4) Metaspace: 59108K(59776K)->59108K(59776K) NonClass: 49645K(50048K)->49645K(50048K) Class: 9462K(9728K)->9462K(9728K)
[5.786s][info ][gc             ] GC(4) Pause Young (Metadata GC Threshold) 489M->82M(1542M) 48.358ms
[5.786s][info ][gc,cpu         ] GC(4) User=0.18s Sys=0.01s Real=0.05s
[5.786s][debug][gc,phases      ] GC(5) Pre Compact 0.009ms
[5.786s][info ][gc,start       ] GC(5) Pause Full (Metadata GC Threshold)
[5.786s][info ][gc,phases,start] GC(5) Marking Phase
[5.824s][debug][gc,phases      ] GC(5) Par Mark 37.262ms
[5.824s][debug][gc,ref         ] GC(5) ReferenceProcessor::execute queues: 4, RefProcThreadModel::Multi, marks_oops_alive: false
[5.824s][debug][gc,ref         ] GC(5) ReferenceProcessor::execute queues: 4, RefProcThreadModel::Multi, marks_oops_alive: true
[5.824s][debug][gc,ref         ] GC(5) ReferenceProcessor::execute queues: 1, RefProcThreadModel::Single, marks_oops_alive: false
[5.824s][debug][gc,phases      ] GC(5) Reference Processing 0.468ms
[5.824s][debug][gc,phases      ] GC(5)   VM Weak                        Min:  0.0, Avg:  0.0, Max:  0.0, Diff:  0.0, Sum:  0.0, Workers: 4
[5.824s][debug][gc,phases      ] GC(5)     Dead                           Min: 0, Avg:  0.0, Max: 0, Diff: 0, Sum: 0, Workers: 4
[5.824s][debug][gc,phases      ] GC(5)     Total                          Min: 0, Avg: 118.5, Max: 192, Diff: 192, Sum: 474, Workers: 4
[5.824s][debug][gc,phases      ] GC(5)   ObjectSynchronizer Weak        Min:  0.0, Avg:  0.0, Max:  0.0, Diff:  0.0, Sum:  0.0, Workers: 4
[5.824s][debug][gc,phases      ] GC(5)     Dead                           Min: 0, Avg:  0.0, Max: 0, Diff: 0, Sum: 0, Workers: 4
[5.824s][debug][gc,phases      ] GC(5)     Total                          Min: 0, Avg:  1.8, Max: 7, Diff: 7, Sum: 7, Workers: 4
[5.824s][debug][gc,phases      ] GC(5)   JVMTI Tag Weak OopStorage      Min:  0.0, Avg:  0.0, Max:  0.0, Diff:  0.0, Sum:  0.0, Workers: 4
[5.824s][debug][gc,phases      ] GC(5)     Dead                           Min: 0, Avg:  0.0, Max: 0, Diff: 0, Sum: 0, Workers: 4
[5.824s][debug][gc,phases      ] GC(5)     Total                          Min: 0, Avg:  0.0, Max: 0, Diff: 0, Sum: 0, Workers: 4
[5.824s][debug][gc,phases      ] GC(5)   StringTable Weak               Min:  0.1, Avg:  0.1, Max:  0.1, Diff:  0.0, Sum:  0.4, Workers: 4
[5.824s][debug][gc,phases      ] GC(5)     Dead                           Min: 0, Avg:  0.0, Max: 0, Diff: 0, Sum: 0, Workers: 4
[5.824s][debug][gc,phases      ] GC(5)     Total                          Min: 6720, Avg: 6991.5, Max: 7168, Diff: 448, Sum: 27966, Workers: 4
[5.824s][debug][gc,phases      ] GC(5)   ResolvedMethodTable Weak       Min:  0.0, Avg:  0.0, Max:  0.0, Diff:  0.0, Sum:  0.2, Workers: 4
[5.824s][debug][gc,phases      ] GC(5)     Dead                           Min: 0, Avg:  0.0, Max: 0, Diff: 0, Sum: 0, Workers: 4
[5.824s][debug][gc,phases      ] GC(5)     Total                          Min: 2752, Avg: 2947.0, Max: 3020, Diff: 268, Sum: 11788, Workers: 4
[5.824s][debug][gc,phases      ] GC(5)   JNI Weak                       Min:  0.0, Avg:  0.0, Max:  0.0, Diff:  0.0, Sum:  0.0, Workers: 4
[5.825s][debug][gc,phases      ] GC(5)     Dead                           Min: 0, Avg:  0.0, Max: 0, Diff: 0, Sum: 0, Workers: 4
[5.825s][debug][gc,phases      ] GC(5)     Total                          Min: 0, Avg: 12.8, Max: 51, Diff: 51, Sum: 51, Workers: 4
[5.825s][debug][gc,phases      ] GC(5)   StringDedup Table Weak         Min:  0.0, Avg:  0.0, Max:  0.0, Diff:  0.0, Sum:  0.0, Workers: 4
[5.825s][debug][gc,phases      ] GC(5)     Dead                           Min: 0, Avg:  0.0, Max: 0, Diff: 0, Sum: 0, Workers: 4
[5.825s][debug][gc,phases      ] GC(5)     Total                          Min: 0, Avg:  0.0, Max: 0, Diff: 0, Sum: 0, Workers: 4
[5.825s][debug][gc,phases      ] GC(5)   StringDedup Requests0 Weak     Min:  0.0, Avg:  0.0, Max:  0.0, Diff:  0.0, Sum:  0.0, Workers: 4
[5.825s][debug][gc,phases      ] GC(5)     Dead                           Min: 0, Avg:  0.0, Max: 0, Diff: 0, Sum: 0, Workers: 4
[5.825s][debug][gc,phases      ] GC(5)     Total                          Min: 0, Avg:  0.0, Max: 0, Diff: 0, Sum: 0, Workers: 4
[5.825s][debug][gc,phases      ] GC(5)   StringDedup Requests1 Weak     Min:  0.0, Avg:  0.0, Max:  0.0, Diff:  0.0, Sum:  0.0, Workers: 4
[5.825s][debug][gc,phases      ] GC(5)     Dead                           Min: 0, Avg:  0.0, Max: 0, Diff: 0, Sum: 0, Workers: 4
[5.825s][debug][gc,phases      ] GC(5)     Total                          Min: 0, Avg:  0.0, Max: 0, Diff: 0, Sum: 0, Workers: 4
[5.825s][debug][gc,phases      ] GC(5)   Weak JFR Old Object Samples    Min:  0.0, Avg:  0.0, Max:  0.0, Diff:  0.0, Sum:  0.0, Workers: 4
[5.825s][debug][gc,phases      ] GC(5)     Dead                           Min: 0, Avg:  0.0, Max: 0, Diff: 0, Sum: 0, Workers: 4
[5.825s][debug][gc,phases      ] GC(5)     Total                          Min: 0, Avg:  0.0, Max: 0, Diff: 0, Sum: 0, Workers: 4
[5.825s][debug][gc,phases      ] GC(5) Weak Processing 0.382ms
[5.825s][debug][gc,phases      ] GC(5) ClassLoaderData 0.064ms
[5.825s][debug][gc,phases      ] GC(5) Trigger cleanups 0.000ms
[5.833s][debug][gc,phases      ] GC(5) Purge Unlinked NMethods 0.194ms
[5.833s][debug][gc,phases      ] GC(5) Unregister NMethods 0.013ms
[5.833s][debug][gc,phases      ] GC(5) Free Code Blobs 0.080ms
[5.833s][debug][gc,phases      ] GC(5) Class Unloading 8.765ms
[5.833s][debug][gc,phases      ] GC(5) Report Object Count 0.001ms
[5.833s][info ][gc,phases      ] GC(5) Marking Phase 46.949ms
[5.833s][info ][gc,phases,start] GC(5) Summary Phase
[5.833s][info ][gc,phases      ] GC(5) Summary Phase 0.008ms
[5.833s][info ][gc,phases,start] GC(5) Adjust Roots
[5.841s][info ][gc,phases      ] GC(5) Adjust Roots 7.345ms
[5.841s][info ][gc,phases,start] GC(5) Compaction Phase
[6.174s][info ][gc,phases      ] GC(5) Compaction Phase 333.051ms
[6.174s][info ][gc,phases,start] GC(5) Post Compact
[6.174s][debug][gc,phases      ] GC(5) Purge Class Loader Data 0.315ms
[6.175s][info ][gc,phases      ] GC(5) Post Compact 0.915ms
[6.175s][info ][gc,heap        ] GC(5) PSYoungGen: 77928K(1572864K)->77743K(1572864K) Eden: 0K(1048576K)->0K(1048576K) From: 77928K(524288K)->77743K(524288K)
[6.175s][info ][gc,heap        ] GC(5) ParOldGen: 6092K(6144K)->6056K(6144K)
[6.175s][info ][gc,metaspace   ] GC(5) Metaspace: 59108K(59776K)->59108K(59776K) NonClass: 49645K(50048K)->49645K(50048K) Class: 9462K(9728K)->9462K(9728K)
[6.175s][info ][gc             ] GC(5) Pause Full (Metadata GC Threshold) 82M->81M(1542M) 388.393ms
[6.175s][info ][gc,cpu         ] GC(5) User=0.81s Sys=0.01s Real=0.39s
[6.175s][info ][safepoint      ] Safepoint "CollectForMetadataAllocation", Time since last: 501634793 ns, Reaching safepoint: 4001 ns, Cleanup: 78505 ns, At safepoint: 436875053 ns, Total: 436957559 ns
[6.537s][info ][safepoint      ] Safepoint "ICBufferFull", Time since last: 361610094 ns, Reaching safepoint: 81105 ns, Cleanup: 162611 ns, At safepoint: 8101 ns, Total: 251817 ns
[6.720s][info ][safepoint      ] Safepoint "ICBufferFull", Time since last: 177395463 ns, Reaching safepoint: 5730993 ns, Cleanup: 120608 ns, At safepoint: 15801 ns, Total: 5867402 ns
[6.784s][info ][safepoint      ] Safepoint "ICBufferFull", Time since last: 64175900 ns, Reaching safepoint: 5600 ns, Cleanup: 111608 ns, At safepoint: 11201 ns, Total: 128409 ns
[6.921s][info ][safepoint      ] Safepoint "ICBufferFull", Time since last: 136432654 ns, Reaching safepoint: 4700 ns, Cleanup: 130009 ns, At safepoint: 2000 ns, Total: 136709 ns
[7.049s][info ][safepoint      ] Safepoint "ICBufferFull", Time since last: 127545145 ns, Reaching safepoint: 82606 ns, Cleanup: 126909 ns, At safepoint: 9800 ns, Total: 219315 ns
[7.244s][info ][safepoint      ] Safepoint "ICBufferFull", Time since last: 195474603 ns, Reaching safepoint: 3200 ns, Cleanup: 125309 ns, At safepoint: 1600 ns, Total: 130109 ns
[7.406s][info ][safepoint      ] Safepoint "ICBufferFull", Time since last: 161721388 ns, Reaching safepoint: 6700 ns, Cleanup: 133509 ns, At safepoint: 5201 ns, Total: 145410 ns
[7.659s][info ][safepoint      ] Safepoint "ICBufferFull", Time since last: 252672424 ns, Reaching safepoint: 86806 ns, Cleanup: 130009 ns, At safepoint: 9200 ns, Total: 226015 ns
[7.853s][info ][safepoint      ] Safepoint "ICBufferFull", Time since last: 193635577 ns, Reaching safepoint: 4900 ns, Cleanup: 109007 ns, At safepoint: 5901 ns, Total: 119808 ns
[7.968s][info ][safepoint      ] Safepoint "ICBufferFull", Time since last: 115508919 ns, Reaching safepoint: 6601 ns, Cleanup: 130009 ns, At safepoint: 6200 ns, Total: 142810 ns
[8.526s][info ][safepoint      ] Safepoint "ICBufferFull", Time since last: 557185403 ns, Reaching safepoint: 5200 ns, Cleanup: 132609 ns, At safepoint: 5400 ns, Total: 143209 ns
[8.647s][info ][safepoint      ] Safepoint "ICBufferFull", Time since last: 120998996 ns, Reaching safepoint: 88206 ns, Cleanup: 132510 ns, At safepoint: 12000 ns, Total: 232716 ns
[9.647s][info ][safepoint      ] Safepoint "Cleanup", Time since last: 1000122972 ns, Reaching safepoint: 81006 ns, Cleanup: 82005 ns, At safepoint: 10601 ns, Total: 173612 ns
[10.647s][info ][safepoint      ] Safepoint "Cleanup", Time since last: 1000114771 ns, Reaching safepoint: 81105 ns, Cleanup: 14901 ns, At safepoint: 11601 ns, Total: 107607 ns
[11.579s][info ][safepoint      ] Safepoint "ICBufferFull", Time since last: 931686125 ns, Reaching safepoint: 93406 ns, Cleanup: 118309 ns, At safepoint: 13300 ns, Total: 225015 ns
[11.856s][info ][safepoint      ] Safepoint "ICBufferFull", Time since last: 276042274 ns, Reaching safepoint: 665946 ns, Cleanup: 114008 ns, At safepoint: 6700 ns, Total: 786654 ns
[12.025s][info ][safepoint      ] Safepoint "ICBufferFull", Time since last: 168512883 ns, Reaching safepoint: 7700 ns, Cleanup: 159011 ns, At safepoint: 1800 ns, Total: 168511 ns
[12.169s][info ][safepoint      ] Safepoint "ICBufferFull", Time since last: 143725179 ns, Reaching safepoint: 7101 ns, Cleanup: 142809 ns, At safepoint: 11501 ns, Total: 161411 ns
[12.332s][info ][safepoint      ] Safepoint "ICBufferFull", Time since last: 163477537 ns, Reaching safepoint: 5700 ns, Cleanup: 119808 ns, At safepoint: 6201 ns, Total: 131709 ns
[13.549s][info ][safepoint      ] Safepoint "Cleanup", Time since last: 1216678928 ns, Reaching safepoint: 7600 ns, Cleanup: 131109 ns, At safepoint: 2700 ns, Total: 141409 ns
[14.515s][info ][safepoint      ] Safepoint "ICBufferFull", Time since last: 965609171 ns, Reaching safepoint: 8100 ns, Cleanup: 154411 ns, At safepoint: 2800 ns, Total: 165311 ns
[14.612s][info ][safepoint      ] Safepoint "ICBufferFull", Time since last: 97199281 ns, Reaching safepoint: 6501 ns, Cleanup: 165711 ns, At safepoint: 7801 ns, Total: 180013 ns
[14.707s][info ][safepoint      ] Safepoint "ICBufferFull", Time since last: 94238277 ns, Reaching safepoint: 6300 ns, Cleanup: 135210 ns, At safepoint: 14701 ns, Total: 156211 ns
[14.827s][info ][safepoint      ] Safepoint "ICBufferFull", Time since last: 119609621 ns, Reaching safepoint: 87506 ns, Cleanup: 130209 ns, At safepoint: 14401 ns, Total: 232116 ns
[14.951s][info ][safepoint      ] Safepoint "ICBufferFull", Time since last: 123801009 ns, Reaching safepoint: 7501 ns, Cleanup: 146310 ns, At safepoint: 12101 ns, Total: 165912 ns
[15.096s][info ][safepoint      ] Safepoint "ICBufferFull", Time since last: 145647111 ns, Reaching safepoint: 7100 ns, Cleanup: 133109 ns, At safepoint: 2301 ns, Total: 142510 ns
[15.266s][info ][safepoint      ] Safepoint "ICBufferFull", Time since last: 169214930 ns, Reaching safepoint: 224116 ns, Cleanup: 137809 ns, At safepoint: 12501 ns, Total: 374426 ns
[15.453s][info ][safepoint      ] Safepoint "ICBufferFull", Time since last: 186461816 ns, Reaching safepoint: 82606 ns, Cleanup: 139210 ns, At safepoint: 16301 ns, Total: 238117 ns
[15.582s][info ][gc,start       ] GC(6) Pause Young (Allocation Failure)
[15.656s][debug][gc,phases      ] GC(6) Scavenge 73.742ms
[15.656s][debug][gc,ref         ] GC(6) ReferenceProcessor::execute queues: 4, RefProcThreadModel::Multi, marks_oops_alive: false
[15.657s][debug][gc,ref         ] GC(6) Skipped KeepAliveFinalRefsPhase of Reference Processing: no references
[15.657s][debug][gc,ref         ] GC(6) ReferenceProcessor::execute queues: 4, RefProcThreadModel::Multi, marks_oops_alive: false
[15.658s][debug][gc,phases      ] GC(6) Reference Processing 1.734ms
[15.658s][debug][gc,phases      ] GC(6)   VM Weak                        Min:  0.0, Avg:  0.0, Max:  0.0, Diff:  0.0, Sum:  0.0, Workers: 4
[15.658s][debug][gc,phases      ] GC(6)     Dead                           Min: 0, Avg:  0.0, Max: 0, Diff: 0, Sum: 0, Workers: 4
[15.658s][debug][gc,phases      ] GC(6)     Total                          Min: 64, Avg: 194.8, Max: 320, Diff: 256, Sum: 779, Workers: 4
[15.658s][debug][gc,phases      ] GC(6)   ObjectSynchronizer Weak        Min:  0.0, Avg:  0.0, Max:  0.0, Diff:  0.0, Sum:  0.0, Workers: 4
[15.658s][debug][gc,phases      ] GC(6)     Dead                           Min: 0, Avg:  2.8, Max: 11, Diff: 11, Sum: 11, Workers: 4
[15.658s][debug][gc,phases      ] GC(6)     Total                          Min: 0, Avg:  8.8, Max: 35, Diff: 35, Sum: 35, Workers: 4
[15.658s][debug][gc,phases      ] GC(6)   JVMTI Tag Weak OopStorage      Min:  0.0, Avg:  0.0, Max:  0.0, Diff:  0.0, Sum:  0.0, Workers: 4
[15.658s][debug][gc,phases      ] GC(6)     Dead                           Min: 0, Avg:  0.0, Max: 0, Diff: 0, Sum: 0, Workers: 4
[15.658s][debug][gc,phases      ] GC(6)     Total                          Min: 0, Avg:  0.0, Max: 0, Diff: 0, Sum: 0, Workers: 4
[15.658s][debug][gc,phases      ] GC(6)   StringTable Weak               Min:  0.4, Avg:  0.4, Max:  0.4, Diff:  0.0, Sum:  1.8, Workers: 4
[15.658s][debug][gc,phases      ] GC(6)     Dead                           Min: 3, Avg:  9.2, Max: 16, Diff: 13, Sum: 37, Workers: 4
[15.658s][debug][gc,phases      ] GC(6)     Total                          Min: 10240, Avg: 10615.5, Max: 11072, Diff: 832, Sum: 42462, Workers: 4
[15.658s][debug][gc,phases      ] GC(6)   ResolvedMethodTable Weak       Min:  0.2, Avg:  0.2, Max:  0.2, Diff:  0.0, Sum:  0.7, Workers: 4
[15.658s][debug][gc,phases      ] GC(6)     Dead                           Min: 746, Avg: 869.5, Max: 984, Diff: 238, Sum: 3478, Workers: 4
[15.658s][debug][gc,phases      ] GC(6)     Total                          Min: 3968, Avg: 4065.2, Max: 4160, Diff: 192, Sum: 16261, Workers: 4
[15.658s][debug][gc,phases      ] GC(6)   JNI Weak                       Min:  0.0, Avg:  0.0, Max:  0.0, Diff:  0.0, Sum:  0.0, Workers: 4
[15.658s][debug][gc,phases      ] GC(6)     Dead                           Min: 0, Avg:  0.0, Max: 0, Diff: 0, Sum: 0, Workers: 4
[15.658s][debug][gc,phases      ] GC(6)     Total                          Min: 0, Avg: 22.5, Max: 53, Diff: 53, Sum: 90, Workers: 4
[15.658s][debug][gc,phases      ] GC(6)   StringDedup Table Weak         Min:  0.0, Avg:  0.0, Max:  0.0, Diff:  0.0, Sum:  0.0, Workers: 4
[15.658s][debug][gc,phases      ] GC(6)     Dead                           Min: 0, Avg:  0.0, Max: 0, Diff: 0, Sum: 0, Workers: 4
[15.658s][debug][gc,phases      ] GC(6)     Total                          Min: 0, Avg:  0.0, Max: 0, Diff: 0, Sum: 0, Workers: 4
[15.658s][debug][gc,phases      ] GC(6)   StringDedup Requests0 Weak     Min:  0.0, Avg:  0.0, Max:  0.0, Diff:  0.0, Sum:  0.0, Workers: 4
[15.658s][debug][gc,phases      ] GC(6)     Dead                           Min: 0, Avg:  0.0, Max: 0, Diff: 0, Sum: 0, Workers: 4
[15.658s][debug][gc,phases      ] GC(6)     Total                          Min: 0, Avg:  0.0, Max: 0, Diff: 0, Sum: 0, Workers: 4
[15.658s][debug][gc,phases      ] GC(6)   StringDedup Requests1 Weak     Min:  0.0, Avg:  0.0, Max:  0.0, Diff:  0.0, Sum:  0.0, Workers: 4
[15.658s][debug][gc,phases      ] GC(6)     Dead                           Min: 0, Avg:  0.0, Max: 0, Diff: 0, Sum: 0, Workers: 4
[15.658s][debug][gc,phases      ] GC(6)     Total                          Min: 0, Avg:  0.0, Max: 0, Diff: 0, Sum: 0, Workers: 4
[15.658s][debug][gc,phases      ] GC(6)   Weak JFR Old Object Samples    Min:  0.0, Avg:  0.0, Max:  0.0, Diff:  0.0, Sum:  0.0, Workers: 4
[15.658s][debug][gc,phases      ] GC(6)     Dead                           Min: 0, Avg:  0.0, Max: 0, Diff: 0, Sum: 0, Workers: 4
[15.659s][debug][gc,phases      ] GC(6)     Total                          Min: 0, Avg:  0.0, Max: 0, Diff: 0, Sum: 0, Workers: 4
[15.659s][debug][gc,phases      ] GC(6) Weak Processing 0.869ms
[15.659s][debug][gc,age         ] GC(6) Desired survivor size 536870912 bytes, new threshold 7 (max threshold 15)
[15.659s][info ][gc,heap        ] GC(6) PSYoungGen: 1126319K(1572864K)->145067K(1572864K) Eden: 1048576K(1048576K)->0K(1048576K) From: 77743K(524288K)->145067K(524288K)
[15.659s][info ][gc,heap        ] GC(6) ParOldGen: 6056K(6144K)->6425K(6656K)
[15.659s][info ][gc,metaspace   ] GC(6) Metaspace: 95411K(96512K)->95411K(96512K) NonClass: 80701K(81344K)->80701K(81344K) Class: 14709K(15168K)->14709K(15168K)
[15.659s][info ][gc             ] GC(6) Pause Young (Allocation Failure) 1105M->147M(1542M) 76.508ms
[15.659s][info ][gc,cpu         ] GC(6) User=0.26s Sys=0.02s Real=0.07s
[15.659s][info ][safepoint      ] Safepoint "ParallelGCFailedAllocation", Time since last: 129197680 ns, Reaching safepoint: 88206 ns, Cleanup: 93707 ns, At safepoint: 76598165 ns, Total: 76780078 ns
[15.816s][info ][safepoint      ] Safepoint "ICBufferFull", Time since last: 156686969 ns, Reaching safepoint: 90307 ns, Cleanup: 139209 ns, At safepoint: 13401 ns, Total: 242917 ns
[16.044s][info ][safepoint      ] Safepoint "ICBufferFull", Time since last: 227691150 ns, Reaching safepoint: 82806 ns, Cleanup: 157311 ns, At safepoint: 14801 ns, Total: 254918 ns
[16.149s][info ][safepoint      ] Safepoint "ICBufferFull", Time since last: 105428346 ns, Reaching safepoint: 162512 ns, Cleanup: 153710 ns, At safepoint: 13101 ns, Total: 329323 ns
[16.374s][info ][safepoint      ] Safepoint "ICBufferFull", Time since last: 224093703 ns, Reaching safepoint: 78005 ns, Cleanup: 122009 ns, At safepoint: 5500 ns, Total: 205514 ns
[16.672s][info ][safepoint      ] Safepoint "ICBufferFull", Time since last: 298454914 ns, Reaching safepoint: 7701 ns, Cleanup: 155810 ns, At safepoint: 10501 ns, Total: 174012 ns
[17.043s][info ][safepoint      ] Safepoint "ICBufferFull", Time since last: 370757084 ns, Reaching safepoint: 83906 ns, Cleanup: 133709 ns, At safepoint: 16101 ns, Total: 233716 ns
[17.238s][info ][safepoint      ] Safepoint "ICBufferFull", Time since last: 195051507 ns, Reaching safepoint: 87906 ns, Cleanup: 126308 ns, At safepoint: 17502 ns, Total: 231716 ns
[17.793s][info ][safepoint      ] Safepoint "ICBufferFull", Time since last: 553966976 ns, Reaching safepoint: 163812 ns, Cleanup: 149410 ns, At safepoint: 8500 ns, Total: 321722 ns
[17.970s][info ][safepoint      ] Safepoint "ParallelGCFailedAllocation", Time since last: 177110974 ns, Reaching safepoint: 95307 ns, Cleanup: 42602 ns, At safepoint: 26202 ns, Total: 164111 ns
[17.971s][info ][gc,start       ] GC(7) Pause Young (GCLocker Initiated GC)
[18.061s][debug][gc,phases      ] GC(7) Scavenge 89.123ms
[18.061s][debug][gc,ref         ] GC(7) ReferenceProcessor::execute queues: 4, RefProcThreadModel::Multi, marks_oops_alive: false
[18.062s][debug][gc,ref         ] GC(7) Skipped KeepAliveFinalRefsPhase of Reference Processing: no references
[18.062s][debug][gc,ref         ] GC(7) ReferenceProcessor::execute queues: 1, RefProcThreadModel::Single, marks_oops_alive: false
[18.062s][debug][gc,phases      ] GC(7) Reference Processing 1.342ms
[18.063s][debug][gc,phases      ] GC(7)   VM Weak                        Min:  0.0, Avg:  0.0, Max:  0.0, Diff:  0.0, Sum:  0.0, Workers: 4
[18.063s][debug][gc,phases      ] GC(7)     Dead                           Min: 0, Avg:  0.0, Max: 0, Diff: 0, Sum: 0, Workers: 4
[18.063s][debug][gc,phases      ] GC(7)     Total                          Min: 64, Avg: 203.0, Max: 384, Diff: 320, Sum: 812, Workers: 4
[18.063s][debug][gc,phases      ] GC(7)   ObjectSynchronizer Weak        Min:  0.0, Avg:  0.0, Max:  0.0, Diff:  0.0, Sum:  0.0, Workers: 4
[18.063s][debug][gc,phases      ] GC(7)     Dead                           Min: 0, Avg:  0.0, Max: 0, Diff: 0, Sum: 0, Workers: 4
[18.063s][debug][gc,phases      ] GC(7)     Total                          Min: 0, Avg:  8.8, Max: 35, Diff: 35, Sum: 35, Workers: 4
[18.063s][debug][gc,phases      ] GC(7)   JVMTI Tag Weak OopStorage      Min:  0.0, Avg:  0.0, Max:  0.0, Diff:  0.0, Sum:  0.0, Workers: 4
[18.063s][debug][gc,phases      ] GC(7)     Dead                           Min: 0, Avg:  0.0, Max: 0, Diff: 0, Sum: 0, Workers: 4
[18.063s][debug][gc,phases      ] GC(7)     Total                          Min: 0, Avg:  0.0, Max: 0, Diff: 0, Sum: 0, Workers: 4
[18.063s][debug][gc,phases      ] GC(7)   StringTable Weak               Min:  0.5, Avg:  0.5, Max:  0.5, Diff:  0.0, Sum:  1.9, Workers: 4
[18.063s][debug][gc,phases      ] GC(7)     Dead                           Min: 0, Avg:  0.8, Max: 1, Diff: 1, Sum: 3, Workers: 4
[18.063s][debug][gc,phases      ] GC(7)     Total                          Min: 10112, Avg: 10744.5, Max: 11264, Diff: 1152, Sum: 42978, Workers: 4
[18.063s][debug][gc,phases      ] GC(7)   ResolvedMethodTable Weak       Min:  0.2, Avg:  0.2, Max:  0.2, Diff:  0.0, Sum:  0.6, Workers: 4
[18.063s][debug][gc,phases      ] GC(7)     Dead                           Min: 12, Avg: 20.2, Max: 27, Diff: 15, Sum: 81, Workers: 4
[18.063s][debug][gc,phases      ] GC(7)     Total                          Min: 3183, Avg: 3268.8, Max: 3426, Diff: 243, Sum: 13075, Workers: 4
[18.063s][debug][gc,phases      ] GC(7)   JNI Weak                       Min:  0.0, Avg:  0.0, Max:  0.0, Diff:  0.0, Sum:  0.0, Workers: 4
[18.063s][debug][gc,phases      ] GC(7)     Dead                           Min: 0, Avg:  0.0, Max: 0, Diff: 0, Sum: 0, Workers: 4
[18.063s][debug][gc,phases      ] GC(7)     Total                          Min: 0, Avg: 16.8, Max: 52, Diff: 52, Sum: 67, Workers: 4
[18.063s][debug][gc,phases      ] GC(7)   StringDedup Table Weak         Min:  0.0, Avg:  0.0, Max:  0.0, Diff:  0.0, Sum:  0.0, Workers: 4
[18.063s][debug][gc,phases      ] GC(7)     Dead                           Min: 0, Avg:  0.0, Max: 0, Diff: 0, Sum: 0, Workers: 4
[18.063s][debug][gc,phases      ] GC(7)     Total                          Min: 0, Avg:  0.0, Max: 0, Diff: 0, Sum: 0, Workers: 4
[18.063s][debug][gc,phases      ] GC(7)   StringDedup Requests0 Weak     Min:  0.0, Avg:  0.0, Max:  0.0, Diff:  0.0, Sum:  0.0, Workers: 4
[18.063s][debug][gc,phases      ] GC(7)     Dead                           Min: 0, Avg:  0.0, Max: 0, Diff: 0, Sum: 0, Workers: 4
[18.063s][debug][gc,phases      ] GC(7)     Total                          Min: 0, Avg:  0.0, Max: 0, Diff: 0, Sum: 0, Workers: 4
[18.063s][debug][gc,phases      ] GC(7)   StringDedup Requests1 Weak     Min:  0.0, Avg:  0.0, Max:  0.0, Diff:  0.0, Sum:  0.0, Workers: 4
[18.063s][debug][gc,phases      ] GC(7)     Dead                           Min: 0, Avg:  0.0, Max: 0, Diff: 0, Sum: 0, Workers: 4
[18.063s][debug][gc,phases      ] GC(7)     Total                          Min: 0, Avg:  0.0, Max: 0, Diff: 0, Sum: 0, Workers: 4
[18.063s][debug][gc,phases      ] GC(7)   Weak JFR Old Object Samples    Min:  0.0, Avg:  0.0, Max:  0.0, Diff:  0.0, Sum:  0.0, Workers: 4
[18.063s][debug][gc,phases      ] GC(7)     Dead                           Min: 0, Avg:  0.0, Max: 0, Diff: 0, Sum: 0, Workers: 4
[18.063s][debug][gc,phases      ] GC(7)     Total                          Min: 0, Avg:  0.0, Max: 0, Diff: 0, Sum: 0, Workers: 4
[18.063s][debug][gc,phases      ] GC(7) Weak Processing 0.890ms
[18.063s][debug][gc,age         ] GC(7) Desired survivor size 228065280 bytes, new threshold 6 (max threshold 15)
[18.063s][info ][gc,heap        ] GC(7) PSYoungGen: 1193643K(1572864K)->205264K(1572864K) Eden: 1048576K(1048576K)->0K(1048576K) From: 145067K(524288K)->205264K(524288K)
[18.063s][info ][gc,heap        ] GC(7) ParOldGen: 6553K(6656K)->6569K(6656K)
[18.063s][info ][gc,metaspace   ] GC(7) Metaspace: 97243K(98432K)->97243K(98432K) NonClass: 82393K(83072K)->82393K(83072K) Class: 14850K(15360K)->14850K(15360K)
[18.063s][info ][gc             ] GC(7) Pause Young (GCLocker Initiated GC) 1172M->206M(1542M) 91.499ms
[18.063s][info ][gc,cpu         ] GC(7) User=0.27s Sys=0.07s Real=0.10s
[18.063s][info ][safepoint      ] Safepoint "ParallelGCSystemGC", Time since last: 1241786 ns, Reaching safepoint: 84105 ns, Cleanup: 2901 ns, At safepoint: 91584595 ns, Total: 91671601 ns
[18.607s][info ][safepoint      ] Safepoint "ICBufferFull", Time since last: 544085697 ns, Reaching safepoint: 7801 ns, Cleanup: 143009 ns, At safepoint: 9601 ns, Total: 160411 ns
[19.543s][info ][safepoint      ] Safepoint "ICBufferFull", Time since last: 935774814 ns, Reaching safepoint: 84305 ns, Cleanup: 144210 ns, At safepoint: 8401 ns, Total: 236916 ns
[20.143s][info ][safepoint      ] Safepoint "ICBufferFull", Time since last: 599662555 ns, Reaching safepoint: 83205 ns, Cleanup: 128309 ns, At safepoint: 5600 ns, Total: 217114 ns
[20.749s][info ][safepoint      ] Safepoint "ICBufferFull", Time since last: 605238633 ns, Reaching safepoint: 85006 ns, Cleanup: 158211 ns, At safepoint: 5600 ns, Total: 248817 ns
[21.392s][info ][safepoint      ] Safepoint "ICBufferFull", Time since last: 643567332 ns, Reaching safepoint: 83805 ns, Cleanup: 138710 ns, At safepoint: 5000 ns, Total: 227515 ns
[22.153s][info ][safepoint      ] Safepoint "ICBufferFull", Time since last: 760199139 ns, Reaching safepoint: 80905 ns, Cleanup: 154911 ns, At safepoint: 7900 ns, Total: 243716 ns
[23.153s][info ][safepoint      ] Safepoint "Cleanup", Time since last: 1000107904 ns, Reaching safepoint: 6000 ns, Cleanup: 114508 ns, At safepoint: 2400 ns, Total: 122908 ns
[24.153s][info ][safepoint      ] Safepoint "Cleanup", Time since last: 1000118004 ns, Reaching safepoint: 6501 ns, Cleanup: 99706 ns, At safepoint: 3101 ns, Total: 109308 ns
[25.153s][info ][safepoint      ] Safepoint "Cleanup", Time since last: 1000140205 ns, Reaching safepoint: 6801 ns, Cleanup: 53003 ns, At safepoint: 1900 ns, Total: 61704 ns
[26.154s][info ][safepoint      ] Safepoint "Cleanup", Time since last: 1000112104 ns, Reaching safepoint: 6801 ns, Cleanup: 50503 ns, At safepoint: 2300 ns, Total: 59604 ns
[26.548s][info ][gc,start       ] GC(8) Pause Young (CodeCache GC Threshold)
[26.634s][debug][gc,phases      ] GC(8) Scavenge 85.773ms
[26.634s][debug][gc,ref         ] GC(8) ReferenceProcessor::execute queues: 4, RefProcThreadModel::Multi, marks_oops_alive: false
[26.635s][debug][gc,ref         ] GC(8) Skipped KeepAliveFinalRefsPhase of Reference Processing: no references
[26.635s][debug][gc,ref         ] GC(8) ReferenceProcessor::execute queues: 1, RefProcThreadModel::Single, marks_oops_alive: false
[26.635s][debug][gc,phases      ] GC(8) Reference Processing 1.256ms
[26.636s][debug][gc,phases      ] GC(8)   VM Weak                        Min:  0.0, Avg:  0.0, Max:  0.0, Diff:  0.0, Sum:  0.0, Workers: 4
[26.636s][debug][gc,phases      ] GC(8)     Dead                           Min: 0, Avg:  0.0, Max: 0, Diff: 0, Sum: 0, Workers: 4
[26.636s][debug][gc,phases      ] GC(8)     Total                          Min: 128, Avg: 203.2, Max: 320, Diff: 192, Sum: 813, Workers: 4
[26.636s][debug][gc,phases      ] GC(8)   ObjectSynchronizer Weak        Min:  0.0, Avg:  0.0, Max:  0.0, Diff:  0.0, Sum:  0.0, Workers: 4
[26.636s][debug][gc,phases      ] GC(8)     Dead                           Min: 0, Avg:  0.0, Max: 0, Diff: 0, Sum: 0, Workers: 4
[26.636s][debug][gc,phases      ] GC(8)     Total                          Min: 0, Avg:  8.8, Max: 35, Diff: 35, Sum: 35, Workers: 4
[26.636s][debug][gc,phases      ] GC(8)   JVMTI Tag Weak OopStorage      Min:  0.0, Avg:  0.0, Max:  0.0, Diff:  0.0, Sum:  0.0, Workers: 4
[26.636s][debug][gc,phases      ] GC(8)     Dead                           Min: 0, Avg:  0.0, Max: 0, Diff: 0, Sum: 0, Workers: 4
[26.636s][debug][gc,phases      ] GC(8)     Total                          Min: 0, Avg:  0.0, Max: 0, Diff: 0, Sum: 0, Workers: 4
[26.636s][debug][gc,phases      ] GC(8)   StringTable Weak               Min:  0.5, Avg:  0.5, Max:  0.5, Diff:  0.0, Sum:  1.9, Workers: 4
[26.636s][debug][gc,phases      ] GC(8)     Dead                           Min: 0, Avg:  0.8, Max: 2, Diff: 2, Sum: 3, Workers: 4
[26.636s][debug][gc,phases      ] GC(8)     Total                          Min: 10235, Avg: 10830.8, Max: 11456, Diff: 1221, Sum: 43323, Workers: 4
[26.636s][debug][gc,phases      ] GC(8)   ResolvedMethodTable Weak       Min:  0.1, Avg:  0.1, Max:  0.1, Diff:  0.0, Sum:  0.6, Workers: 4
[26.636s][debug][gc,phases      ] GC(8)     Dead                           Min: 3, Avg: 10.2, Max: 29, Diff: 26, Sum: 41, Workers: 4
[26.636s][debug][gc,phases      ] GC(8)     Total                          Min: 3184, Avg: 3288.5, Max: 3440, Diff: 256, Sum: 13154, Workers: 4
[26.636s][debug][gc,phases      ] GC(8)   JNI Weak                       Min:  0.0, Avg:  0.0, Max:  0.0, Diff:  0.0, Sum:  0.0, Workers: 4
[26.636s][debug][gc,phases      ] GC(8)     Dead                           Min: 0, Avg:  0.0, Max: 0, Diff: 0, Sum: 0, Workers: 4
[26.636s][debug][gc,phases      ] GC(8)     Total                          Min: 0, Avg: 13.0, Max: 52, Diff: 52, Sum: 52, Workers: 4
[26.636s][debug][gc,phases      ] GC(8)   StringDedup Table Weak         Min:  0.0, Avg:  0.0, Max:  0.0, Diff:  0.0, Sum:  0.0, Workers: 4
[26.636s][debug][gc,phases      ] GC(8)     Dead                           Min: 0, Avg:  0.0, Max: 0, Diff: 0, Sum: 0, Workers: 4
[26.636s][debug][gc,phases      ] GC(8)     Total                          Min: 0, Avg:  0.0, Max: 0, Diff: 0, Sum: 0, Workers: 4
[26.636s][debug][gc,phases      ] GC(8)   StringDedup Requests0 Weak     Min:  0.0, Avg:  0.0, Max:  0.0, Diff:  0.0, Sum:  0.0, Workers: 4
[26.636s][debug][gc,phases      ] GC(8)     Dead                           Min: 0, Avg:  0.0, Max: 0, Diff: 0, Sum: 0, Workers: 4
[26.636s][debug][gc,phases      ] GC(8)     Total                          Min: 0, Avg:  0.0, Max: 0, Diff: 0, Sum: 0, Workers: 4
[26.636s][debug][gc,phases      ] GC(8)   StringDedup Requests1 Weak     Min:  0.0, Avg:  0.0, Max:  0.0, Diff:  0.0, Sum:  0.0, Workers: 4
[26.636s][debug][gc,phases      ] GC(8)     Dead                           Min: 0, Avg:  0.0, Max: 0, Diff: 0, Sum: 0, Workers: 4
[26.636s][debug][gc,phases      ] GC(8)     Total                          Min: 0, Avg:  0.0, Max: 0, Diff: 0, Sum: 0, Workers: 4
[26.636s][debug][gc,phases      ] GC(8)   Weak JFR Old Object Samples    Min:  0.0, Avg:  0.0, Max:  0.0, Diff:  0.0, Sum:  0.0, Workers: 4
[26.636s][debug][gc,phases      ] GC(8)     Dead                           Min: 0, Avg:  0.0, Max: 0, Diff: 0, Sum: 0, Workers: 4
[26.636s][debug][gc,phases      ] GC(8)     Total                          Min: 0, Avg:  0.0, Max: 0, Diff: 0, Sum: 0, Workers: 4
[26.636s][debug][gc,phases      ] GC(8) Weak Processing 0.887ms
[26.636s][debug][gc,age         ] GC(8) Desired survivor size 262144000 bytes, new threshold 5 (max threshold 15)
[26.636s][info ][gc,heap        ] GC(8) PSYoungGen: 781890K(1572864K)->196757K(1807872K) Eden: 576625K(1048576K)->0K(1585152K) From: 205264K(524288K)->196757K(222720K)
[26.636s][info ][gc,heap        ] GC(8) ParOldGen: 6569K(6656K)->6577K(6656K)
[26.636s][info ][gc,metaspace   ] GC(8) Metaspace: 97857K(99008K)->97857K(99008K) NonClass: 82972K(83648K)->82972K(83648K) Class: 14885K(15360K)->14885K(15360K)
[26.636s][info ][gc             ] GC(8) Pause Young (CodeCache GC Threshold) 769M->198M(1772M) 88.063ms
[26.636s][info ][gc,cpu         ] GC(8) User=0.27s Sys=0.06s Real=0.09s
[26.636s][debug][gc,phases      ] GC(9) Pre Compact 0.010ms
[26.636s][info ][gc,start       ] GC(9) Pause Full (CodeCache GC Threshold)
[26.636s][info ][gc,phases,start] GC(9) Marking Phase
[26.704s][debug][gc,phases      ] GC(9) Par Mark 68.228ms
[26.705s][debug][gc,ref         ] GC(9) ReferenceProcessor::execute queues: 4, RefProcThreadModel::Multi, marks_oops_alive: false
[26.705s][debug][gc,ref         ] GC(9) ReferenceProcessor::execute queues: 4, RefProcThreadModel::Multi, marks_oops_alive: true
[26.705s][debug][gc,ref         ] GC(9) ReferenceProcessor::execute queues: 1, RefProcThreadModel::Single, marks_oops_alive: false
[26.705s][debug][gc,phases      ] GC(9) Reference Processing 0.793ms
[26.706s][debug][gc,phases      ] GC(9)   VM Weak                        Min:  0.0, Avg:  0.0, Max:  0.0, Diff:  0.0, Sum:  0.0, Workers: 4
[26.706s][debug][gc,phases      ] GC(9)     Dead                           Min: 0, Avg:  1.0, Max: 4, Diff: 4, Sum: 4, Workers: 4
[26.706s][debug][gc,phases      ] GC(9)     Total                          Min: 0, Avg: 203.2, Max: 813, Diff: 813, Sum: 813, Workers: 4
[26.706s][debug][gc,phases      ] GC(9)   ObjectSynchronizer Weak        Min:  0.0, Avg:  0.0, Max:  0.0, Diff:  0.0, Sum:  0.0, Workers: 4
[26.706s][debug][gc,phases      ] GC(9)     Dead                           Min: 0, Avg:  0.0, Max: 0, Diff: 0, Sum: 0, Workers: 4
[26.706s][debug][gc,phases      ] GC(9)     Total                          Min: 0, Avg:  8.8, Max: 35, Diff: 35, Sum: 35, Workers: 4
[26.706s][debug][gc,phases      ] GC(9)   JVMTI Tag Weak OopStorage      Min:  0.0, Avg:  0.0, Max:  0.0, Diff:  0.0, Sum:  0.0, Workers: 4
[26.706s][debug][gc,phases      ] GC(9)     Dead                           Min: 0, Avg:  0.0, Max: 0, Diff: 0, Sum: 0, Workers: 4
[26.706s][debug][gc,phases      ] GC(9)     Total                          Min: 0, Avg:  0.0, Max: 0, Diff: 0, Sum: 0, Workers: 4
[26.706s][debug][gc,phases      ] GC(9)   StringTable Weak               Min:  0.0, Avg:  0.2, Max:  0.2, Diff:  0.2, Sum:  0.6, Workers: 4
[26.706s][debug][gc,phases      ] GC(9)     Dead                           Min: 0, Avg:  0.0, Max: 0, Diff: 0, Sum: 0, Workers: 4
[26.706s][debug][gc,phases      ] GC(9)     Total                          Min: 0, Avg: 10830.8, Max: 17408, Diff: 17408, Sum: 43323, Workers: 4
[26.706s][debug][gc,phases      ] GC(9)   ResolvedMethodTable Weak       Min:  0.0, Avg:  0.0, Max:  0.1, Diff:  0.1, Sum:  0.2, Workers: 4
[26.706s][debug][gc,phases      ] GC(9)     Dead                           Min: 0, Avg:  1.0, Max: 4, Diff: 4, Sum: 4, Workers: 4
[26.706s][debug][gc,phases      ] GC(9)     Total                          Min: 0, Avg: 3288.5, Max: 5343, Diff: 5343, Sum: 13154, Workers: 4
[26.706s][debug][gc,phases      ] GC(9)   JNI Weak                       Min:  0.0, Avg:  0.0, Max:  0.0, Diff:  0.0, Sum:  0.0, Workers: 4
[26.706s][debug][gc,phases      ] GC(9)     Dead                           Min: 0, Avg:  0.0, Max: 0, Diff: 0, Sum: 0, Workers: 4
[26.706s][debug][gc,phases      ] GC(9)     Total                          Min: 0, Avg: 13.0, Max: 52, Diff: 52, Sum: 52, Workers: 4
[26.706s][debug][gc,phases      ] GC(9)   StringDedup Table Weak         Min:  0.0, Avg:  0.0, Max:  0.0, Diff:  0.0, Sum:  0.0, Workers: 4
[26.706s][debug][gc,phases      ] GC(9)     Dead                           Min: 0, Avg:  0.0, Max: 0, Diff: 0, Sum: 0, Workers: 4
[26.706s][debug][gc,phases      ] GC(9)     Total                          Min: 0, Avg:  0.0, Max: 0, Diff: 0, Sum: 0, Workers: 4
[26.706s][debug][gc,phases      ] GC(9)   StringDedup Requests0 Weak     Min:  0.0, Avg:  0.0, Max:  0.0, Diff:  0.0, Sum:  0.0, Workers: 4
[26.706s][debug][gc,phases      ] GC(9)     Dead                           Min: 0, Avg:  0.0, Max: 0, Diff: 0, Sum: 0, Workers: 4
[26.706s][debug][gc,phases      ] GC(9)     Total                          Min: 0, Avg:  0.0, Max: 0, Diff: 0, Sum: 0, Workers: 4
[26.706s][debug][gc,phases      ] GC(9)   StringDedup Requests1 Weak     Min:  0.0, Avg:  0.0, Max:  0.0, Diff:  0.0, Sum:  0.0, Workers: 4
[26.706s][debug][gc,phases      ] GC(9)     Dead                           Min: 0, Avg:  0.0, Max: 0, Diff: 0, Sum: 0, Workers: 4
[26.706s][debug][gc,phases      ] GC(9)     Total                          Min: 0, Avg:  0.0, Max: 0, Diff: 0, Sum: 0, Workers: 4
[26.706s][debug][gc,phases      ] GC(9)   Weak JFR Old Object Samples    Min:  0.0, Avg:  0.0, Max:  0.0, Diff:  0.0, Sum:  0.0, Workers: 4
[26.706s][debug][gc,phases      ] GC(9)     Dead                           Min: 0, Avg:  0.0, Max: 0, Diff: 0, Sum: 0, Workers: 4
[26.706s][debug][gc,phases      ] GC(9)     Total                          Min: 0, Avg:  0.0, Max: 0, Diff: 0, Sum: 0, Workers: 4
[26.706s][debug][gc,phases      ] GC(9) Weak Processing 0.517ms
[26.706s][debug][gc,phases      ] GC(9) ClassLoaderData 0.214ms
[26.706s][debug][gc,phases      ] GC(9) Trigger cleanups 0.007ms
[26.739s][debug][gc,phases      ] GC(9) Purge Unlinked NMethods 0.351ms
[26.739s][debug][gc,phases      ] GC(9) Unregister NMethods 0.143ms
[26.739s][debug][gc,phases      ] GC(9) Free Code Blobs 0.067ms
[26.749s][debug][gc,phases      ] GC(9) Class Unloading 43.616ms
[26.749s][debug][gc,phases      ] GC(9) Report Object Count 0.002ms
[26.749s][info ][gc,phases      ] GC(9) Marking Phase 113.269ms
[26.749s][info ][gc,phases,start] GC(9) Summary Phase
[26.750s][info ][gc,phases      ] GC(9) Summary Phase 0.011ms
[26.750s][info ][gc,phases,start] GC(9) Adjust Roots
[26.772s][info ][gc,phases      ] GC(9) Adjust Roots 22.557ms
[26.772s][info ][gc,phases,start] GC(9) Compaction Phase
[27.349s][info ][gc,phases      ] GC(9) Compaction Phase 577.238ms
[27.349s][info ][gc,phases,start] GC(9) Post Compact
[27.352s][debug][gc,phases      ] GC(9) Purge Class Loader Data 1.340ms
[27.354s][info ][gc,phases      ] GC(9) Post Compact 4.116ms
[27.354s][info ][gc,heap        ] GC(9) PSYoungGen: 196757K(1807872K)->195260K(1807872K) Eden: 0K(1585152K)->0K(1585152K) From: 196757K(222720K)->195260K(222720K)
[27.354s][info ][gc,heap        ] GC(9) ParOldGen: 6577K(6656K)->6419K(6656K)
[27.354s][info ][gc,metaspace   ] GC(9) Metaspace: 97857K(99008K)->97850K(99008K) NonClass: 82972K(83648K)->82967K(83648K) Class: 14885K(15360K)->14883K(15360K)
[27.354s][info ][gc             ] GC(9) Pause Full (CodeCache GC Threshold) 198M->196M(1772M) 717.353ms
[27.354s][info ][gc,cpu         ] GC(9) User=1.57s Sys=0.03s Real=0.72s
[27.354s][info ][safepoint      ] Safepoint "ParallelGCSystemGC", Time since last: 394393939 ns, Reaching safepoint: 5600 ns, Cleanup: 24502 ns, At safepoint: 805751645 ns, Total: 805781747 ns
[28.354s][info ][safepoint      ] Safepoint "Cleanup", Time since last: 1000091749 ns, Reaching safepoint: 5901 ns, Cleanup: 63704 ns, At safepoint: 2200 ns, Total: 71805 ns
[29.354s][info ][safepoint      ] Safepoint "Cleanup", Time since last: 1000104850 ns, Reaching safepoint: 6601 ns, Cleanup: 49903 ns, At safepoint: 1900 ns, Total: 58404 ns
[30.354s][info ][safepoint      ] Safepoint "Cleanup", Time since last: 1000102951 ns, Reaching safepoint: 5700 ns, Cleanup: 23902 ns, At safepoint: 2000 ns, Total: 31602 ns
[31.354s][info ][safepoint      ] Safepoint "Cleanup", Time since last: 1000104050 ns, Reaching safepoint: 5601 ns, Cleanup: 14501 ns, At safepoint: 1900 ns, Total: 22002 ns
[32.355s][info ][safepoint      ] Safepoint "Cleanup", Time since last: 1000104350 ns, Reaching safepoint: 6600 ns, Cleanup: 31403 ns, At safepoint: 2200 ns, Total: 40203 ns
[33.381s][info ][safepoint      ] Safepoint "Cleanup", Time since last: 1026567466 ns, Reaching safepoint: 7101 ns, Cleanup: 26402 ns, At safepoint: 2600 ns, Total: 36103 ns
[34.482s][info ][safepoint      ] Safepoint "Cleanup", Time since last: 1101066081 ns, Reaching safepoint: 7800 ns, Cleanup: 17701 ns, At safepoint: 2201 ns, Total: 27702 ns
[35.960s][info ][safepoint      ] Safepoint "Cleanup", Time since last: 1477801440 ns, Reaching safepoint: 6200 ns, Cleanup: 64705 ns, At safepoint: 2600 ns, Total: 73505 ns
[36.960s][info ][safepoint      ] Safepoint "Cleanup", Time since last: 1000115265 ns, Reaching safepoint: 6800 ns, Cleanup: 23902 ns, At safepoint: 2000 ns, Total: 32702 ns
[37.960s][info ][safepoint      ] Safepoint "Cleanup", Time since last: 1000106765 ns, Reaching safepoint: 6000 ns, Cleanup: 32502 ns, At safepoint: 1900 ns, Total: 40402 ns
[38.398s][info ][safepoint      ] Safepoint "ICBufferFull", Time since last: 437483818 ns, Reaching safepoint: 7001 ns, Cleanup: 161211 ns, At safepoint: 5100 ns, Total: 173312 ns
[39.398s][info ][safepoint      ] Safepoint "Cleanup", Time since last: 1000124866 ns, Reaching safepoint: 6100 ns, Cleanup: 58704 ns, At safepoint: 2500 ns, Total: 67304 ns
[40.398s][info ][safepoint      ] Safepoint "Cleanup", Time since last: 1000112865 ns, Reaching safepoint: 6901 ns, Cleanup: 49303 ns, At safepoint: 2400 ns, Total: 58604 ns
[41.399s][info ][safepoint      ] Safepoint "Cleanup", Time since last: 1000121266 ns, Reaching safepoint: 7700 ns, Cleanup: 17701 ns, At safepoint: 3701 ns, Total: 29102 ns
[42.399s][info ][safepoint      ] Safepoint "Cleanup", Time since last: 1000120765 ns, Reaching safepoint: 7801 ns, Cleanup: 56004 ns, At safepoint: 2500 ns, Total: 66305 ns
[43.399s][info ][safepoint      ] Safepoint "Cleanup", Time since last: 1000188361 ns, Reaching safepoint: 92806 ns, Cleanup: 40803 ns, At safepoint: 15901 ns, Total: 149510 ns
[44.399s][info ][safepoint      ] Safepoint "Cleanup", Time since last: 1000108780 ns, Reaching safepoint: 6200 ns, Cleanup: 18502 ns, At safepoint: 2100 ns, Total: 26802 ns
[45.399s][info ][safepoint      ] Safepoint "Cleanup", Time since last: 1000117280 ns, Reaching safepoint: 6801 ns, Cleanup: 42903 ns, At safepoint: 2000 ns, Total: 51704 ns
[46.400s][info ][safepoint      ] Safepoint "Cleanup", Time since last: 1000113280 ns, Reaching safepoint: 7000 ns, Cleanup: 22202 ns, At safepoint: 2400 ns, Total: 31602 ns
[47.400s][info ][safepoint      ] Safepoint "Cleanup", Time since last: 1000101680 ns, Reaching safepoint: 8300 ns, Cleanup: 39203 ns, At safepoint: 2800 ns, Total: 50303 ns
[48.400s][info ][safepoint      ] Safepoint "Cleanup", Time since last: 1000115080 ns, Reaching safepoint: 6801 ns, Cleanup: 38202 ns, At safepoint: 2501 ns, Total: 47504 ns
[49.400s][info ][safepoint      ] Safepoint "Cleanup", Time since last: 1000151982 ns, Reaching safepoint: 8101 ns, Cleanup: 23602 ns, At safepoint: 2800 ns, Total: 34503 ns
[50.400s][info ][safepoint      ] Safepoint "Cleanup", Time since last: 1000122881 ns, Reaching safepoint: 6600 ns, Cleanup: 26902 ns, At safepoint: 2400 ns, Total: 35902 ns
[51.400s][info ][safepoint      ] Safepoint "Cleanup", Time since last: 1000110606 ns, Reaching safepoint: 5001 ns, Cleanup: 87606 ns, At safepoint: 2300 ns, Total: 94907 ns
[52.401s][info ][safepoint      ] Safepoint "Cleanup", Time since last: 1000117442 ns, Reaching safepoint: 7601 ns, Cleanup: 55203 ns, At safepoint: 2701 ns, Total: 65505 ns
[53.401s][info ][safepoint      ] Safepoint "Cleanup", Time since last: 1000111941 ns, Reaching safepoint: 6101 ns, Cleanup: 17001 ns, At safepoint: 2200 ns, Total: 25302 ns
[54.401s][info ][safepoint      ] Safepoint "Cleanup", Time since last: 1000116242 ns, Reaching safepoint: 6300 ns, Cleanup: 9501 ns, At safepoint: 2100 ns, Total: 17901 ns
[55.401s][info ][safepoint      ] Safepoint "Cleanup", Time since last: 1000223050 ns, Reaching safepoint: 6600 ns, Cleanup: 40503 ns, At safepoint: 2300 ns, Total: 49403 ns
[56.401s][info ][safepoint      ] Safepoint "Cleanup", Time since last: 1000115242 ns, Reaching safepoint: 6900 ns, Cleanup: 7301 ns, At safepoint: 2200 ns, Total: 16401 ns
[57.401s][info ][safepoint      ] Safepoint "Cleanup", Time since last: 1000127543 ns, Reaching safepoint: 6700 ns, Cleanup: 14901 ns, At safepoint: 2300 ns, Total: 23901 ns
[58.402s][info ][safepoint      ] Safepoint "Cleanup", Time since last: 1000109742 ns, Reaching safepoint: 5700 ns, Cleanup: 10901 ns, At safepoint: 2100 ns, Total: 18701 ns
[59.402s][info ][safepoint      ] Safepoint "Cleanup", Time since last: 1000105304 ns, Reaching safepoint: 6000 ns, Cleanup: 16201 ns, At safepoint: 1800 ns, Total: 24001 ns
[61.083s][info ][safepoint      ] Safepoint "Cleanup", Time since last: 1681443314 ns, Reaching safepoint: 7401 ns, Cleanup: 11301 ns, At safepoint: 2000 ns, Total: 20702 ns
[62.083s][info ][safepoint      ] Safepoint "Cleanup", Time since last: 1000119558 ns, Reaching safepoint: 7001 ns, Cleanup: 16001 ns, At safepoint: 2200 ns, Total: 25202 ns
[63.083s][info ][safepoint      ] Safepoint "Cleanup", Time since last: 1000120758 ns, Reaching safepoint: 8201 ns, Cleanup: 38002 ns, At safepoint: 2401 ns, Total: 48604 ns
[64.084s][info ][safepoint      ] Safepoint "Cleanup", Time since last: 1000125158 ns, Reaching safepoint: 7701 ns, Cleanup: 17501 ns, At safepoint: 2500 ns, Total: 27702 ns
[65.084s][info ][safepoint      ] Safepoint "Cleanup", Time since last: 1000121559 ns, Reaching safepoint: 8000 ns, Cleanup: 13601 ns, At safepoint: 2200 ns, Total: 23801 ns
[66.084s][info ][safepoint      ] Safepoint "Cleanup", Time since last: 1000136360 ns, Reaching safepoint: 7500 ns, Cleanup: 18002 ns, At safepoint: 1900 ns, Total: 27402 ns
[67.084s][info ][safepoint      ] Safepoint "Cleanup", Time since last: 1000168261 ns, Reaching safepoint: 7301 ns, Cleanup: 12101 ns, At safepoint: 2600 ns, Total: 22002 ns
[68.084s][info ][safepoint      ] Safepoint "Cleanup", Time since last: 1000126836 ns, Reaching safepoint: 8001 ns, Cleanup: 16601 ns, At safepoint: 2500 ns, Total: 27102 ns
[69.084s][info ][safepoint      ] Safepoint "Cleanup", Time since last: 1000120619 ns, Reaching safepoint: 8101 ns, Cleanup: 14601 ns, At safepoint: 2300 ns, Total: 25002 ns
[70.085s][info ][safepoint      ] Safepoint "Cleanup", Time since last: 1000153821 ns, Reaching safepoint: 8501 ns, Cleanup: 13601 ns, At safepoint: 2700 ns, Total: 24802 ns
[72.085s][info ][safepoint      ] Safepoint "Cleanup", Time since last: 2000215737 ns, Reaching safepoint: 7200 ns, Cleanup: 19301 ns, At safepoint: 2000 ns, Total: 28501 ns
[73.085s][info ][safepoint      ] Safepoint "Cleanup", Time since last: 1000122220 ns, Reaching safepoint: 8000 ns, Cleanup: 31102 ns, At safepoint: 2301 ns, Total: 41403 ns
[74.085s][info ][safepoint      ] Safepoint "Cleanup", Time since last: 1000118719 ns, Reaching safepoint: 8100 ns, Cleanup: 17801 ns, At safepoint: 2301 ns, Total: 28202 ns
[75.085s][info ][safepoint      ] Safepoint "Cleanup", Time since last: 1000113618 ns, Reaching safepoint: 5201 ns, Cleanup: 64504 ns, At safepoint: 6300 ns, Total: 76005 ns
[76.086s][info ][safepoint      ] Safepoint "Cleanup", Time since last: 1000096271 ns, Reaching safepoint: 6100 ns, Cleanup: 96307 ns, At safepoint: 2200 ns, Total: 104607 ns
[77.086s][info ][safepoint      ] Safepoint "Cleanup", Time since last: 1000112934 ns, Reaching safepoint: 8401 ns, Cleanup: 59204 ns, At safepoint: 3200 ns, Total: 70805 ns
[78.086s][info ][safepoint      ] Safepoint "Cleanup", Time since last: 1000103233 ns, Reaching safepoint: 7701 ns, Cleanup: 34502 ns, At safepoint: 2200 ns, Total: 44403 ns
[79.045s][info ][gc,start       ] GC(10) Pause Young (Allocation Failure)
[79.128s][debug][gc,phases      ] GC(10) Scavenge 83.208ms
[79.129s][debug][gc,ref         ] GC(10) ReferenceProcessor::execute queues: 4, RefProcThreadModel::Multi, marks_oops_alive: false
[79.129s][debug][gc,ref         ] GC(10) Skipped KeepAliveFinalRefsPhase of Reference Processing: no references
[79.129s][debug][gc,ref         ] GC(10) ReferenceProcessor::execute queues: 1, RefProcThreadModel::Single, marks_oops_alive: false
[79.129s][debug][gc,phases      ] GC(10) Reference Processing 0.629ms
[79.130s][debug][gc,phases      ] GC(10)   VM Weak                        Min:  0.0, Avg:  0.0, Max:  0.0, Diff:  0.0, Sum:  0.0, Workers: 4
[79.130s][debug][gc,phases      ] GC(10)     Dead                           Min: 0, Avg:  0.0, Max: 0, Diff: 0, Sum: 0, Workers: 4
[79.130s][debug][gc,phases      ] GC(10)     Total                          Min: 0, Avg: 213.8, Max: 448, Diff: 448, Sum: 855, Workers: 4
[79.130s][debug][gc,phases      ] GC(10)   ObjectSynchronizer Weak        Min:  0.0, Avg:  0.0, Max:  0.0, Diff:  0.0, Sum:  0.0, Workers: 4
[79.130s][debug][gc,phases      ] GC(10)     Dead                           Min: 0, Avg:  0.0, Max: 0, Diff: 0, Sum: 0, Workers: 4
[79.130s][debug][gc,phases      ] GC(10)     Total                          Min: 0, Avg:  1.0, Max: 4, Diff: 4, Sum: 4, Workers: 4
[79.130s][debug][gc,phases      ] GC(10)   JVMTI Tag Weak OopStorage      Min:  0.0, Avg:  0.0, Max:  0.0, Diff:  0.0, Sum:  0.0, Workers: 4
[79.130s][debug][gc,phases      ] GC(10)     Dead                           Min: 0, Avg:  0.0, Max: 0, Diff: 0, Sum: 0, Workers: 4
[79.130s][debug][gc,phases      ] GC(10)     Total                          Min: 0, Avg:  0.0, Max: 0, Diff: 0, Sum: 0, Workers: 4
[79.130s][debug][gc,phases      ] GC(10)   StringTable Weak               Min:  0.2, Avg:  0.5, Max:  0.6, Diff:  0.4, Sum:  2.0, Workers: 4
[79.130s][debug][gc,phases      ] GC(10)     Dead                           Min: 0, Avg:  0.5, Max: 1, Diff: 1, Sum: 2, Workers: 4
[79.130s][debug][gc,phases      ] GC(10)     Total                          Min: 4864, Avg: 10917.2, Max: 15061, Diff: 10197, Sum: 43669, Workers: 4
[79.130s][debug][gc,phases      ] GC(10)   ResolvedMethodTable Weak       Min:  0.2, Avg:  0.2, Max:  0.2, Diff:  0.0, Sum:  0.6, Workers: 4
[79.130s][debug][gc,phases      ] GC(10)     Dead                           Min: 2, Avg:  9.2, Max: 16, Diff: 14, Sum: 37, Workers: 4
[79.130s][debug][gc,phases      ] GC(10)     Total                          Min: 3277, Avg: 3360.8, Max: 3469, Diff: 192, Sum: 13443, Workers: 4
[79.130s][debug][gc,phases      ] GC(10)   JNI Weak                       Min:  0.0, Avg:  0.0, Max:  0.0, Diff:  0.0, Sum:  0.0, Workers: 4
[79.130s][debug][gc,phases      ] GC(10)     Dead                           Min: 0, Avg:  0.0, Max: 0, Diff: 0, Sum: 0, Workers: 4
[79.130s][debug][gc,phases      ] GC(10)     Total                          Min: 0, Avg: 13.0, Max: 52, Diff: 52, Sum: 52, Workers: 4
[79.130s][debug][gc,phases      ] GC(10)   StringDedup Table Weak         Min:  0.0, Avg:  0.0, Max:  0.0, Diff:  0.0, Sum:  0.0, Workers: 4
[79.130s][debug][gc,phases      ] GC(10)     Dead                           Min: 0, Avg:  0.0, Max: 0, Diff: 0, Sum: 0, Workers: 4
[79.130s][debug][gc,phases      ] GC(10)     Total                          Min: 0, Avg:  0.0, Max: 0, Diff: 0, Sum: 0, Workers: 4
[79.130s][debug][gc,phases      ] GC(10)   StringDedup Requests0 Weak     Min:  0.0, Avg:  0.0, Max:  0.0, Diff:  0.0, Sum:  0.0, Workers: 4
[79.130s][debug][gc,phases      ] GC(10)     Dead                           Min: 0, Avg:  0.0, Max: 0, Diff: 0, Sum: 0, Workers: 4
[79.130s][debug][gc,phases      ] GC(10)     Total                          Min: 0, Avg:  0.0, Max: 0, Diff: 0, Sum: 0, Workers: 4
[79.130s][debug][gc,phases      ] GC(10)   StringDedup Requests1 Weak     Min:  0.0, Avg:  0.0, Max:  0.0, Diff:  0.0, Sum:  0.0, Workers: 4
[79.130s][debug][gc,phases      ] GC(10)     Dead                           Min: 0, Avg:  0.0, Max: 0, Diff: 0, Sum: 0, Workers: 4
[79.130s][debug][gc,phases      ] GC(10)     Total                          Min: 0, Avg:  0.0, Max: 0, Diff: 0, Sum: 0, Workers: 4
[79.130s][debug][gc,phases      ] GC(10)   Weak JFR Old Object Samples    Min:  0.0, Avg:  0.0, Max:  0.0, Diff:  0.0, Sum:  0.0, Workers: 4
[79.130s][debug][gc,phases      ] GC(10)     Dead                           Min: 0, Avg:  0.0, Max: 0, Diff: 0, Sum: 0, Workers: 4
[79.130s][debug][gc,phases      ] GC(10)     Total                          Min: 0, Avg:  0.0, Max: 0, Diff: 0, Sum: 0, Workers: 4
[79.130s][debug][gc,phases      ] GC(10) Weak Processing 1.142ms
[79.130s][debug][gc,age         ] GC(10) Desired survivor size 261095424 bytes, new threshold 4 (max threshold 15)
[79.130s][info ][gc,heap        ] GC(10) PSYoungGen: 1780412K(1807872K)->155131K(1841152K) Eden: 1585152K(1585152K)->0K(1585152K) From: 195260K(222720K)->155131K(256000K)
[79.130s][info ][gc,heap        ] GC(10) ParOldGen: 6437K(6656K)->60535K(60928K)
[79.130s][info ][gc,metaspace   ] GC(10) Metaspace: 98610K(99776K)->98610K(99776K) NonClass: 83632K(84288K)->83632K(84288K) Class: 14978K(15488K)->14978K(15488K)
[79.130s][info ][gc             ] GC(10) Pause Young (Allocation Failure) 1744M->210M(1857M) 85.140ms
[79.130s][info ][gc,cpu         ] GC(10) User=0.28s Sys=0.03s Real=0.08s
[79.130s][info ][safepoint      ] Safepoint "ParallelGCFailedAllocation", Time since last: 959000854 ns, Reaching safepoint: 85906 ns, Cleanup: 36802 ns, At safepoint: 85231164 ns, Total: 85353872 ns
[80.130s][info ][safepoint      ] Safepoint "Cleanup", Time since last: 1000090133 ns, Reaching safepoint: 6800 ns, Cleanup: 20402 ns, At safepoint: 2300 ns, Total: 29502 ns
[81.131s][info ][safepoint      ] Safepoint "Cleanup", Time since last: 1000107433 ns, Reaching safepoint: 7601 ns, Cleanup: 33002 ns, At safepoint: 2500 ns, Total: 43103 ns
[82.615s][info ][safepoint      ] Safepoint "Cleanup", Time since last: 1483865449 ns, Reaching safepoint: 8700 ns, Cleanup: 136110 ns, At safepoint: 3700 ns, Total: 148510 ns
[83.615s][info ][safepoint      ] Safepoint "Cleanup", Time since last: 1000133090 ns, Reaching safepoint: 9400 ns, Cleanup: 12201 ns, At safepoint: 2900 ns, Total: 24501 ns
[87.615s][info ][safepoint      ] Safepoint "Cleanup", Time since last: 4000452972 ns, Reaching safepoint: 5900 ns, Cleanup: 9501 ns, At safepoint: 2000 ns, Total: 17401 ns
[89.615s][info ][safepoint      ] Safepoint "Cleanup", Time since last: 2000214685 ns, Reaching safepoint: 7601 ns, Cleanup: 10901 ns, At safepoint: 2200 ns, Total: 20702 ns
[92.616s][info ][safepoint      ] Safepoint "Cleanup", Time since last: 3000312834 ns, Reaching safepoint: 7700 ns, Cleanup: 14201 ns, At safepoint: 2200 ns, Total: 24101 ns
[99.616s][info ][safepoint      ] Safepoint "Cleanup", Time since last: 7000654864 ns, Reaching safepoint: 7901 ns, Cleanup: 14501 ns, At safepoint: 3000 ns, Total: 25402 ns
[103.617s][info ][safepoint      ] Safepoint "Cleanup", Time since last: 4000417618 ns, Reaching safepoint: 6700 ns, Cleanup: 10901 ns, At safepoint: 2200 ns, Total: 19801 ns
[104.617s][info ][safepoint      ] Safepoint "Cleanup", Time since last: 1000151658 ns, Reaching safepoint: 7900 ns, Cleanup: 13901 ns, At safepoint: 2500 ns, Total: 24301 ns
[113.618s][info ][safepoint      ] Safepoint "Cleanup", Time since last: 9000929268 ns, Reaching safepoint: 7401 ns, Cleanup: 13901 ns, At safepoint: 2300 ns, Total: 23602 ns
[116.618s][info ][safepoint      ] Safepoint "Cleanup", Time since last: 3000317737 ns, Reaching safepoint: 7201 ns, Cleanup: 11401 ns, At safepoint: 2200 ns, Total: 20802 ns
[127.103s][info ][safepoint      ] Safepoint "Cleanup", Time since last: 10484617160 ns, Reaching safepoint: 7301 ns, Cleanup: 17201 ns, At safepoint: 3100 ns, Total: 27602 ns
[131.103s][info ][safepoint      ] Safepoint "Cleanup", Time since last: 4000474747 ns, Reaching safepoint: 8101 ns, Cleanup: 12300 ns, At safepoint: 2601 ns, Total: 23002 ns
[132.104s][info ][safepoint      ] Safepoint "Cleanup", Time since last: 1000167278 ns, Reaching safepoint: 8001 ns, Cleanup: 11701 ns, At safepoint: 2700 ns, Total: 22402 ns
[142.105s][info ][safepoint      ] Safepoint "Cleanup", Time since last: 10001011261 ns, Reaching safepoint: 7601 ns, Cleanup: 50603 ns, At safepoint: 2101 ns, Total: 60305 ns
[190.109s][info ][safepoint      ] Safepoint "Cleanup", Time since last: 48004193473 ns, Reaching safepoint: 7400 ns, Cleanup: 11301 ns, At safepoint: 2300 ns, Total: 21001 ns
[201.723s][info ][safepoint      ] Safepoint "Cleanup", Time since last: 11614512608 ns, Reaching safepoint: 3300 ns, Cleanup: 31903 ns, At safepoint: 5000 ns, Total: 40203 ns
[201.750s][info ][safepoint      ] Safepoint "JFRCheckpoint", Time since last: 26415245 ns, Reaching safepoint: 84007 ns, Cleanup: 27702 ns, At safepoint: 19602 ns, Total: 131311 ns
[201.753s][info ][gc,heap,exit   ] Heap
[201.753s][info ][gc,heap,exit   ]  PSYoungGen      total 1841152K, used 413089K [0x0000000780000000, 0x0000000800000000, 0x0000000800000000)
[201.753s][info ][gc,heap,exit   ]   eden space 1585152K, 16% used [0x0000000780000000,0x000000078fbe97c0,0x00000007e0c00000)
[201.753s][info ][gc,heap,exit   ]   from space 256000K, 60% used [0x00000007e0c00000,0x00000007ea37eec8,0x00000007f0600000)
[201.753s][info ][gc,heap,exit   ]   to   space 254976K, 0% used [0x00000007f0700000,0x00000007f0700000,0x0000000800000000)
[201.753s][info ][gc,heap,exit   ]  ParOldGen       total 60928K, used 60535K [0x00000006c0000000, 0x00000006c3b80000, 0x0000000780000000)
[201.753s][info ][gc,heap,exit   ]   object space 60928K, 99% used [0x00000006c0000000,0x00000006c3b1df88,0x00000006c3b80000)
[201.753s][info ][gc,heap,exit   ]  Metaspace       used 99166K, committed 100352K, reserved 1179648K
[201.753s][info ][gc,heap,exit   ]   class space    used 15042K, committed 15552K, reserved 1048576K
